Archive member included to satisfy reference by file (symbol)

/yuneta/development/outputs_static/lib/libtimeranger2.a(timeranger2.c.o)
                              CMakeFiles/test_tr_queue1.dir/test_tr_queue1.c.o (tranger2_startup)
/yuneta/development/outputs_static/lib/libtimeranger2.a(tr_queue.c.o)
                              CMakeFiles/test_tr_queue1.dir/test_tr_queue1.c.o (trq_open)
/yuneta/development/outputs_static/lib/libtimeranger2.a(fs_watcher.c.o)
                              /yuneta/development/outputs_static/lib/libtimeranger2.a(timeranger2.c.o) (fs_create_watcher_event)
/yuneta/development/outputs_static/lib/libyev_loop.a(yev_loop.c.o)
                              CMakeFiles/test_tr_queue1.dir/test_tr_queue1.c.o (yev_loop_create)
/yuneta/development/outputs_static/lib/libyunetas-gobj.a(gobj.c.o)
                              CMakeFiles/test_tr_queue1.dir/test_tr_queue1.c.o (gobj_start_up)
/yuneta/development/outputs_static/lib/libyunetas-gobj.a(glog.c.o)
                              /yuneta/development/outputs_static/lib/libyunetas-gobj.a(gobj.c.o) (glog_init)
/yuneta/development/outputs_static/lib/libyunetas-gobj.a(log_udp_handler.c.o)
                              /yuneta/development/outputs_static/lib/libyunetas-gobj.a(glog.c.o) (udpc_close)
/yuneta/development/outputs_static/lib/libyunetas-gobj.a(helpers.c.o)
                              /yuneta/development/outputs_static/lib/libtimeranger2.a(timeranger2.c.o) (newfile)
/yuneta/development/outputs_static/lib/libyunetas-gobj.a(kwid.c.o)
                              /yuneta/development/outputs_static/lib/libyunetas-gobj.a(gobj.c.o) (kw_add_binary_type)
/yuneta/development/outputs_static/lib/libyunetas-gobj.a(gbuffer.c.o)
                              /yuneta/development/outputs_static/lib/libtimeranger2.a(timeranger2.c.o) (gbuffer_create)
/yuneta/development/outputs_static/lib/libyunetas-gobj.a(command_parser.c.o)
                              /yuneta/development/outputs_static/lib/libyunetas-gobj.a(gobj.c.o) (build_command_response)
/yuneta/development/outputs_static/lib/libyunetas-gobj.a(stats_parser.c.o)
                              /yuneta/development/outputs_static/lib/libyunetas-gobj.a(gobj.c.o) (build_stats_response)
/yuneta/development/outputs_static/lib/libyunetas-gobj.a(testing.c.o)
                              /yuneta/development/outputs_static/lib/libyev_loop.a(yev_loop.c.o) (yev_time_measure)
/yuneta/development/outputs_static/lib/libyunetas-gobj.a(json_config.c.o)
                              /yuneta/development/outputs_static/lib/libyunetas-gobj.a(gobj.c.o) (json_config)
/yuneta/development/outputs_static/lib/libyunetas-gobj.a(json_replace_vars.c.o)
                              /yuneta/development/outputs_static/lib/libyunetas-gobj.a(gobj.c.o) (json_replace_var)
/yuneta/development/outputs_static/lib/libyunetas-gobj.a(rotatory.c.o)
                              /yuneta/development/outputs_static/lib/libyunetas-gobj.a(glog.c.o) (rotatory_close)
/yuneta/development/outputs_static/lib/libyunetas-gobj.a(00_http_parser.c.o)
                              /yuneta/development/outputs_static/lib/libyunetas-gobj.a(helpers.c.o) (http_parser_execute)
/yuneta/development/outputs_ext_static/lib/libjansson.a(dump.c.o)
                              /yuneta/development/outputs_static/lib/libyunetas-gobj.a(gbuffer.c.o) (json_dump_callback)
/yuneta/development/outputs_ext_static/lib/libjansson.a(hashtable.c.o)
                              /yuneta/development/outputs_ext_static/lib/libjansson.a(dump.c.o) (hashtable_init)
/yuneta/development/outputs_ext_static/lib/libjansson.a(hashtable_seed.c.o)
                              /yuneta/development/outputs_ext_static/lib/libjansson.a(hashtable.c.o) (hashtable_seed)
/yuneta/development/outputs_ext_static/lib/libjansson.a(load.c.o)
                              /yuneta/development/outputs_static/lib/libyunetas-gobj.a(helpers.c.o) (json_loads)
/yuneta/development/outputs_ext_static/lib/libjansson.a(memory.c.o)
                              /yuneta/development/outputs_ext_static/lib/libjansson.a(dump.c.o) (jsonp_malloc)
/yuneta/development/outputs_ext_static/lib/libjansson.a(pack_unpack.c.o)
                              CMakeFiles/test_tr_queue1.dir/test_tr_queue1.c.o (json_pack)
/yuneta/development/outputs_ext_static/lib/libjansson.a(strbuffer.c.o)
                              /yuneta/development/outputs_ext_static/lib/libjansson.a(dump.c.o) (strbuffer_init)
/yuneta/development/outputs_ext_static/lib/libjansson.a(strconv.c.o)
                              /yuneta/development/outputs_ext_static/lib/libjansson.a(load.c.o) (jsonp_strtod)
/yuneta/development/outputs_ext_static/lib/libjansson.a(utf.c.o)
                              /yuneta/development/outputs_ext_static/lib/libjansson.a(load.c.o) (utf8_encode)
/yuneta/development/outputs_ext_static/lib/libjansson.a(value.c.o)
                              /yuneta/development/outputs_static/lib/libtimeranger2.a(timeranger2.c.o) (json_object)
[...]
Memory Configuration

Name             Origin             Length             Attributes
*default*        0x0000000000000000 0xffffffffffffffff

Linker script and memory map

LOAD /usr/lib/x86_64-linux-musl/Scrt1.o
LOAD /usr/lib/x86_64-linux-musl/crti.o
LOAD /usr/lib/gcc/x86_64-linux-gnu/13/crtbeginS.o
LOAD CMakeFiles/test_tr_queue1.dir/test_tr_queue1.c.o
LOAD /yuneta/development/outputs_static/lib/libyunetas-core-linux.a
LOAD /yuneta/development/outputs_ext_static/lib/libargp-standalone.a
LOAD /yuneta/development/outputs_static/lib/libtimeranger2.a
LOAD /yuneta/development/outputs_static/lib/libyev_loop.a
LOAD /yuneta/development/outputs_static/lib/libytls.a
LOAD /yuneta/development/outputs_static/lib/libyunetas-gobj.a
LOAD /yuneta/development/outputs_ext_static/lib/libjansson.a
LOAD /yuneta/development/outputs_ext_static/lib/liburing.a
LOAD /yuneta/development/outputs_ext_static/lib/libpcre2-8.a
LOAD /yuneta/development/outputs_ext_static/lib/libpcre2-8.a
LOAD /yuneta/development/outputs_ext_static/lib/libjwt.a
LOAD /yuneta/development/outputs_ext_static/lib/libssl.a
LOAD /yuneta/development/outputs_ext_static/lib/libcrypto.a
LOAD /usr/lib/x86_64-linux-musl/libpthread.a
LOAD /usr/lib/x86_64-linux-musl/libdl.a
LOAD /yuneta/development/outputs_ext_static/lib/libjwt.a
LOAD /yuneta/development/outputs_ext_static/lib/libmbedtls.a
LOAD /yuneta/development/outputs_ext_static/lib/libmbedx509.a
LOAD /yuneta/development/outputs_ext_static/lib/libmbedcrypto.a
LOAD /yuneta/development/outputs_ext_static/lib/libbacktrace.a
LOAD /yuneta/development/outputs_ext_static/lib/libssl.a
LOAD /yuneta/development/outputs_ext_static/lib/libcrypto.a
LOAD /usr/lib/x86_64-linux-musl/libpthread.a
LOAD /usr/lib/x86_64-linux-musl/libdl.a
LOAD /yuneta/development/outputs_ext_static/lib/libmbedtls.a
LOAD /yuneta/development/outputs_ext_static/lib/libmbedx509.a
LOAD /yuneta/development/outputs_ext_static/lib/libmbedcrypto.a
LOAD /yuneta/development/outputs_ext_static/lib/libbacktrace.a
START GROUP
LOAD /usr/lib/gcc/x86_64-linux-gnu/13/libgcc.a
LOAD /usr/lib/gcc/x86_64-linux-gnu/13/libgcc_eh.a
LOAD /usr/lib/x86_64-linux-musl/libc.a
END GROUP
LOAD /usr/lib/gcc/x86_64-linux-gnu/13/crtendS.o
LOAD /usr/lib/x86_64-linux-musl/crtn.o
                [!provide]                        PROVIDE (__executable_start = SEGMENT_START ("text-segment", 0x400000))
                0x0000000000400190                . = (SEGMENT_START ("text-segment", 0x400000) + SIZEOF_HEADERS)

.interp
 *(.interp)

.note.gnu.build-id
 *(.note.gnu.build-id)

.hash
 *(.hash)

.gnu.hash
 *(.gnu.hash)

.dynsym
 *(.dynsym)

.dynstr
 *(.dynstr)

.gnu.version
 *(.gnu.version)

.gnu.version_d
 *(.gnu.version_d)

.gnu.version_r
 *(.gnu.version_r)

.rela.dyn       0x0000000000400190        0x0
 *(.rela.init)
 *(.rela.text .rela.text.* .rela.gnu.linkonce.t.*)
 .rela.text     0x0000000000400190        0x0 /usr/lib/x86_64-linux-musl/Scrt1.o
 *(.rela.fini)
 *(.rela.rodata .rela.rodata.* .rela.gnu.linkonce.r.*)
 *(.rela.data .rela.data.* .rela.gnu.linkonce.d.*)
 .rela.data.rel
                0x0000000000400190        0x0 /usr/lib/x86_64-linux-musl/Scrt1.o
 .rela.data.rel.ro.local.atfork_locks
                0x0000000000400190        0x0 /usr/lib/x86_64-linux-musl/Scrt1.o
 *(.rela.tdata .rela.tdata.* .rela.gnu.linkonce.td.*)
 *(.rela.tbss .rela.tbss.* .rela.gnu.linkonce.tb.*)
 *(.rela.ctors)
 *(.rela.dtors)
 *(.rela.got)
 .rela.got      0x0000000000400190        0x0 /usr/lib/x86_64-linux-musl/Scrt1.o
 *(.rela.bss .rela.bss.* .rela.gnu.linkonce.b.*)
 *(.rela.ldata .rela.ldata.* .rela.gnu.linkonce.l.*)
 *(.rela.lbss .rela.lbss.* .rela.gnu.linkonce.lb.*)
 *(.rela.lrodata .rela.lrodata.* .rela.gnu.linkonce.lr.*)
 *(.rela.ifunc)

.rela.plt       0x0000000000400190        0x0
 *(.rela.plt)
                [!provide]                        PROVIDE (__rela_iplt_start = .)
 *(.rela.iplt)
 .rela.iplt     0x0000000000400190        0x0 /usr/lib/x86_64-linux-musl/Scrt1.o
                [!provide]                        PROVIDE (__rela_iplt_end = .)

.relr.dyn
 *(.relr.dyn)
                0x0000000000401000                . = ALIGN (CONSTANT (MAXPAGESIZE))

.init           0x0000000000401000        0x3
 *(SORT_NONE(.init))
 .init          0x0000000000401000        0x1 /usr/lib/x86_64-linux-musl/crti.o
                0x0000000000401000                _init
 .init          0x0000000000401001        0x2 /usr/lib/x86_64-linux-musl/crtn.o

.plt            0x0000000000401003        0x0
 *(.plt)
 *(.iplt)
 .iplt          0x0000000000401003        0x0 /usr/lib/x86_64-linux-musl/Scrt1.o

.plt.got
 *(.plt.got)

.plt.sec
 *(.plt.sec)

.text           0x0000000000401010   0x112697
 *(.text.unlikely .text.*_unlikely .text.unlikely.*)
 .text.unlikely
                0x0000000000401010        0x9 /yuneta/development/outputs_ext_static/lib/libjansson.a(dump.c.o)
 .text.unlikely
                0x0000000000401019        0x8 /yuneta/development/outputs_ext_static/lib/libjansson.a(value.c.o)
 .text.unlikely.
                0x0000000000401021      0x28a /yuneta/development/outputs_ext_static/lib/liburing.a(setup.ol)
                0x0000000000401021                io_uring_queue_mmap
                0x0000000000401051                io_uring_ring_dontfork
                0x00000000004010cf                io_uring_queue_init
                0x000000000040110e                io_uring_queue_exit
                0x0000000000401171                io_uring_get_probe_ring
                0x00000000004011c2                io_uring_get_probe
                0x0000000000401207                io_uring_free_probe
                0x000000000040120c                io_uring_mlock_size_params
                0x000000000040126e                io_uring_mlock_size
 .text.unlikely
                0x00000000004012ab        0xf /yuneta/development/outputs_ext_static/lib/libpcre2-8.a(pcre2_jit_compile.c.o)
 .text.unlikely.tre_add_tags
                0x00000000004012ba        0xd /usr/lib/x86_64-linux-musl/libc.a(regcomp.lo)
 *(.text.exit .text.exit.*)
 *fill*         0x00000000004012c7        0x9 
 .text.exit     0x00000000004012d0       0x1f /usr/lib/x86_64-linux-musl/libc.a(exit.lo)
                0x00000000004012d0                exit
 *(.text.startup .text.startup.*)
 *(.text.hot .text.hot.*)
 *(SORT_BY_NAME(.text.sorted.*))
 *(.text .stub .text.* .gnu.linkonce.t.*)
 .text          0x00000000004012ef       0x16 /usr/lib/x86_64-linux-musl/Scrt1.o
                0x00000000004012ef                _start
 *fill*         0x0000000000401305        0xb 
 .text._start_c
                0x0000000000401310       0x27 /usr/lib/x86_64-linux-musl/Scrt1.o
                0x0000000000401310                _start_c
 .text          0x0000000000401337        0x0 /usr/lib/x86_64-linux-musl/crti.o
 *fill*         0x0000000000401337        0x9 
 .text          0x0000000000401340       0xb9 /usr/lib/gcc/x86_64-linux-gnu/13/crtbeginS.o
 .text          0x00000000004013f9      0x816 CMakeFiles/test_tr_queue1.dir/test_tr_queue1.c.o
                0x0000000000401739                do_test
                0x0000000000401940                main
 .text          0x0000000000401c0f    0x14570 /yuneta/development/outputs_static/lib/libtimeranger2.a(timeranger2.c.o)
                0x0000000000401eb6                tranger2_startup
                0x0000000000402807                tranger2_stop
                0x00000000004029e3                tranger2_shutdown
                0x0000000000402b15                tranger2_str2system_flag
                0x0000000000402bb1                tranger2_create_topic
                0x00000000004049f2                tranger2_open_topic
                0x0000000000404f78                tranger2_topic
                0x0000000000405067                tranger2_list_topics
                0x000000000040514f                tranger2_list_keys
                0x00000000004051fc                tranger2_topic_size
                0x00000000004052d0                tranger2_topic_key_size
                0x0000000000405368                tranger2_topic_name
                0x000000000040539b                tranger2_close_topic
                0x000000000040562e                tranger2_delete_topic
                0x0000000000405779                tranger2_backup_topic
                0x000000000040610b                tranger2_write_topic_var
                0x000000000040661b                tranger2_write_topic_cols
                0x0000000000406af3                tranger2_topic_desc
                0x0000000000406be0                tranger2_list_topic_desc_cols
                0x0000000000406c57                tranger2_dict_topic_desc_cols
                0x000000000040824a                tranger2_append_record
                0x0000000000409c2f                tranger2_delete_record
                0x000000000040a620                tranger2_write_user_flag
                0x000000000040a7db                tranger2_set_user_flag
                0x000000000040a9ce                tranger2_read_user_flag
                0x000000000040ab51                tranger2_open_rt_mem
                0x000000000040b4cf                tranger2_close_rt_mem
                0x000000000040b793                tranger2_get_rt_mem_by_id
                0x000000000040b96a                tranger2_open_rt_disk
                0x000000000040c501                tranger2_close_rt_disk
                0x000000000040c9eb                tranger2_get_rt_disk_by_id
                0x000000000040ff98                tranger2_open_iterator
                0x0000000000410b80                tranger2_close_iterator
                0x0000000000410dc7                tranger2_get_iterator_by_id
                0x0000000000410f7d                tranger2_iterator_size
                0x0000000000411036                tranger2_iterator_get_page
                0x0000000000413397                tranger2_iterator_find
                0x00000000004133be                tranger2_iterator_first
                0x00000000004133e1                tranger2_iterator_next
                0x0000000000413404                tranger2_iterator_prev
                0x0000000000413427                tranger2_iterator_last
                0x0000000000413bf4                tranger2_read_record_content
                0x0000000000414337                tranger2_open_list
                0x0000000000415201                tranger2_close_list
                0x00000000004153eb                tranger2_close_all_lists
                0x0000000000415a2b                tranger2_print_md0_record
                0x0000000000415c9a                tranger2_print_md1_record
                0x0000000000415f27                tranger2_print_md2_record
                0x00000000004160b2                tranger2_print_record_filename
                0x0000000000416148                tranger2_set_trace_level
 .text          0x000000000041617f     0x11cd /yuneta/development/outputs_static/lib/libtimeranger2.a(tr_queue.c.o)
                0x0000000000416274                trq_open
                0x0000000000416466                trq_close
                0x00000000004164ad                trq_set_first_rowid
                0x0000000000416874                trq_load
                0x0000000000416b14                trq_load_all
                0x0000000000416c29                trq_load_all_by_time
                0x0000000000416d57                trq_append2
                0x0000000000416e52                trq_get_by_rowid
                0x0000000000416ea5                trq_check_pending_rowid
                0x0000000000416f05                trq_unload_msg
                0x0000000000416f54                trq_set_hard_flag
                0x0000000000416fcd                trq_set_soft_mark
                0x0000000000417023                trq_msg_json
                0x0000000000417101                trq_set_metadata
                0x0000000000417146                trq_get_metadata
                0x0000000000417180                trq_answer
                0x0000000000417261                trq_check_backup
 .text          0x000000000041734c     0x1914 /yuneta/development/outputs_static/lib/libtimeranger2.a(fs_watcher.c.o)
                0x000000000041739f                fs_create_watcher_event
                0x00000000004177ff                fs_start_watcher_event
                0x000000000041782f                fs_stop_watcher_event
 .text          0x0000000000418c60     0x761b /yuneta/development/outputs_static/lib/libyev_loop.a(yev_loop.c.o)
                0x00000000004193c4                yev_loop_create
                0x00000000004196f7                yev_loop_destroy
                0x000000000041a67d                yev_loop_run
                0x000000000041ac44                yev_loop_run_once
                0x000000000041af38                yev_loop_stop
                0x000000000041b029                yev_loop_reset_running
                0x000000000041b046                yev_protocol_set_protocol_fill_hints_fn
                0x000000000041b3fa                yev_get_state_name
                0x000000000041b461                yev_set_gbuffer
                0x000000000041b57f                yev_get_gbuf
                0x000000000041b595                yev_get_fd
                0x000000000041b5aa                yev_set_fd
                0x000000000041b5c6                yev_set_flag
                0x000000000041b60d                yev_get_type
                0x000000000041b626                yev_get_callback
                0x000000000041b63c                yev_get_loop
                0x000000000041b651                yev_get_flag
                0x000000000041b66a                yev_get_state
                0x000000000041b683                yev_get_result
                0x000000000041b698                yev_get_dup_idx
                0x000000000041b6ad                yev_get_gobj
                0x000000000041b6c3                yev_get_yuno
                0x000000000041b6dc                yev_set_user_data
                0x000000000041b6ff                yev_get_user_data
                0x000000000041b71d                yev_start_event
                0x000000000041c61b                yev_start_timer_event
                0x000000000041cd4d                yev_stop_event
                0x000000000041d2c0                yev_event_is_stopped
                0x000000000041d2de                yev_event_is_stopping
                0x000000000041d2fc                yev_event_is_running
                0x000000000041d31a                yev_event_is_idle
                0x000000000041d338                yev_destroy_event
                0x000000000041d85b                yev_create_timer_event
                0x000000000041d9f6                yev_create_connect_event
                0x000000000041dbbd                yev_rearm_connect_event
                0x000000000041e753                get_net_core_somaxconn
                0x000000000041e7cd                yev_create_accept_event
                0x000000000041f2de                yev_dup_accept_event
                0x000000000041f4f6                yev_dup2_accept_event
                0x000000000041f6dd                yev_create_poll_event
                0x000000000041f887                yev_create_read_event
                0x000000000041fa32                yev_create_write_event
                0x000000000041fcef                yev_event_type_name
                0x000000000041fd51                set_tcp_socket_options
                0x000000000041fe78                is_tcp_socket
                0x000000000041fed1                is_udp_socket
                0x0000000000420015                get_peername
                0x00000000004200ab                get_sockname
                0x0000000000420141                yev_flag_strings
                0x0000000000420150                set_nonblocking
 .text          0x000000000042027b    0x1efe3 /yuneta/development/outputs_static/lib/libyunetas-gobj.a(gobj.c.o)
                0x00000000004205e8                gobj_start_up
                0x000000000042084e                gobj_setup_memory
                0x0000000000420894                gobj_shutdown
                0x0000000000420920                gobj_is_shutdowning
                0x0000000000420930                gobj_set_exit_code
                0x0000000000420947                gobj_get_exit_code
                0x0000000000420957                gobj_end
                0x0000000000420c4e                gclass_create
                0x00000000004210df                gclass_add_state
                0x0000000000421335                gclass_add_ev_action
                0x0000000000421636                gclass_add_event_type
                0x0000000000421671                gclass_find_event
                0x0000000000421792                gclass_find_public_event
                0x00000000004217d4                gclass_unregister
                0x000000000042196b                gclass_gclass_name
                0x0000000000421997                gclass_has_attr
                0x00000000004219f3                gclass_gclass_register
                0x0000000000421a9d                gclass_find_by_name
                0x0000000000421c1d                gclass_find_event_type
                0x0000000000421c92                gclass_check_fsm
                0x00000000004220aa                gobj_service_register
                0x00000000004221b0                gobj_create2
                0x0000000000423640                gobj_create_yuno
                0x0000000000423679                gobj_create_service
                0x00000000004236b5                gobj_create_default_service
                0x00000000004236f1                gobj_create_volatil
                0x000000000042372d                gobj_create_pure_child
                0x0000000000423769                gobj_create
                0x0000000000424a8b                gobj_service_factory
                0x0000000000425096                gobj_create_tree
                0x00000000004251ac                gobj_destroy
                0x0000000000425c48                gobj_destroy_children
                0x0000000000426866                gobj_load_persistent_attrs
                0x0000000000426aaa                gobj_save_persistent_attrs
                0x0000000000426cee                gobj_remove_persistent_attrs
                0x0000000000426e03                gobj_list_persistent_attrs
                0x0000000000427db3                gobj_hsdata
                0x0000000000427de2                gclass_authz_desc
                0x0000000000427e03                gclass_attr_desc
                0x0000000000427f56                gobj_attr_desc
                0x0000000000428006                gobj_attr_type
                0x000000000042804c                gobj_has_attr
                0x00000000004280b4                gobj_is_readable_attr
                0x0000000000428109                gobj_is_writable_attr
                0x000000000042815c                gobj_reset_volatil_attrs
                0x0000000000428184                gobj_reset_rstats_attrs
                0x00000000004281ac                gobj_read_attr
                0x0000000000428285                gobj_read_attrs
                0x000000000042832b                gobj_read_user_data
                0x00000000004283cf                gobj_write_attr
                0x0000000000428571                gobj_write_attrs
                0x000000000042873a                gobj_write_user_data
                0x00000000004287c9                gobj_hsdata2
                0x0000000000428921                gobj_has_bottom_attr
                0x0000000000428995                gobj_read_str_attr
                0x0000000000428b03                gobj_read_bool_attr
                0x0000000000428cf8                gobj_read_integer_attr
                0x0000000000428e68                gobj_read_real_attr
                0x0000000000428fb5                gobj_read_json_attr
                0x00000000004290ea                gobj_read_pointer_attr
                0x000000000042922b                gobj_write_str_attr
                0x0000000000429371                gobj_write_strn_attr
                0x0000000000429591                gobj_write_bool_attr
                0x00000000004296ca                gobj_write_integer_attr
                0x0000000000429801                gobj_write_real_attr
                0x000000000042993b                gobj_write_json_attr
                0x0000000000429b2b                gobj_write_new_json_attr
                0x0000000000429d23                gobj_write_pointer_attr
                0x000000000042a0b6                gobj_local_method
                0x000000000042a241                gobj_start
                0x000000000042a5d3                gobj_start_children
                0x000000000042a6d3                gobj_start_tree
                0x000000000042a7e8                gobj_stop
                0x000000000042aaa3                gobj_stop_children
                0x000000000042ab98                gobj_stop_tree
                0x000000000042acda                gobj_play
                0x000000000042b069                gobj_pause
                0x000000000042b284                gobj_disable
                0x000000000042b3ad                gobj_enable
                0x000000000042b4e9                gobj_autostart_services
                0x000000000042b5d1                gobj_autoplay_services
                0x000000000042b693                gobj_pause_autoplay_services
                0x000000000042b7d9                gobj_stop_autostart_services
                0x000000000042b91f                gobj_command
                0x000000000042bbe0                gobj_stats
                0x000000000042bd6d                gobj_set_bottom_gobj
                0x000000000042bf97                gobj_last_bottom_gobj
                0x000000000042bfdb                gobj_bottom_gobj
                0x000000000042c00a                gobj_services
                0x000000000042c0b3                gobj_default_service
                0x000000000042c0c4                gobj_find_service
                0x000000000042c2c0                gobj_find_service_by_gclass
                0x000000000042c422                gobj_find_gobj
                0x000000000042c4b2                gobj_first_child
                0x000000000042c535                gobj_last_child
                0x000000000042c5b8                gobj_next_child
                0x000000000042c637                gobj_prev_child
                0x000000000042c6b6                gobj_child_by_name
                0x000000000042c806                gobj_child_by_index
                0x000000000042c8cc                gobj_child_size
                0x000000000042c8f6                gobj_child_size2
                0x000000000042ca39                gobj_match_gobj
                0x000000000042d549                gobj_find_child
                0x000000000042d904                gobj_match_children
                0x000000000042db3d                gobj_match_children_tree
                0x000000000042dd76                gobj_free_iter
                0x000000000042df89                gobj_search_path
                0x000000000042e188                gobj_walk_gobj_children
                0x000000000042e232                gobj_walk_gobj_children_tree
                0x000000000042e614                gobj_yuno
                0x000000000042e649                gobj_yuno_name
                0x000000000042e67a                gobj_yuno_role
                0x000000000042e6b0                gobj_yuno_id
                0x000000000042e6e6                gobj_yuno_tag
                0x000000000042e71c                gobj_yuno_role_plus_name
                0x000000000042e752                gobj_yuno_realm_id
                0x000000000042e788                gobj_yuno_realm_owner
                0x000000000042e7be                gobj_yuno_realm_role
                0x000000000042e7f4                gobj_yuno_realm_name
                0x000000000042e82a                gobj_yuno_realm_env
                0x000000000042e860                gobj_yuno_node_owner
                0x000000000042e896                gobj_name
                0x000000000042e8c5                gobj_gclass_name
                0x000000000042e902                gobj_gclass
                0x000000000042e92e                gobj_full_name
                0x000000000042ead3                gobj_short_name
                0x000000000042eb8e                gobj_global_variables
                0x000000000042ed26                gobj_priv_data
                0x000000000042ed3f                gobj_parent
                0x000000000042ed63                gobj_is_destroying
                0x000000000042ed9a                gobj_is_running
                0x000000000042edd9                gobj_is_playing
                0x000000000042ee18                gobj_is_service
                0x000000000042ee4f                gobj_is_disabled
                0x000000000042ee86                gobj_is_volatil
                0x000000000042eeb6                gobj_set_volatil
                0x000000000042ef02                gobj_is_pure_child
                0x000000000042ef32                gobj_is_bottom_gobj
                0x000000000042ef7d                gobj_typeof_gclass
                0x000000000042efbe                gobj_typeof_inherited_gclass
                0x000000000042f01f                get_max_system_memory
                0x000000000042f030                get_cur_system_memory
                0x000000000042f041                gclass_command_desc
                0x000000000042f194                gobj_command_desc
                0x000000000042f244                get_sdata_flag_table
                0x000000000042f253                get_sdata_flag_desc
                0x000000000042f303                get_attrs_schema
                0x000000000042fb4d                sdatadesc2json2
                0x000000000043099a                sdataauth2json
                0x0000000000430caa                gclass2json
                0x0000000000430ecb                gobj2json
                0x0000000000431710                gobj_view_tree
                0x0000000000431813                gobj_send_event
                0x000000000043212b                gobj_change_state
                0x0000000000432463                gobj_current_state
                0x00000000004324e0                gobj_in_this_state
                0x0000000000432518                gobj_has_state
                0x0000000000432564                gobj_has_event
                0x00000000004325c7                gobj_has_output_event
                0x000000000043263f                gobj_event_type
                0x00000000004327a1                gobj_event_type_by_name
                0x000000000043294e                gobj_subs_desc
                0x0000000000433543                gobj_subscribe_event
                0x000000000043406d                gobj_unsubscribe_event
                0x0000000000434619                gobj_unsubscribe_list
                0x0000000000434838                gobj_find_subscriptions
                0x0000000000434891                gobj_find_subscribings
                0x0000000000434bfc                gobj_list_subscriptions
                0x0000000000434d7f                gobj_list_subscribings
                0x0000000000434f02                gobj_publish_event
                0x0000000000435cdc                gobj_authenticate
                0x0000000000435e60                authzs_list
                0x000000000043600a                gobj_authzs
                0x000000000043602d                gobj_authz
                0x00000000004360c3                gobj_user_has_authz
                0x00000000004362be                gobj_get_global_authz_table
                0x00000000004362cd                authz_get_level_desc
                0x00000000004363e9                gobj_build_authzs_doc
                0x000000000043661b                gobj_set_stat
                0x00000000004366a3                gobj_incr_stat
                0x0000000000436733                gobj_decr_stat
                0x00000000004367c3                gobj_get_stat
                0x000000000043680d                gobj_jn_stats
                0x0000000000436826                gobj_create_resource
                0x0000000000436b4b                gobj_save_resource
                0x0000000000436f82                gobj_delete_resource
                0x00000000004373ef                gobj_list_resource
                0x0000000000437714                gobj_get_resource
                0x0000000000437a39                gobj_treedbs
                0x0000000000437bc7                gobj_treedb_topics
                0x0000000000437d5a                gobj_topic_desc
                0x0000000000437ea1                gobj_topic_links
                0x000000000043803f                gobj_topic_hooks
                0x00000000004381dd                gobj_topic_size
                0x000000000043832d                gobj_create_node
                0x000000000043865d                gobj_update_node
                0x000000000043898d                gobj_delete_node
                0x0000000000438cbd                gobj_link_nodes
                0x000000000043915f                gobj_unlink_nodes
                0x0000000000439601                gobj_get_node
                0x0000000000439a8d                gobj_list_nodes
                0x0000000000439f19                gobj_list_instances
                0x000000000043a3b0                gobj_node_parents
                0x000000000043a847                gobj_node_children
                0x000000000043ace9                gobj_topic_jtree
                0x000000000043b1c0                gobj_node_tree
                0x000000000043b4f0                gobj_shoot_snap
                0x000000000043b683                gobj_activate_snap
                0x000000000043b816                gobj_list_snaps
                0x000000000043b9a4                gobj_repr_global_trace_levels
                0x000000000043ba64                gobj_repr_gclass_trace_levels
                0x000000000043bb9e                gobj_trace_level_list
                0x000000000043bc60                gobj_get_global_trace_level
                0x000000000043bc8d                gobj_get_gclass_trace_level
                0x000000000043bcd9                gobj_get_gclass_trace_no_level
                0x000000000043bd1d                gobj_get_gobj_trace_level
                0x000000000043bd8d                gobj_get_gobj_trace_no_level
                0x000000000043bdd9                gobj_get_gclass_trace_level_list
                0x000000000043c0ca                gobj_get_gclass_trace_no_level_list
                0x000000000043c52a                gobj_get_gobj_trace_level_tree
                0x000000000043c6f3                gobj_get_gobj_trace_no_level_tree
                0x000000000043c74d                gobj_global_trace_level
                0x000000000043c76e                gobj_trace_level
                0x000000000043c973                gobj_trace_no_level
                0x000000000043cd69                gobj_set_gobj_trace
                0x000000000043d0cd                gobj_set_gclass_trace
                0x000000000043d24d                gobj_set_deep_tracing
                0x000000000043d268                gobj_get_deep_tracing
                0x000000000043d278                gobj_set_global_trace
                0x000000000043d397                gobj_set_global_no_trace
                0x000000000043d4b6                gobj_load_trace_filter
                0x000000000043d5eb                gobj_add_trace_filter
                0x000000000043d80a                gobj_remove_trace_filter
                0x000000000043dd80                gobj_get_trace_filter
                0x000000000043dda1                gobj_set_gclass_no_trace
                0x000000000043e0a3                gobj_set_trace_machine_format
                0x000000000043e0ba                tab
                0x000000000043e11b                gobj_set_gobj_no_trace
                0x000000000043e165                is_level_tracing
                0x000000000043e1f5                is_level_not_tracing
                0x000000000043e279                gobj_set_allocators
                0x000000000043e2c4                gobj_get_allocators
                0x000000000043e337                gobj_malloc_func
                0x000000000043e348                gobj_realloc_func
                0x000000000043e359                gobj_calloc_func
                0x000000000043e36a                gobj_free_func
                0x000000000043e37b                set_memory_check_list
                0x000000000043e395                print_track_mem
                0x000000000043ea7a                gobj_strndup
                0x000000000043eb28                gobj_strdup
                0x000000000043eb66                gobj_get_maximum_block
                0x000000000043eb77                dl_init
                0x000000000043ec00                dl_first
                0x000000000043ec15                dl_last
                0x000000000043ec2b                dl_next
                0x000000000043ec4f                dl_prev
                0x000000000043ed59                dl_insert
                0x000000000043ee43                dl_add
                0x000000000043ef31                dl_find
                0x000000000043ef6b                dl_delete
                0x000000000043f186                dl_flush
                0x000000000043f23a                dl_size
 .text          0x000000000043f25e     0x3f4b /yuneta/development/outputs_static/lib/libyunetas-gobj.a(glog.c.o)
                0x000000000043f341                glog_init
                0x000000000043f3ba                glog_end
                0x000000000043f413                gobj_log_register_handler
                0x000000000043f4f7                gobj_log_exist_handler
                0x000000000043f586                gobj_log_add_handler
                0x000000000043f752                gobj_log_del_handler
                0x000000000043f87f                gobj_log_list_handlers
                0x000000000043f966                gobj_log_set_global_handler_option
                0x000000000043fa69                gobj_log_alert
                0x000000000043fb30                gobj_log_critical
                0x000000000043fbf7                gobj_log_error
                0x000000000043fcbe                gobj_log_warning
                0x000000000043fd85                gobj_log_info
                0x000000000043fe4c                gobj_log_debug
                0x000000000043ff13                gobj_get_log_priority_name
                0x000000000043ff3a                gobj_get_log_data
                0x000000000044002d                gobj_log_clear_counters
                0x0000000000440074                gobj_log_last_message
                0x0000000000440083                gobj_log_set_last_message
                0x0000000000440133                stdout_write
                0x0000000000440376                stdout_fwrite
                0x0000000000440500                set_show_backtrace_fn
                0x000000000044051a                print_backtrace
                0x0000000000440549                gobj_trace_msg
                0x0000000000440628                trace_msg0
                0x000000000044071b                gobj_info_msg
                0x00000000004407fa                gobj_trace_json
                0x0000000000440943                gobj_trace_buffer
                0x0000000000440a53                gobj_trace_dump
                0x0000000000440b63                print_error
                0x000000000044128a                trace_vjson
                0x00000000004416c5                trace_machine
                0x000000000044186a                trace_machine2
 .text          0x00000000004431a9      0xd59 /yuneta/development/outputs_static/lib/libyunetas-gobj.a(log_udp_handler.c.o)
                0x00000000004431d1                udpc_start_up
                0x000000000044326e                udpc_end
                0x00000000004432a1                udpc_open
                0x000000000044354c                udpc_close
                0x00000000004435c6                udpc_write
                0x0000000000443a27                udpc_fwrite
 .text          0x0000000000443f02     0xdc01 /yuneta/development/outputs_static/lib/libyunetas-gobj.a(helpers.c.o)
                0x0000000000443fd3                newdir
                0x0000000000444017                newfile
                0x0000000000444083                open_exclusive
                0x00000000004440eb                filesize
                0x0000000000444138                filesize2
                0x0000000000444182                lock_file
                0x00000000004441d4                unlock_file
                0x0000000000444226                is_regular_file
                0x000000000044427d                is_directory
                0x00000000004442d4                file_size
                0x000000000044432b                file_permission
                0x000000000044436f                file_exists
                0x00000000004443e3                subdir_exists
                0x0000000000444457                file_remove
                0x00000000004444d5                mkrdir
                0x0000000000444912                rmrdir
                0x0000000000444c37                rmrcontentdir
                0x0000000000444e34                delete_right_char
                0x0000000000444e9c                delete_left_char
                0x0000000000444f38                build_path
                0x00000000004451d2                get_last_segment
                0x000000000044520e                pop_last_segment
                0x0000000000445251                helper_quote2doublequote
                0x00000000004452a7                helper_doublequote2quote
                0x00000000004452fd                all_numbers
                0x000000000044535e                nice_size
                0x00000000004454ad                delete_right_blanks
                0x000000000044551e                delete_left_blanks
                0x00000000004455a5                left_justify
                0x00000000004455d7                strntoupper
                0x000000000044564b                strntolower
                0x00000000004456bf                translate_string
                0x00000000004457fa                change_char
                0x000000000044584a                get_parameter
                0x000000000044596b                get_key_value_parameter
                0x0000000000445b2f                split2
                0x0000000000445cc2                split_free2
                0x0000000000445d47                split3
                0x0000000000445ebe                split_free3
                0x0000000000445f43                str_concat
                0x0000000000445feb                str_concat3
                0x00000000004460c8                str_concat_free
                0x00000000004460f8                idx_in_list
                0x0000000000446174                str_in_list
                0x00000000004461e7                load_persistent_json
                0x000000000044651c                load_json_from_file
                0x00000000004466e1                save_json_to_file
                0x0000000000446f3b                create_json_record
                0x00000000004475ef                json_desc_to_schema
                0x000000000044776b                bits2jn_strlist
                0x0000000000447811                bits2gbuffer
                0x00000000004478f5                strings2bits
                0x00000000004479bd                json_list_str_index
                0x0000000000447b01                jn2real
                0x0000000000447c10                jn2integer
                0x0000000000447d76                jn2string
                0x0000000000447ef7                jn2bool
                0x0000000000448021                cmp_two_simple_json
                0x0000000000448288                json_is_identical
                0x00000000004482b1                anystring2json
                0x0000000000448467                string2json
                0x0000000000448593                set_real_precision
                0x00000000004485b5                get_real_precision
                0x00000000004485c5                json2str
                0x0000000000448610                json2uglystr
                0x000000000044865b                json_size
                0x00000000004486d6                json_check_refcounts
                0x0000000000448d5e                json_print_refcounts
                0x000000000044912b                json_str_in_list
                0x0000000000449752                walk_dir_tree
                0x00000000004498f4                dir_array_free
                0x0000000000449b10                find_files_with_suffix_array
                0x0000000000449deb                dir_array_sort
                0x0000000000449e94                walk_dir_array
                0x0000000000449ffe                get_ordered_filename_array
                0x000000000044a04f                tm_to_time_t
                0x000000000044a48a                show_date_relative
                0x000000000044a848                date_mode_from_type
                0x000000000044a881                show_date
                0x000000000044bc41                parse_date_basic
                0x000000000044bf05                parse_expiry_date
                0x000000000044bfad                parse_date
                0x000000000044c1b6                parse_date_format
                0x000000000044c303                datestamp
                0x000000000044ce5e                approxidate_relative
                0x000000000044cebb                approxidate_careful
                0x000000000044cf35                date_overflows
                0x000000000044cfd4                hex2bin
                0x000000000044d0b5                bin2hex
                0x000000000044d13d                tdump
                0x000000000044d3eb                tdump2json
                0x000000000044d67e                print_json2
                0x000000000044de72                debug_json
                0x000000000044df3c                current_timestamp
                0x000000000044dfe0                tm2timestamp
                0x000000000044e01b                t2timestamp
                0x000000000044e081                start_sectimer
                0x000000000044e0b2                test_sectimer
                0x000000000044e0ec                start_msectimer
                0x000000000044e113                test_msectimer
                0x000000000044e14a                time_in_milliseconds_monotonic
                0x000000000044e18f                time_in_milliseconds
                0x000000000044e1d4                time_in_seconds
                0x000000000044e1f2                cpu_usage
                0x000000000044e269                cpu_usage_percent
                0x000000000044e3a3                htonll
                0x000000000044e3e5                ntohll
                0x000000000044e427                list_open_files
                0x000000000044e622                formatdate
                0x000000000044e6e4                count_char
                0x000000000044e723                get_hostname
                0x000000000044e787                create_uuid
                0x000000000044eace                node_uuid
                0x000000000044eaed                is_metadata_key
                0x000000000044eb60                is_private_key
                0x000000000044ebd3                comm_prot_register
                0x000000000044eca2                comm_prot_get_gclass
                0x000000000044ed67                comm_prot_free
                0x000000000044edf2                launch_daemon
                0x000000000044f2ad                parse_url
                0x000000000044f635                get_url_schema
                0x000000000044f923                show_backtrace_with_backtrace
                0x000000000044f998                init_backtrace_with_backtrace
                0x000000000044fa3f                ghttp_parser_create
                0x000000000044fb8d                ghttp_parser_destroy
                0x000000000044fbc9                ghttp_parser_reset
                0x000000000044fda2                ghttp_parser_received
                0x0000000000450be5                istream_create
                0x0000000000450d39                istream_destroy
                0x0000000000450dd8                istream_read_until_delimiter
                0x0000000000450f4c                istream_read_until_num_bytes
                0x0000000000450f9b                istream_consume
                0x000000000045130b                istream_cur_rd_pointer
                0x000000000045139f                istream_length
                0x0000000000451420                istream_get_gbuffer
                0x0000000000451499                istream_pop_gbuffer
                0x0000000000451526                istream_new_gbuffer
                0x000000000045166d                istream_extract_matched_data
                0x00000000004517aa                istream_reset_wr
                0x0000000000451850                istream_reset_rd
                0x00000000004518e3                istream_clear
                0x000000000045190e                istream_is_completed
                0x000000000045198a                free_ram_in_kb
 .text          0x0000000000451b03     0x9c2d /yuneta/development/outputs_static/lib/libyunetas-gobj.a(kwid.c.o)
                0x0000000000451c4d                kw_add_binary_type
                0x0000000000451d49                kw_serialize
                0x0000000000451ead                kw_deserialize
                0x0000000000451f95                kw_incref
                0x0000000000452183                kw_decref
                0x0000000000452379                kw_has_key
                0x00000000004523cb                kw_set_path_delimiter
                0x00000000004523f2                kw_find_path_
                0x00000000004528fb                kw_find_path
                0x0000000000452edd                kw_set_dict_value
                0x0000000000453516                kw_set_subdict_value
                0x0000000000453616                kw_delete
                0x0000000000453828                kw_delete_subkey
                0x000000000045398d                kw_find_str_in_list
                0x0000000000453a40                kwid_find_record_in_list
                0x0000000000453c2f                kw_find_json_in_list
                0x0000000000453d97                kw_select
                0x0000000000453f61                kw_collect
                0x000000000045411d                kwid_compare_records
                0x0000000000454db0                kwid_compare_lists
                0x0000000000455851                kw_get_dict
                0x0000000000455b03                kw_get_list
                0x0000000000455db6                kw_get_list_value
                0x0000000000455feb                kw_get_int
                0x0000000000456378                kw_get_real
                0x000000000045670a                kw_get_bool
                0x0000000000456b03                kw_get_str
                0x0000000000456d52                kw_get_dict_value
                0x0000000000456f5f                kw_get_subdict_value
                0x00000000004572a6                kw_update_except
                0x0000000000457765                kw_duplicate
                0x0000000000457828                kw_clone_by_path
                0x00000000004578e0                kw_clone_by_keys
                0x0000000000457ef8                kw_clone_by_not_keys
                0x00000000004585e1                kw_pop
                0x0000000000458b56                kw_match_simple
                0x0000000000458ba8                kw_delete_private_keys
                0x0000000000458cb7                kw_delete_metadata_keys
                0x0000000000458eb3                kw_walk
                0x0000000000459397                kw_collapse
                0x0000000000459778                kwid_get
                0x0000000000459869                kwid_new_list
                0x0000000000459afe                kwid_new_dict
                0x0000000000459d97                kw_filter_private
                0x0000000000459e84                kw_filter_metadata
                0x0000000000459f71                kwjr_get
                0x000000000045ace6                kwid_get_ids
                0x000000000045af86                kw_has_word
                0x000000000045b21a                kwid_match_id
                0x000000000045b494                kwid_match_nid
 .text          0x000000000045b730     0x2c27 /yuneta/development/outputs_static/lib/libyunetas-gobj.a(gbuffer.c.o)
                0x000000000045b7a9                gbuffer_create
                0x000000000045bb82                gbuffer_remove
                0x000000000045bca7                gbuffer_incref
                0x000000000045bd35                gbuffer_decref
                0x000000000045bdd3                gbuffer_cur_rd_pointer
                0x000000000045be75                gbuffer_reset_rd
                0x000000000045be90                gbuffer_set_rd_offset
                0x000000000045bfbe                gbuffer_ungetc
                0x000000000045c010                gbuffer_get_rd_offset
                0x000000000045c026                gbuffer_get
                0x000000000045c154                gbuffer_getchar
                0x000000000045c190                gbuffer_chunk
                0x000000000045c1cd                gbuffer_getline
                0x000000000045c241                gbuffer_cur_wr_pointer
                0x000000000045c25f                gbuffer_reset_wr
                0x000000000045c2a5                gbuffer_set_wr
                0x000000000045c36d                gbuffer_append
                0x000000000045c566                gbuffer_append_string
                0x000000000045c59e                gbuffer_append_char
                0x000000000045c5cd                gbuffer_append_gbuf
                0x000000000045c722                gbuffer_printf
                0x000000000045c7da                gbuffer_vprintf
                0x000000000045ca91                gbuffer_head_pointer
                0x000000000045cb0a                gbuffer_clear
                0x000000000045cb86                gbuffer_leftbytes
                0x000000000045cc05                gbuffer_totalbytes
                0x000000000045cc1b                gbuffer_freebytes
                0x000000000045cc3f                gbuffer_setlabel
                0x000000000045cd10                gbuffer_getlabel
                0x000000000045cd34                gbuffer_setmark
                0x000000000045cd5a                gbuffer_getmark
                0x000000000045cd7e                gbuffer_serialize
                0x000000000045ceec                gbuffer_deserialize
                0x000000000045d7f3                gbuffer_string_to_base64
                0x000000000045d956                gbuffer_base64_to_string
                0x000000000045dab8                gbuffer_encode_base64
                0x000000000045db11                str2gbuf
                0x000000000045dc71                json2gbuf
                0x000000000045de0d                gbuf2json
                0x000000000045df25                gobj_trace_dump_gbuf
                0x000000000045e13e                gobj_trace_dump_full_gbuf
 .text          0x000000000045e357     0x224f /yuneta/development/outputs_static/lib/libyunetas-gobj.a(command_parser.c.o)
                0x000000000045e43a                command_parser
                0x0000000000460234                gobj_build_cmds_doc
                0x00000000004604e3                build_command_response
 .text          0x00000000004605a6      0x83c /yuneta/development/outputs_static/lib/libyunetas-gobj.a(stats_parser.c.o)
                0x00000000004606c0                stats_parser
                0x0000000000460c3a                build_stats
                0x0000000000460d1f                build_stats_response
 .text          0x0000000000460de2     0x302a /yuneta/development/outputs_static/lib/libyunetas-gobj.a(testing.c.o)
                0x0000000000460e65                capture_log_write
                0x0000000000462b72                set_expected_results
                0x0000000000462ec3                test_json_file
                0x0000000000463359                test_json
                0x00000000004637f6                test_directory_permission
                0x000000000046382e                test_file_permission_and_size
                0x000000000046388b                test_list
                0x0000000000463bff                mt_print_time
                0x0000000000463d4d                mt_get_time
                0x0000000000463de5                set_measure_times
                0x0000000000463dfc                get_measure_times
 .text          0x0000000000463e0c      0xf26 /yuneta/development/outputs_static/lib/libyunetas-gobj.a(json_config.c.o)
                0x0000000000464ad8                json_config
 .text          0x0000000000464d32      0xc04 /yuneta/development/outputs_static/lib/libyunetas-gobj.a(json_replace_vars.c.o)
                0x00000000004653ab                json_replace_var_custom
                0x0000000000465906                json_replace_var
 .text          0x0000000000465936     0x1147 /yuneta/development/outputs_static/lib/libyunetas-gobj.a(rotatory.c.o)
                0x0000000000465936                rotatory_start_up
                0x000000000046598b                rotatory_end
                0x00000000004659c4                rotatory_open
                0x0000000000465e1f                rotatory_close
                0x0000000000465edf                rotatory_subscribe2newfile
                0x0000000000465f20                rotatory_write
                0x000000000046600e                rotatory_fwrite
                0x0000000000466129                rotatory_trunk
                0x0000000000466183                rotatory_flush
                0x0000000000466a5f                rotatory_path
 .text          0x0000000000466a7d     0x645d /yuneta/development/outputs_static/lib/libyunetas-gobj.a(00_http_parser.c.o)
                0x0000000000466dda                http_parser_execute
                0x000000000046c162                http_message_needs_eof
                0x000000000046c234                http_should_keep_alive
                0x000000000046c2b2                http_method_str
                0x000000000046c2d7                http_status_str
                0x000000000046c51f                http_parser_init
                0x000000000046c5c4                http_parser_settings_init
                0x000000000046c5ed                http_errno_name
                0x000000000046c62d                http_errno_description
                0x000000000046caf5                http_parser_url_init
                0x000000000046cb1e                http_parser_parse_url
                0x000000000046ce06                http_parser_pause
                0x000000000046ce90                http_body_is_final
                0x000000000046ceb4                http_parser_version
                0x000000000046cec3                http_parser_set_max_header_size
 *fill*         0x000000000046ceda        0x6 
 .text          0x000000000046cee0     0x13c5 /yuneta/development/outputs_ext_static/lib/libjansson.a(dump.c.o)
                0x000000000046e060                json_dump_callback
                0x000000000046e100                json_dumps
                0x000000000046e1a0                json_dumpb
                0x000000000046e200                json_dumpf
                0x000000000046e220                json_dump_file
                0x000000000046e280                json_dumpfd
 *fill*         0x000000000046e2a5        0xb 
 .text          0x000000000046e2b0      0xcb1 /yuneta/development/outputs_ext_static/lib/libjansson.a(hashtable.c.o)
                0x000000000046e6b0                hashtable_init
                0x000000000046e740                hashtable_close
                0x000000000046e7c0                hashtable_set
                0x000000000046eaa0                hashtable_get
                0x000000000046eb60                hashtable_del
                0x000000000046ecf0                hashtable_clear
                0x000000000046edf0                hashtable_iter_at
                0x000000000046eeb0                hashtable_iter_next
                0x000000000046eed0                hashtable_iter
                0x000000000046eee0                hashtable_iter_key
                0x000000000046eef0                hashtable_iter_key_len
                0x000000000046ef00                hashtable_iter_value
                0x000000000046ef10                hashtable_iter_set
 *fill*         0x000000000046ef61        0xf 
 .text          0x000000000046ef70      0x120 /yuneta/development/outputs_ext_static/lib/libjansson.a(hashtable_seed.c.o)
                0x000000000046ef70                json_object_seed
 .text          0x000000000046f090     0x22b1 /yuneta/development/outputs_ext_static/lib/libjansson.a(load.c.o)
                0x0000000000470bc0                json_loads
                0x0000000000470d10                json_loadb
                0x0000000000470e80                json_loadf
                0x0000000000470fd0                json_loadfd
                0x0000000000471130                json_load_file
                0x00000000004711f0                json_load_callback
 *fill*         0x0000000000471341        0xf 
 .text          0x0000000000471350       0xe3 /yuneta/development/outputs_ext_static/lib/libjansson.a(memory.c.o)
                0x0000000000471350                jsonp_malloc
                0x0000000000471370                jsonp_free
                0x0000000000471390                jsonp_strndup
                0x00000000004713d0                jsonp_strdup
                0x00000000004713f0                json_set_alloc_funcs
                0x0000000000471410                json_get_alloc_funcs
 *fill*         0x0000000000471433        0xd 
 .text          0x0000000000471440     0x23ec /yuneta/development/outputs_ext_static/lib/libjansson.a(pack_unpack.c.o)
                0x00000000004731d0                json_vpack_ex
                0x0000000000473380                json_pack_ex
                0x0000000000473430                json_pack
                0x0000000000473500                json_vunpack_ex
                0x00000000004736c0                json_unpack_ex
                0x0000000000473770                json_unpack
 *fill*         0x000000000047382c        0x4 
 .text          0x0000000000473830      0x1d3 /yuneta/development/outputs_ext_static/lib/libjansson.a(strbuffer.c.o)
                0x0000000000473830                strbuffer_init
                0x0000000000473870                strbuffer_close
                0x00000000004738a0                strbuffer_clear
                0x00000000004738c0                strbuffer_value
                0x00000000004738d0                strbuffer_steal_value
                0x00000000004738e0                strbuffer_append_bytes
                0x00000000004739b0                strbuffer_append_byte
                0x00000000004739e0                strbuffer_pop
 *fill*         0x0000000000473a03        0xd 
 .text          0x0000000000473a10      0x42f /yuneta/development/outputs_ext_static/lib/libjansson.a(strconv.c.o)
                0x0000000000473a10                jsonp_strtod
                0x0000000000473b30                jsonp_dtostr
 *fill*         0x0000000000473e3f        0x1 
 .text          0x0000000000473e40      0x341 /yuneta/development/outputs_ext_static/lib/libjansson.a(utf.c.o)
                0x0000000000473e40                utf8_encode
                0x0000000000473f30                utf8_check_first
                0x0000000000473f80                utf8_check_full
                0x0000000000474040                utf8_iterate
                0x00000000004740f0                utf8_check_string
 *fill*         0x0000000000474181        0xf 
 .text          0x0000000000474190     0x1f57 /yuneta/development/outputs_ext_static/lib/libjansson.a(value.c.o)
                0x0000000000474190                json_object
                0x0000000000474200                json_object_size
                0x0000000000474230                json_object_getn
                0x0000000000474260                json_object_get
                0x00000000004742a0                json_object_deln
                0x00000000004742d0                json_object_del
                0x0000000000474310                json_object_clear
                0x0000000000474340                json_object_iter
                0x0000000000474370                json_object_iter_at
                0x00000000004743d0                json_object_iter_next
                0x0000000000474400                json_object_iter_key
                0x0000000000474420                json_object_iter_key_len
                0x0000000000474440                json_object_iter_value
                0x0000000000474460                json_object_key_to_iter
                0x0000000000474480                json_array
                0x00000000004744f0                json_array_size
                0x0000000000474510                json_array_get
                0x0000000000474540                json_array_extend
                0x0000000000474680                json_string_nocheck
                0x0000000000474700                json_stringn_nocheck
                0x0000000000474770                jsonp_stringn_nocheck_own
                0x00000000004747d0                json_stringn
                0x0000000000474820                json_string
                0x0000000000474850                json_string_value
                0x0000000000474870                json_string_length
                0x0000000000474890                json_string_setn_nocheck
                0x00000000004748f0                json_string_set_nocheck
                0x0000000000474930                json_string_setn
                0x0000000000474980                json_string_set
                0x00000000004749c0                json_vsprintf
                0x0000000000474aa0                json_sprintf
                0x0000000000474b60                json_integer
                0x0000000000474b90                json_integer_value
                0x0000000000474bb0                json_integer_set
                0x0000000000474bd0                json_real
                0x0000000000474c20                json_real_value
                0x0000000000474c40                json_real_set
                0x0000000000474c80                json_number_value
                0x0000000000474cd0                json_true
                0x0000000000474ce0                json_false
                0x0000000000474cf0                json_null
                0x0000000000474d00                jsonp_loop_check
                0x0000000000474d80                json_delete
                0x0000000000474e80                json_array_clear
                0x0000000000474f00                json_array_remove
                0x0000000000474fd0                json_object_iter_set_new
                0x0000000000475040                json_object_setn_new_nocheck
                0x00000000004750b0                json_object_update_missing
                0x00000000004751b0                json_object_set_new_nocheck
                0x0000000000475210                json_object_setn_new
                0x00000000004752a0                json_object_set_new
                0x0000000000475300                json_object_update
                0x00000000004753e0                json_object_update_existing
                0x00000000004754d0                do_object_update_recursive
                0x0000000000475670                json_object_update_recursive
                0x00000000004756f0                json_array_insert_new
                0x0000000000475860                json_array_set_new
                0x0000000000475910                json_array_append_new
                0x0000000000475a10                json_equal
                0x0000000000475c00                json_copy
                0x0000000000475db0                do_deep_copy
                0x0000000000476080                json_deep_copy
 *fill*         0x00000000004760e7        0x9 
 .text          0x00000000004760f0     0x78e2 /yuneta/development/outputs_ext_static/lib/libjansson.a(dtoa.c.o)
                0x0000000000477550                gethex
                0x0000000000478410                strtod__unused
                0x000000000047b6a0                freedtoa
                0x000000000047b710                dtoa_r
                0x000000000047d970                dtoa
 *fill*         0x000000000047d9d2        0xe 
 .text          0x000000000047d9e0      0x1da /yuneta/development/outputs_ext_static/lib/libjansson.a(error.c.o)
                0x000000000047d9e0                jsonp_error_set_source
                0x000000000047da70                jsonp_error_init
                0x000000000047daa0                jsonp_error_vset
                0x000000000047db10                jsonp_error_set
 *fill*         0x000000000047dbba        0x6 
 .text          0x000000000047dbc0      0xbd5 /yuneta/development/outputs_ext_static/lib/liburing.a(setup.ol)
                0x000000000047dbc0                io_uring_unmap_rings
                0x000000000047dc00                io_uring_setup_ring_pointers
                0x000000000047dcc0                io_uring_mmap
                0x000000000047deb0                __io_uring_queue_init_params
                0x000000000047e440                io_uring_queue_init_mem
                0x000000000047e4c0                io_uring_queue_init_params
                0x000000000047e530                io_uring_memory_size_params
                0x000000000047e610                io_uring_memory_size
                0x000000000047e6a0                io_uring_setup_buf_ring
                0x000000000047e760                io_uring_free_buf_ring
 *fill*         0x000000000047e795        0xb 
 .text          0x000000000047e7a0      0xe5b /yuneta/development/outputs_ext_static/lib/liburing.a(queue.ol)
                0x000000000047e7a0                __io_uring_get_cqe
                0x000000000047e9d0                io_uring_get_events
                0x000000000047ea00                io_uring_peek_batch_cqe
                0x000000000047ee70                io_uring_wait_cqes
                0x000000000047f120                io_uring_wait_cqes_min_timeout
                0x000000000047f190                io_uring_submit_and_wait_reg
                0x000000000047f200                io_uring_submit_and_wait_min_timeout
                0x000000000047f310                io_uring_submit_and_wait_timeout
                0x000000000047f320                io_uring_wait_cqe_timeout
                0x000000000047f3c0                io_uring_submit
                0x000000000047f450                io_uring_submit_and_wait
                0x000000000047f4f0                io_uring_submit_and_get_events
                0x000000000047f560                io_uring_get_sqe
                0x000000000047f5d0                __io_uring_sqring_wait
 *fill*         0x000000000047f5fb        0x5 
 .text          0x000000000047f600      0xe5d /yuneta/development/outputs_ext_static/lib/liburing.a(register.ol)
                0x000000000047f600                io_uring_register_buffers_update_tag
                0x000000000047f660                io_uring_register_buffers_tags
                0x000000000047f6c0                io_uring_register_buffers_sparse
                0x000000000047f710                io_uring_register_buffers
                0x000000000047f740                io_uring_unregister_buffers
                0x000000000047f770                io_uring_register_files_update_tag
                0x000000000047f7d0                io_uring_register_files_update
                0x000000000047f820                io_uring_register_files_sparse
                0x000000000047f8e0                io_uring_register_files_tags
                0x000000000047f9a0                io_uring_register_files
                0x000000000047fa30                io_uring_unregister_files
                0x000000000047fa60                io_uring_register_eventfd
                0x000000000047faa0                io_uring_unregister_eventfd
                0x000000000047fad0                io_uring_register_eventfd_async
                0x000000000047fb10                io_uring_register_probe
                0x000000000047fb40                io_uring_register_personality
                0x000000000047fb70                io_uring_unregister_personality
                0x000000000047fba0                io_uring_register_restrictions
                0x000000000047fbd0                io_uring_enable_rings
                0x000000000047fc00                io_uring_register_iowq_aff
                0x000000000047fc40                io_uring_unregister_iowq_aff
                0x000000000047fc70                io_uring_register_iowq_max_workers
                0x000000000047fcb0                io_uring_register_ring_fd
                0x000000000047fd50                io_uring_unregister_ring_fd
                0x000000000047fdd0                io_uring_close_ring_fd
                0x000000000047fe20                io_uring_register_buf_ring
                0x000000000047fe60                io_uring_unregister_buf_ring
                0x000000000047feb0                io_uring_buf_ring_head
                0x000000000047ff10                io_uring_register_sync_cancel
                0x000000000047ff50                io_uring_register_file_alloc_range
                0x000000000047ffa0                io_uring_register_napi
                0x000000000047ffe0                io_uring_unregister_napi
                0x0000000000480020                io_uring_register_clock
                0x0000000000480050                __io_uring_clone_buffers_offset
                0x00000000004800e0                io_uring_clone_buffers_offset
                0x0000000000480170                io_uring_clone_buffers
                0x00000000004801f0                __io_uring_clone_buffers
                0x0000000000480280                io_uring_register_ifq
                0x00000000004802c0                io_uring_resize_rings
                0x00000000004803e0                io_uring_register_wait_reg
                0x00000000004803f0                io_uring_register_region
                0x0000000000480430                io_uring_set_iowait
 *fill*         0x000000000048045d        0x3 
 .text          0x0000000000480460       0x75 /yuneta/development/outputs_ext_static/lib/liburing.a(nolibc.ol)
                0x0000000000480460                __uring_memset
                0x0000000000480480                __uring_malloc
                0x00000000004804c0                __uring_free
 *fill*         0x00000000004804d5        0xb 
 .text          0x00000000004804e0    0x10d52 /yuneta/development/outputs_ext_static/lib/libpcre2-8.a(pcre2_compile.c.o)
                0x0000000000488cb0                pcre2_code_copy_8
                0x0000000000488d20                pcre2_code_copy_with_tables_8
                0x0000000000488df0                pcre2_code_free_8
                0x0000000000488e60                _pcre2_check_escape_8
                0x000000000048fbc0                pcre2_compile_8
 *fill*         0x0000000000491232        0xe 
 .text          0x0000000000491240     0x4acd /yuneta/development/outputs_ext_static/lib/libpcre2-8.a(pcre2_compile_class.c.o)
                0x0000000000491cf0                _pcre2_update_classbits_8
                0x0000000000492480                _pcre2_compile_class_not_nested_8
                0x00000000004959e0                _pcre2_compile_class_nested_8
 *fill*         0x0000000000495d0d        0x3 
 .text          0x0000000000495d10      0x6ee /yuneta/development/outputs_ext_static/lib/libpcre2-8.a(pcre2_context.c.o)
                0x0000000000495d30                _pcre2_memctl_malloc_8
                0x0000000000495da0                pcre2_general_context_create_8
                0x0000000000495df0                pcre2_compile_context_create_8
                0x0000000000495ed0                pcre2_match_context_create_8
                0x0000000000495fd0                pcre2_convert_context_create_8
                0x0000000000496050                pcre2_general_context_copy_8
                0x0000000000496080                pcre2_compile_context_copy_8
                0x00000000004960d0                pcre2_match_context_copy_8
                0x0000000000496130                pcre2_convert_context_copy_8
                0x0000000000496160                pcre2_general_context_free_8
                0x0000000000496180                pcre2_compile_context_free_8
                0x00000000004961a0                pcre2_match_context_free_8
                0x00000000004961c0                pcre2_convert_context_free_8
                0x00000000004961e0                pcre2_set_character_tables_8
                0x00000000004961f0                pcre2_set_bsr_8
                0x0000000000496210                pcre2_set_max_pattern_length_8
                0x0000000000496220                pcre2_set_max_pattern_compiled_length_8
                0x0000000000496230                pcre2_set_newline_8
                0x0000000000496250                pcre2_set_max_varlookbehind_8
                0x0000000000496260                pcre2_set_parens_nest_limit_8
                0x0000000000496270                pcre2_set_compile_extra_options_8
                0x0000000000496280                pcre2_set_compile_recursion_guard_8
                0x0000000000496290                pcre2_set_optimize_8
                0x0000000000496300                pcre2_set_callout_8
                0x0000000000496310                pcre2_set_substitute_callout_8
                0x0000000000496320                pcre2_set_substitute_case_callout_8
                0x0000000000496330                pcre2_set_heap_limit_8
                0x0000000000496340                pcre2_set_match_limit_8
                0x0000000000496350                pcre2_set_depth_limit_8
                0x0000000000496360                pcre2_set_offset_limit_8
                0x0000000000496370                pcre2_set_recursion_limit_8
                0x0000000000496380                pcre2_set_recursion_memory_management_8
                0x0000000000496390                pcre2_set_glob_separator_8
                0x00000000004963b0                pcre2_set_glob_escape_8
 *fill*         0x00000000004963fe        0x2 
 .text          0x0000000000496400      0x288 /yuneta/development/outputs_ext_static/lib/libpcre2-8.a(pcre2_find_bracket.c.o)
                0x0000000000496400                _pcre2_find_bracket_8
 *fill*         0x0000000000496688        0x8 
 .text          0x0000000000496690    0x3ec81 /yuneta/development/outputs_ext_static/lib/libpcre2-8.a(pcre2_jit_compile.c.o)
                0x00000000004d4be0                pcre2_jit_compile_8
                0x00000000004d4dc0                pcre2_jit_match_8
                0x00000000004d4fd0                _pcre2_jit_free_rodata_8
                0x00000000004d5010                _pcre2_jit_free_8
                0x00000000004d5080                pcre2_jit_free_unused_memory_8
                0x00000000004d5110                pcre2_jit_stack_create_8
                0x00000000004d5280                pcre2_jit_stack_assign_8
                0x00000000004d52a0                pcre2_jit_stack_free_8
                0x00000000004d52f0                _pcre2_jit_get_target_8
                0x00000000004d5300                _pcre2_jit_get_size_8
 *fill*         0x00000000004d5311        0xf 
 .text          0x00000000004d5320    0x15ba2 /yuneta/development/outputs_ext_static/lib/libpcre2-8.a(pcre2_match.c.o)
                0x00000000004e9330                pcre2_match_8
 *fill*         0x00000000004eaec2        0xe 
 .text          0x00000000004eaed0      0x129 /yuneta/development/outputs_ext_static/lib/libpcre2-8.a(pcre2_match_data.c.o)
                0x00000000004eaed0                pcre2_match_data_create_8
                0x00000000004eaf20                pcre2_match_data_create_from_pattern_8
                0x00000000004eaf40                pcre2_match_data_free_8
                0x00000000004eaf90                pcre2_get_mark_8
                0x00000000004eafa0                pcre2_get_ovector_pointer_8
                0x00000000004eafb0                pcre2_get_ovector_count_8
                0x00000000004eafc0                pcre2_get_startchar_8
                0x00000000004eafd0                pcre2_get_match_data_size_8
                0x00000000004eaff0                pcre2_get_match_data_heapframes_size_8
 *fill*         0x00000000004eaff9        0x7 
 .text          0x00000000004eb000      0x505 /yuneta/development/outputs_ext_static/lib/libpcre2-8.a(pcre2_newline.c.o)
                0x00000000004eb000                _pcre2_is_newline_8
                0x00000000004eb280                _pcre2_was_newline_8
 *fill*         0x00000000004eb505        0xb 
 .text          0x00000000004eb510       0x95 /yuneta/development/outputs_ext_static/lib/libpcre2-8.a(pcre2_ord2utf.c.o)
                0x00000000004eb510                _pcre2_ord2utf_8
 *fill*         0x00000000004eb5a5        0xb 
 .text          0x00000000004eb5b0      0x725 /yuneta/development/outputs_ext_static/lib/libpcre2-8.a(pcre2_script_run.c.o)
                0x00000000004eb5b0                _pcre2_script_run_8
 *fill*         0x00000000004ebcd5        0xb 
 .text          0x00000000004ebce0      0x169 /yuneta/development/outputs_ext_static/lib/libpcre2-8.a(pcre2_string_utils.c.o)
                0x00000000004ebce0                _pcre2_strcmp_8
                0x00000000004ebd20                _pcre2_strcmp_c8_8
                0x00000000004ebd60                _pcre2_strncmp_8
                0x00000000004ebda0                _pcre2_strncmp_c8_8
                0x00000000004ebde0                _pcre2_strlen_8
                0x00000000004ebe10                _pcre2_strcpy_c8_8
 *fill*         0x00000000004ebe49        0x7 
 .text          0x00000000004ebe50     0x256d /yuneta/development/outputs_ext_static/lib/libpcre2-8.a(pcre2_study.c.o)
                0x00000000004edf80                _pcre2_study_8
 .text          0x00000000004ee3bd        0x0 /yuneta/development/outputs_ext_static/lib/libpcre2-8.a(pcre2_tables.c.o)
 .text          0x00000000004ee3bd        0x0 /yuneta/development/outputs_ext_static/lib/libpcre2-8.a(pcre2_ucd.c.o)
 *fill*         0x00000000004ee3bd        0x3 
 .text          0x00000000004ee3c0      0x3c9 /yuneta/development/outputs_ext_static/lib/libpcre2-8.a(pcre2_valid_utf.c.o)
                0x00000000004ee3c0                _pcre2_valid_utf_8
 *fill*         0x00000000004ee789        0x7 
 .text          0x00000000004ee790      0xe7c /yuneta/development/outputs_ext_static/lib/libpcre2-8.a(pcre2_xclass.c.o)
                0x00000000004ee790                _pcre2_xclass_8
                0x00000000004ef4e0                _pcre2_eclass_8
 *fill*         0x00000000004ef60c        0x4 
 .text          0x00000000004ef610     0x2022 /yuneta/development/outputs_ext_static/lib/libpcre2-8.a(pcre2_auto_possess.c.o)
                0x00000000004f0c80                _pcre2_auto_possessify_8
 .text          0x00000000004f1632        0x0 /yuneta/development/outputs_ext_static/lib/libpcre2-8.a(pcre2_chartables.c.o)
 *fill*         0x00000000004f1632        0xe 
 .text          0x00000000004f1640       0x1f /yuneta/development/outputs_ext_static/lib/libpcre2-8.a(pcre2_chkdint.c.o)
                0x00000000004f1640                _pcre2_ckd_smul
 *fill*         0x00000000004f165f        0x1 
 .text          0x00000000004f1660      0x4c3 /yuneta/development/outputs_ext_static/lib/libpcre2-8.a(pcre2_extuni.c.o)
                0x00000000004f1660                _pcre2_extuni_8
 *fill*         0x00000000004f1b23        0xd 
 .text          0x00000000004f1b30       0x94 /yuneta/development/outputs_ext_static/lib/libbacktrace.a(state.o)
                0x00000000004f1b30                backtrace_create_state
 *fill*         0x00000000004f1bc4        0xc 
 .text          0x00000000004f1bd0       0x3d /yuneta/development/outputs_ext_static/lib/libbacktrace.a(nounwind.o)
                0x00000000004f1bd0                backtrace_full
                0x00000000004f1bf0                backtrace_simple
 *fill*         0x00000000004f1c0d        0x3 
 .text          0x00000000004f1c10      0x48c /yuneta/development/outputs_ext_static/lib/libbacktrace.a(mmap.o)
                0x00000000004f1c10                backtrace_free
                0x00000000004f1d30                backtrace_alloc
                0x00000000004f1f00                backtrace_vector_grow
                0x00000000004f2030                backtrace_vector_finish
                0x00000000004f2050                backtrace_vector_release
 .text          0x00000000004f209c        0x0 /usr/lib/x86_64-linux-musl/libc.a(sysconf.lo)
 *fill*         0x00000000004f209c        0x4 
 .text.sysconf  0x00000000004f20a0      0x224 /usr/lib/x86_64-linux-musl/libc.a(sysconf.lo)
                0x00000000004f20a0                sysconf
 .text          0x00000000004f22c4        0x0 /usr/lib/x86_64-linux-musl/libc.a(isalnum.lo)
 *fill*         0x00000000004f22c4        0xc 
 .text.isalnum  0x00000000004f22d0       0x24 /usr/lib/x86_64-linux-musl/libc.a(isalnum.lo)
                0x00000000004f22d0                isalnum
 *fill*         0x00000000004f22f4        0xc 
 .text.__isalnum_l
                0x00000000004f2300        0x9 /usr/lib/x86_64-linux-musl/libc.a(isalnum.lo)
                0x00000000004f2300                isalnum_l
                0x00000000004f2300                __isalnum_l
 .text          0x00000000004f2309        0x0 /usr/lib/x86_64-linux-musl/libc.a(ispunct.lo)
 *fill*         0x00000000004f2309        0x7 
 .text.ispunct  0x00000000004f2310       0x26 /usr/lib/x86_64-linux-musl/libc.a(ispunct.lo)
                0x00000000004f2310                ispunct
 *fill*         0x00000000004f2336        0xa 
 .text.__ispunct_l
                0x00000000004f2340        0x9 /usr/lib/x86_64-linux-musl/libc.a(ispunct.lo)
                0x00000000004f2340                __ispunct_l
                0x00000000004f2340                ispunct_l
 .text          0x00000000004f2349        0x0 /usr/lib/x86_64-linux-musl/libc.a(tolower.lo)
 *fill*         0x00000000004f2349        0x7 
 .text.tolower  0x00000000004f2350       0x15 /usr/lib/x86_64-linux-musl/libc.a(tolower.lo)
                0x00000000004f2350                tolower
 *fill*         0x00000000004f2365        0xb 
 .text.__tolower_l
                0x00000000004f2370        0x9 /usr/lib/x86_64-linux-musl/libc.a(tolower.lo)
                0x00000000004f2370                __tolower_l
                0x00000000004f2370                tolower_l
 .text          0x00000000004f2379        0x0 /usr/lib/x86_64-linux-musl/libc.a(toupper.lo)
 *fill*         0x00000000004f2379        0x7 
 .text.toupper  0x00000000004f2380       0x15 /usr/lib/x86_64-linux-musl/libc.a(toupper.lo)
                0x00000000004f2380                toupper
 *fill*         0x00000000004f2395        0xb 
 .text.__toupper_l
                0x00000000004f23a0        0x9 /usr/lib/x86_64-linux-musl/libc.a(toupper.lo)
                0x00000000004f23a0                toupper_l
                0x00000000004f23a0                __toupper_l
 .text          0x00000000004f23a9        0x0 /usr/lib/x86_64-linux-musl/libc.a(closedir.lo)
 *fill*         0x00000000004f23a9        0x7 
 .text.closedir
                0x00000000004f23b0       0x28 /usr/lib/x86_64-linux-musl/libc.a(closedir.lo)
                0x00000000004f23b0                closedir
 .text          0x00000000004f23d8        0x0 /usr/lib/x86_64-linux-musl/libc.a(opendir.lo)
 *fill*         0x00000000004f23d8        0x8 
 .text.opendir  0x00000000004f23e0       0x3e /usr/lib/x86_64-linux-musl/libc.a(opendir.lo)
                0x00000000004f23e0                opendir
 .text          0x00000000004f241e        0x0 /usr/lib/x86_64-linux-musl/libc.a(readdir.lo)
 *fill*         0x00000000004f241e        0x2 
 .text.readdir  0x00000000004f2420       0x74 /usr/lib/x86_64-linux-musl/libc.a(readdir.lo)
                0x00000000004f2420                readdir
 .text          0x00000000004f2494        0x0 /usr/lib/x86_64-linux-musl/libc.a(__libc_start_main.lo)
 *fill*         0x00000000004f2494        0xc 
 .text.dummy    0x00000000004f24a0        0x5 /usr/lib/x86_64-linux-musl/libc.a(__libc_start_main.lo)
 *fill*         0x00000000004f24a5        0xb 
 .text.dummy1   0x00000000004f24b0        0x5 /usr/lib/x86_64-linux-musl/libc.a(__libc_start_main.lo)
 *fill*         0x00000000004f24b5        0xb 
 .text.__init_libc
                0x00000000004f24c0      0x228 /usr/lib/x86_64-linux-musl/libc.a(__libc_start_main.lo)
                0x00000000004f24c0                __init_libc
 *fill*         0x00000000004f26e8        0x8 
 .text.libc_start_init
                0x00000000004f26f0       0x3a /usr/lib/x86_64-linux-musl/libc.a(__libc_start_main.lo)
                0x00000000004f26f0                __libc_start_init
 *fill*         0x00000000004f272a        0x6 
 .text.libc_start_main_stage2
                0x00000000004f2730       0x36 /usr/lib/x86_64-linux-musl/libc.a(__libc_start_main.lo)
 *fill*         0x00000000004f2766        0xa 
 .text.__libc_start_main
                0x00000000004f2770       0x36 /usr/lib/x86_64-linux-musl/libc.a(__libc_start_main.lo)
                0x00000000004f2770                __libc_start_main
 .text          0x00000000004f27a6        0x0 /usr/lib/x86_64-linux-musl/libc.a(__stack_chk_fail.lo)
 *fill*         0x00000000004f27a6        0xa 
 .text.__init_ssp
                0x00000000004f27b0       0x53 /usr/lib/x86_64-linux-musl/libc.a(__stack_chk_fail.lo)
                0x00000000004f27b0                __init_ssp
 *fill*         0x00000000004f2803        0xd 
 .text.__stack_chk_fail
                0x00000000004f2810        0x6 /usr/lib/x86_64-linux-musl/libc.a(__stack_chk_fail.lo)
                0x00000000004f2810                __stack_chk_fail_local
                0x00000000004f2810                __stack_chk_fail
 .text          0x00000000004f2816        0x0 /usr/lib/x86_64-linux-musl/libc.a(getenv.lo)
 *fill*         0x00000000004f2816        0xa 
 .text.getenv   0x00000000004f2820       0x7a /usr/lib/x86_64-linux-musl/libc.a(getenv.lo)
                0x00000000004f2820                getenv
 .text          0x00000000004f289a        0x0 /usr/lib/x86_64-linux-musl/libc.a(__errno_location.lo)
 *fill*         0x00000000004f289a        0x6 
 .text.__errno_location
                0x00000000004f28a0       0x12 /usr/lib/x86_64-linux-musl/libc.a(__errno_location.lo)
                0x00000000004f28a0                ___errno_location
                0x00000000004f28a0                __errno_location
 .text          0x00000000004f28b2        0x0 /usr/lib/x86_64-linux-musl/libc.a(strerror.lo)
 *fill*         0x00000000004f28b2        0xe 
 .text.__strerror_l
                0x00000000004f28c0       0x30 /usr/lib/x86_64-linux-musl/libc.a(strerror.lo)
                0x00000000004f28c0                strerror_l
                0x00000000004f28c0                __strerror_l
 .text.strerror
                0x00000000004f28f0       0x19 /usr/lib/x86_64-linux-musl/libc.a(strerror.lo)
                0x00000000004f28f0                strerror
 .text          0x00000000004f2909        0x0 /usr/lib/x86_64-linux-musl/libc.a(abort.lo)
 *fill*         0x00000000004f2909        0x7 
 .text.abort    0x00000000004f2910       0xa8 /usr/lib/x86_64-linux-musl/libc.a(abort.lo)
                0x00000000004f2910                abort
 .text          0x00000000004f29b8        0x0 /usr/lib/x86_64-linux-musl/libc.a(abort_lock.lo)
 .text          0x00000000004f29b8        0x0 /usr/lib/x86_64-linux-musl/libc.a(assert.lo)
 *fill*         0x00000000004f29b8        0x8 
 .text.__assert_fail
                0x00000000004f29c0       0x30 /usr/lib/x86_64-linux-musl/libc.a(assert.lo)
                0x00000000004f29c0                __assert_fail
 .text          0x00000000004f29f0        0x0 /usr/lib/x86_64-linux-musl/libc.a(atexit.lo)
 .text.call     0x00000000004f29f0        0x6 /usr/lib/x86_64-linux-musl/libc.a(atexit.lo)
 *fill*         0x00000000004f29f6        0xa 
 .text.__funcs_on_exit
                0x00000000004f2a00       0xaf /usr/lib/x86_64-linux-musl/libc.a(atexit.lo)
                0x00000000004f2a00                __funcs_on_exit
 *fill*         0x00000000004f2aaf        0x1 
 .text.__cxa_finalize
                0x00000000004f2ab0        0x5 /usr/lib/x86_64-linux-musl/libc.a(atexit.lo)
                0x00000000004f2ab0                __cxa_finalize
 *fill*         0x00000000004f2ab5        0xb 
 .text.__cxa_atexit
                0x00000000004f2ac0       0xad /usr/lib/x86_64-linux-musl/libc.a(atexit.lo)
                0x00000000004f2ac0                __cxa_atexit
 *fill*         0x00000000004f2b6d        0x3 
 .text.atexit   0x00000000004f2b70       0x15 /usr/lib/x86_64-linux-musl/libc.a(atexit.lo)
                0x00000000004f2b70                atexit
 .text          0x00000000004f2b85        0x0 /usr/lib/x86_64-linux-musl/libc.a(exit.lo)
 *fill*         0x00000000004f2b85        0xb 
 .text.dummy    0x00000000004f2b90        0x5 /usr/lib/x86_64-linux-musl/libc.a(exit.lo)
 *fill*         0x00000000004f2b95        0xb 
 .text.libc_exit_fini
                0x00000000004f2ba0       0x3a /usr/lib/x86_64-linux-musl/libc.a(exit.lo)
                0x00000000004f2ba0                __libc_exit_fini
 .text          0x00000000004f2bda        0x0 /usr/lib/x86_64-linux-musl/libc.a(fcntl.lo)
 *fill*         0x00000000004f2bda        0x6 
 .text.fcntl    0x00000000004f2be0      0x1a7 /usr/lib/x86_64-linux-musl/libc.a(fcntl.lo)
                0x00000000004f2be0                fcntl
 .text          0x00000000004f2d87        0x0 /usr/lib/x86_64-linux-musl/libc.a(open.lo)
 *fill*         0x00000000004f2d87        0x9 
 .text.open     0x00000000004f2d90       0xc0 /usr/lib/x86_64-linux-musl/libc.a(open.lo)
                0x00000000004f2d90                open
 .text          0x00000000004f2e50        0x0 /usr/lib/x86_64-linux-musl/libc.a(__flt_rounds.lo)
 .text.__flt_rounds
                0x00000000004f2e50       0x64 /usr/lib/x86_64-linux-musl/libc.a(__flt_rounds.lo)
                0x00000000004f2e50                __flt_rounds
 .text          0x00000000004f2eb4       0xbf /usr/lib/x86_64-linux-musl/libc.a(fenv.lo)
                0x00000000004f2eb4                feclearexcept
                0x00000000004f2ee1                feraiseexcept
                0x00000000004f2ef5                __fesetround
                0x00000000004f2f1f                fegetround
                0x00000000004f2f2e                fegetenv
                0x00000000004f2f37                fesetenv
                0x00000000004f2f63                fetestexcept
 .text          0x00000000004f2f73        0x0 /usr/lib/x86_64-linux-musl/libc.a(defsysinfo.lo)
 .text          0x00000000004f2f73        0x0 /usr/lib/x86_64-linux-musl/libc.a(libc.lo)
 .text          0x00000000004f2f73        0x0 /usr/lib/x86_64-linux-musl/libc.a(syscall_ret.lo)
 *fill*         0x00000000004f2f73        0xd 
 .text.__syscall_ret
                0x00000000004f2f80       0x3b /usr/lib/x86_64-linux-musl/libc.a(syscall_ret.lo)
                0x00000000004f2f80                __syscall_ret
 .text          0x00000000004f2fbb        0x0 /usr/lib/x86_64-linux-musl/libc.a(getpagesize.lo)
 *fill*         0x00000000004f2fbb        0x5 
 .text.getpagesize
                0x00000000004f2fc0        0xa /usr/lib/x86_64-linux-musl/libc.a(getpagesize.lo)
                0x00000000004f2fc0                getpagesize
 .text          0x00000000004f2fca        0x0 /usr/lib/x86_64-linux-musl/libc.a(flock.lo)
 *fill*         0x00000000004f2fca        0x6 
 .text.flock    0x00000000004f2fd0       0x22 /usr/lib/x86_64-linux-musl/libc.a(flock.lo)
                0x00000000004f2fd0                flock
 .text          0x00000000004f2ff2        0x0 /usr/lib/x86_64-linux-musl/libc.a(getrandom.lo)
 *fill*         0x00000000004f2ff2        0xe 
 .text.getrandom
                0x00000000004f3000       0x2e /usr/lib/x86_64-linux-musl/libc.a(getrandom.lo)
                0x00000000004f3000                getrandom
 .text          0x00000000004f302e        0x0 /usr/lib/x86_64-linux-musl/libc.a(inotify.lo)
 *fill*         0x00000000004f302e        0x2 
 .text.inotify_init1
                0x00000000004f3030       0x35 /usr/lib/x86_64-linux-musl/libc.a(inotify.lo)
                0x00000000004f3030                inotify_init1
 *fill*         0x00000000004f3065        0xb 
 .text.inotify_init
                0x00000000004f3070        0xb /usr/lib/x86_64-linux-musl/libc.a(inotify.lo)