Archive member included to satisfy reference by file (symbol)

/yuneta/development/outputs/lib/libtimeranger2.a(fs_watcher.c.o)
                              CMakeFiles/fs_watcher.dir/src/main_fs_watcher.c.o (fs_create_watcher_event)
/yuneta/development/outputs/lib/libyev_loop.a(yev_loop.c.o)
                              CMakeFiles/fs_watcher.dir/src/main_fs_watcher.c.o (yev_loop_create)
/yuneta/development/outputs/lib/libyunetas-gobj.a(gobj.c.o)
                              CMakeFiles/fs_watcher.dir/src/main_fs_watcher.c.o (gobj_start_up)
/yuneta/development/outputs/lib/libyunetas-gobj.a(gbmem.c.o)
                              CMakeFiles/fs_watcher.dir/src/main_fs_watcher.c.o (gbmem_get_allocators)
/yuneta/development/outputs/lib/libyunetas-gobj.a(gbuffer.c.o)
                              /yuneta/development/outputs/lib/libtimeranger2.a(fs_watcher.c.o) (gbuffer_create)
/yuneta/development/outputs/lib/libyunetas-gobj.a(glogger.c.o)
                              /yuneta/development/outputs/lib/libyunetas-gobj.a(gobj.c.o) (glog_init)
/yuneta/development/outputs/lib/libyunetas-gobj.a(log_udp_handler.c.o)
                              /yuneta/development/outputs/lib/libyunetas-gobj.a(glogger.c.o) (udpc_close)
/yuneta/development/outputs/lib/libyunetas-gobj.a(helpers.c.o)
                              /yuneta/development/outputs/lib/libyunetas-gobj.a(gbuffer.c.o) (newfile)
/yuneta/development/outputs/lib/libyunetas-gobj.a(kwid.c.o)
                              /yuneta/development/outputs/lib/libyunetas-gobj.a(gobj.c.o) (kw_add_binary_type)
/yuneta/development/outputs/lib/libyunetas-gobj.a(command_parser.c.o)
                              /yuneta/development/outputs/lib/libyunetas-gobj.a(gobj.c.o) (build_command_response)
/yuneta/development/outputs/lib/libyunetas-gobj.a(stats_parser.c.o)
                              /yuneta/development/outputs/lib/libyunetas-gobj.a(gobj.c.o) (build_stats_response)
/yuneta/development/outputs/lib/libyunetas-gobj.a(json_config.c.o)
                              /yuneta/development/outputs/lib/libyunetas-gobj.a(gobj.c.o) (json_config)
/yuneta/development/outputs/lib/libyunetas-gobj.a(json_replace_vars.c.o)
                              /yuneta/development/outputs/lib/libyunetas-gobj.a(gobj.c.o) (json_replace_var)
/yuneta/development/outputs/lib/libyunetas-gobj.a(rotatory.c.o)
                              /yuneta/development/outputs/lib/libyunetas-gobj.a(glogger.c.o) (rotatory_close)
/yuneta/development/outputs/lib/libyunetas-gobj.a(g_ev_kernel.c.o)
                              /yuneta/development/outputs/lib/libyunetas-gobj.a(gobj.c.o) (EV_STATE_CHANGED)
/yuneta/development/outputs/lib/libyunetas-gobj.a(00_http_parser.c.o)
                              /yuneta/development/outputs/lib/libyunetas-gobj.a(helpers.c.o) (http_parser_url_init)
/yuneta/development/outputs/lib/libyunetas-gobj.a(dl_list.c.o)
                              /yuneta/development/outputs/lib/libyunetas-gobj.a(gobj.c.o) (dl_init)
/yuneta/development/outputs_ext/lib/liburing.a(setup.ol)
                              /yuneta/development/outputs/lib/libyev_loop.a(yev_loop.c.o) (io_uring_queue_init_params)
/yuneta/development/outputs_ext/lib/liburing.a(queue.ol)
                              /yuneta/development/outputs/lib/libyev_loop.a(yev_loop.c.o) (__io_uring_get_cqe)
/yuneta/development/outputs_ext/lib/liburing.a(register.ol)
                              /yuneta/development/outputs_ext/lib/liburing.a(setup.ol) (io_uring_register_probe)
/yuneta/development/outputs_ext/lib/liburing.a(nolibc.ol)
                              /yuneta/development/outputs_ext/lib/liburing.a(setup.ol) (__uring_memset)
/yuneta/development/outputs_ext/lib/libjansson.a(dump.c.o)
                              /yuneta/development/outputs/lib/libyunetas-gobj.a(gbuffer.c.o) (json_dump_callback)
/yuneta/development/outputs_ext/lib/libjansson.a(hashtable.c.o)
                              /yuneta/development/outputs_ext/lib/libjansson.a(dump.c.o) (hashtable_init)
/yuneta/development/outputs_ext/lib/libjansson.a(hashtable_seed.c.o)
                              /yuneta/development/outputs_ext/lib/libjansson.a(hashtable.c.o) (hashtable_seed)
/yuneta/development/outputs_ext/lib/libjansson.a(load.c.o)
                              /yuneta/development/outputs/lib/libyunetas-gobj.a(helpers.c.o) (json_loads)
/yuneta/development/outputs_ext/lib/libjansson.a(memory.c.o)
                              /yuneta/development/outputs_ext/lib/libjansson.a(dump.c.o) (jsonp_malloc)
/yuneta/development/outputs_ext/lib/libjansson.a(pack_unpack.c.o)
                              /yuneta/development/outputs/lib/libyunetas-gobj.a(gobj.c.o) (json_pack)
/yuneta/development/outputs_ext/lib/libjansson.a(strbuffer.c.o)
                              /yuneta/development/outputs_ext/lib/libjansson.a(dump.c.o) (strbuffer_init)
/yuneta/development/outputs_ext/lib/libjansson.a(strconv.c.o)
[...]
Memory Configuration

Name             Origin             Length             Attributes
*default*        0x0000000000000000 0xffffffffffffffff

Linker script and memory map

LOAD /usr/local/musl/lib/Scrt1.o
LOAD /usr/local/musl/lib/crti.o
LOAD /usr/lib/gcc/x86_64-linux-gnu/13/crtbeginS.o
LOAD CMakeFiles/fs_watcher.dir/src/main_fs_watcher.c.o
LOAD /yuneta/development/outputs_ext/lib/libargp-standalone.a
LOAD /yuneta/development/outputs/lib/libtimeranger2.a
LOAD /yuneta/development/outputs/lib/libyev_loop.a
LOAD /yuneta/development/outputs/lib/libyunetas-gobj.a
LOAD /yuneta/development/outputs_ext/lib/liburing.a
LOAD /yuneta/development/outputs_ext/lib/libjansson.a
LOAD /yuneta/development/outputs_ext/lib/libpcre2-8.a
LOAD /yuneta/development/outputs_ext/lib/libbacktrace.a
LOAD /usr/lib/gcc/x86_64-linux-gnu/13/libgcc.a
LOAD /usr/lib/gcc/x86_64-linux-gnu/13/libgcc_eh.a
LOAD /usr/local/musl/lib/libc.so
LOAD /usr/lib/gcc/x86_64-linux-gnu/13/libgcc.a
LOAD /usr/lib/gcc/x86_64-linux-gnu/13/libgcc_eh.a
LOAD /usr/lib/gcc/x86_64-linux-gnu/13/crtendS.o
LOAD /usr/local/musl/lib/crtn.o
                [!provide]                        PROVIDE (__executable_start = SEGMENT_START ("text-segment", 0x0))
                0x0000000000000238                . = (SEGMENT_START ("text-segment", 0x0) + SIZEOF_HEADERS)

.interp         0x0000000000000238       0x19
 *(.interp)
 .interp        0x0000000000000238       0x19 /usr/local/musl/lib/Scrt1.o

.note.gnu.build-id
 *(.note.gnu.build-id)

.hash           0x0000000000000258      0x464
 *(.hash)
 .hash          0x0000000000000258      0x464 /usr/local/musl/lib/Scrt1.o

.gnu.hash       0x00000000000006c0       0x44
 *(.gnu.hash)
 .gnu.hash      0x00000000000006c0       0x44 /usr/local/musl/lib/Scrt1.o

.dynsym         0x0000000000000708      0xde0
 *(.dynsym)
 .dynsym        0x0000000000000708      0xde0 /usr/local/musl/lib/Scrt1.o

.dynstr         0x00000000000014e8      0x55f
 *(.dynstr)
 .dynstr        0x00000000000014e8      0x55f /usr/local/musl/lib/Scrt1.o

.gnu.version    0x0000000000001a48        0x0
 *(.gnu.version)
 .gnu.version   0x0000000000001a48        0x0 /usr/local/musl/lib/Scrt1.o

.gnu.version_d  0x0000000000001a48        0x0
 *(.gnu.version_d)
 .gnu.version_d
                0x0000000000001a48        0x0 /usr/local/musl/lib/Scrt1.o

.gnu.version_r  0x0000000000001a48        0x0
 *(.gnu.version_r)
 .gnu.version_r
                0x0000000000001a48        0x0 /usr/local/musl/lib/Scrt1.o

.rela.dyn       0x0000000000001a48     0x3078
 *(.rela.init)
 *(.rela.text .rela.text.* .rela.gnu.linkonce.t.*)
 .rela.text     0x0000000000001a48        0x0 /usr/local/musl/lib/Scrt1.o
 *(.rela.fini)
 *(.rela.rodata .rela.rodata.* .rela.gnu.linkonce.r.*)
 *(.rela.data .rela.data.* .rela.gnu.linkonce.d.*)
 .rela.data.rel.ro
                0x0000000000001a48       0x30 /usr/local/musl/lib/Scrt1.o
 .rela.data.rel.local
                0x0000000000001a78      0xed0 /usr/local/musl/lib/Scrt1.o
 .rela.data.rel.ro.local
                0x0000000000002948     0x1f38 /usr/local/musl/lib/Scrt1.o
 .rela.data.rel
                0x0000000000004880       0x78 /usr/local/musl/lib/Scrt1.o
 *(.rela.tdata .rela.tdata.* .rela.gnu.linkonce.td.*)
 *(.rela.tbss .rela.tbss.* .rela.gnu.linkonce.tb.*)
 *(.rela.ctors)
 *(.rela.dtors)
 *(.rela.got)
 .rela.got      0x00000000000048f8      0x180 /usr/local/musl/lib/Scrt1.o
 *(.rela.bss .rela.bss.* .rela.gnu.linkonce.b.*)
 .rela.bss      0x0000000000004a78        0x0 /usr/local/musl/lib/Scrt1.o
 *(.rela.ldata .rela.ldata.* .rela.gnu.linkonce.l.*)
 *(.rela.lbss .rela.lbss.* .rela.gnu.linkonce.lb.*)
 *(.rela.lrodata .rela.lrodata.* .rela.gnu.linkonce.lr.*)
 *(.rela.ifunc)
 .rela.ifunc    0x0000000000004a78        0x0 /usr/local/musl/lib/Scrt1.o
 .rela.fini_array
                0x0000000000004a78       0x30 /usr/local/musl/lib/Scrt1.o
 .rela.init_array
                0x0000000000004aa8       0x18 /usr/local/musl/lib/Scrt1.o

.rela.plt       0x0000000000004ac0      0xe58
 *(.rela.plt)
 .rela.plt      0x0000000000004ac0      0xe58 /usr/local/musl/lib/Scrt1.o
 *(.rela.iplt)

.relr.dyn
 *(.relr.dyn)
                0x0000000000006000                . = ALIGN (CONSTANT (MAXPAGESIZE))

.init           0x0000000000006000        0x3
 *(SORT_NONE(.init))
 .init          0x0000000000006000        0x1 /usr/local/musl/lib/crti.o
                0x0000000000006000                _init
 .init          0x0000000000006001        0x2 /usr/local/musl/lib/crtn.o

.plt            0x0000000000006010      0x9a0
 *(.plt)
 .plt           0x0000000000006010      0x9a0 /usr/local/musl/lib/Scrt1.o
                0x0000000000006020                putchar
                0x0000000000006030                clock_gettime
                0x0000000000006040                inotify_init1
                0x0000000000006070                sysconf
                0x0000000000006090                sigemptyset
                0x00000000000060a0                strerror
                0x00000000000060b0                strndup
                0x00000000000060c0                inet_pton
                0x00000000000060d0                __xpg_basename
                0x00000000000060e0                memmove
                0x00000000000060f0                snprintf
                0x0000000000006100                munmap
                0x0000000000006110                getpagesize
                0x0000000000006120                getpid
                0x0000000000006130                qsort
                0x0000000000006140                fgets
                0x0000000000006150                dirname
                0x0000000000006180                memcpy
                0x0000000000006190                perror
                0x00000000000061a0                readlink
                0x00000000000061b0                puts
                0x00000000000061c0                dup2
                0x00000000000061d0                getuid
                0x00000000000061e0                malloc
                0x00000000000061f0                remove
                0x0000000000006210                isatty
                0x0000000000006220                sysinfo
                0x0000000000006240                rmdir
                0x0000000000006250                socket
                0x0000000000006260                readdir
                0x0000000000006270                fflush
                0x0000000000006280                posix_madvise
                0x0000000000006290                mmap
                0x00000000000062a0                strncasecmp
                0x00000000000062b0                freeaddrinfo
                0x00000000000062c0                abort
                0x00000000000062d0                __stack_chk_fail
                0x00000000000062e0                gmtime_r
                0x00000000000062f0                chmod
                0x0000000000006300                pipe
                0x0000000000006310                strnlen
                0x0000000000006320                uname
                0x0000000000006330                rename
                0x0000000000006350                strrchr
                0x0000000000006360                __ctype_tolower_loc
                0x0000000000006370                calloc
                0x0000000000006380                strtod
                0x0000000000006390                sendfile
                0x00000000000063a0                write
                0x00000000000063b0                fstat
                0x00000000000063c0                dl_iterate_phdr
                0x00000000000063d0                strcat
                0x00000000000063e0                bind
                0x00000000000063f0                pthread_cond_broadcast
                0x0000000000006400                pthread_once
                0x0000000000006410                madvise
                0x0000000000006420                fstatvfs
                0x0000000000006430                setsockopt
                0x0000000000006450                fseek
                0x0000000000006460                memchr
                0x0000000000006470                umask
                0x0000000000006490                mktime
                0x00000000000064a0                lstat
                0x00000000000064b0                ferror
                0x00000000000064c0                strstr
                0x00000000000064d0                flock
                0x00000000000064e0                signal
                0x00000000000064f0                read
                0x0000000000006500                inotify_rm_watch
                0x0000000000006510                strncmp
                0x0000000000006520                strncpy
                0x0000000000006530                unlink
                0x0000000000006540                sendto
                0x0000000000006550                realloc
                0x0000000000006560                strtok
                0x0000000000006570                memcmp
                0x0000000000006580                listen
                0x0000000000006590                fork
                0x00000000000065a0                timerfd_create
                0x00000000000065b0                sigaction
                0x00000000000065c0                fread
                0x00000000000065e0                strdup
                0x00000000000065f0                regcomp
                0x0000000000006600                gettimeofday
                0x0000000000006610                fopen
                0x0000000000006620                localtime
                0x0000000000006630                memset
                0x0000000000006640                ftell
                0x0000000000006670                fclose
                0x0000000000006680                inet_ntoa
                0x0000000000006690                regexec
                0x00000000000066a0                time
                0x00000000000066b0                opendir
                0x00000000000066d0                pthread_mutex_unlock
                0x00000000000066e0                getpwuid
                0x00000000000066f0                atexit
                0x0000000000006700                getpeername
                0x0000000000006710                strsep
                0x0000000000006720                inotify_add_watch
                0x0000000000006730                fputc
                0x0000000000006740                __ctype_b_loc
                0x0000000000006750                getsockopt
                0x0000000000006760                localtime_r
                0x0000000000006770                getaddrinfo
                0x0000000000006790                strftime
                0x00000000000067a0                stat
                0x00000000000067b0                fwrite
                0x00000000000067c0                access
                0x00000000000067d0                pthread_mutex_lock
                0x00000000000067f0                pthread_cond_wait
                0x0000000000006810                __errno_location
                0x0000000000006820                exit
                0x0000000000006830                inet_ntop
                0x0000000000006840                getrandom
                0x0000000000006860                fileno
                0x0000000000006870                __ctype_toupper_loc
                0x0000000000006880                gmtime
                0x0000000000006890                strspn
                0x00000000000068a0                __libc_start_main
                0x00000000000068b0                strlen
                0x00000000000068c0                open
                0x00000000000068d0                regfree
                0x00000000000068e0                strchr
                0x00000000000068f0                fputs
                0x0000000000006900                timerfd_settime
                0x0000000000006910                execvp
                0x0000000000006920                setsid
                0x0000000000006930                closedir
                0x0000000000006940                fcntl
                0x0000000000006950                sched_yield
                0x0000000000006960                mkdir
                0x0000000000006970                close
                0x0000000000006990                free
                0x00000000000069a0                getsockname
 *(.iplt)

.plt.got        0x00000000000069b0       0x20
 *(.plt.got)
 .plt.got       0x00000000000069b0       0x20 /usr/local/musl/lib/Scrt1.o
                0x00000000000069b0                printf
                0x00000000000069b8                __cxa_finalize
                0x00000000000069c0                strcasecmp
                0x00000000000069c8                strcmp

.plt.sec
 *(.plt.sec)

.text           0x00000000000069d0    0xf0b2c
 *(.text.unlikely .text.*_unlikely .text.unlikely.*)
 .text.unlikely
                0x00000000000069d0       0x6c /yuneta/development/outputs/lib/libyev_loop.a(yev_loop.c.o)
 .text.unlikely
                0x0000000000006a3c        0xf /yuneta/development/outputs/lib/libyunetas-gobj.a(glogger.c.o)
 .text.unlikely
                0x0000000000006a4b       0x11 /yuneta/development/outputs/lib/libyunetas-gobj.a(helpers.c.o)
 .text.unlikely
                0x0000000000006a5c        0xe /yuneta/development/outputs/lib/libyunetas-gobj.a(kwid.c.o)
 .text.unlikely
                0x0000000000006a6a        0xa /yuneta/development/outputs/lib/libyunetas-gobj.a(00_http_parser.c.o)
 .text.unlikely
                0x0000000000006a74      0x32d /yuneta/development/outputs_ext/lib/liburing.a(setup.ol)
                0x0000000000006a74                io_uring_queue_mmap
                0x0000000000006aa8                io_uring_ring_dontfork
                0x0000000000006b66                io_uring_queue_init
                0x0000000000006bbf                io_uring_queue_exit
                0x0000000000006c4d                io_uring_get_probe_ring
                0x0000000000006c9d                io_uring_get_probe
                0x0000000000006ce4                io_uring_free_probe
                0x0000000000006ced                io_uring_mlock_size_params
                0x0000000000006d66                io_uring_mlock_size
 .text.unlikely
                0x0000000000006da1        0x9 /yuneta/development/outputs_ext/lib/libjansson.a(dump.c.o)
 .text.unlikely
                0x0000000000006daa        0x8 /yuneta/development/outputs_ext/lib/libjansson.a(value.c.o)
 .text.unlikely
                0x0000000000006db2        0xf /yuneta/development/outputs_ext/lib/libpcre2-8.a(pcre2_jit_compile.c.o)
 .text.unlikely
                0x0000000000006dc1        0x8 /yuneta/development/outputs_ext/lib/libbacktrace.a(elf.o)
 .text.unlikely
                0x0000000000006dc9       0x62 /usr/lib/gcc/x86_64-linux-gnu/13/libgcc_eh.a(unwind-dw2.o)
 .text.unlikely
                0x0000000000006e2b       0x36 /usr/lib/gcc/x86_64-linux-gnu/13/libgcc_eh.a(unwind-dw2-fde-dip.o)
 *(.text.exit .text.exit.*)
 *fill*         0x0000000000006e61        0xf 
 .text.exit     0x0000000000006e70       0xf9 /usr/lib/gcc/x86_64-linux-gnu/13/libgcc_eh.a(unwind-dw2-fde-dip.o)
 *(.text.startup .text.startup.*)
 *(.text.hot .text.hot.*)
 *(SORT_BY_NAME(.text.sorted.*))
 *(.text .stub .text.* .gnu.linkonce.t.*)
 *fill*         0x0000000000006f69        0x3 
 .text          0x0000000000006f6c       0x39 /usr/local/musl/lib/Scrt1.o
                0x0000000000006f6c                _start
                0x0000000000006f82                _start_c
 *fill*         0x0000000000006fa5        0x3 
 .text          0x0000000000006fa8        0x0 /usr/local/musl/lib/crti.o
 *fill*         0x0000000000006fa8        0x8 
 .text          0x0000000000006fb0       0xb9 /usr/lib/gcc/x86_64-linux-gnu/13/crtbeginS.o
 .text          0x0000000000007069      0x59d CMakeFiles/fs_watcher.dir/src/main_fs_watcher.c.o
                0x0000000000007339                main
 *fill*         0x0000000000007606        0xa 
 .text          0x0000000000007610     0x1566 /yuneta/development/outputs/lib/libtimeranger2.a(fs_watcher.c.o)
                0x0000000000008740                fs_create_watcher_event
                0x0000000000008b20                fs_start_watcher_event
                0x0000000000008b40                fs_stop_watcher_event
 *fill*         0x0000000000008b76        0xa 
 .text          0x0000000000008b80     0x8a1c /yuneta/development/outputs/lib/libyev_loop.a(yev_loop.c.o)
                0x0000000000008ea0                yev_loop_create
                0x0000000000009150                yev_loop_destroy
                0x0000000000009180                yev_loop_stop
                0x00000000000092b0                yev_loop_reset_running
                0x00000000000092c0                yev_protocol_set_protocol_fill_hints_fn
                0x00000000000092d0                yev_get_state_name
                0x0000000000009320                yev_set_gbuffer
                0x00000000000094b0                yev_get_yuno
                0x00000000000094c0                yev_start_event
                0x000000000000ac80                yev_start_timer_event
                0x000000000000b670                yev_stop_event
                0x000000000000be10                yev_destroy_event
                0x000000000000c410                yev_create_timer_event
                0x000000000000c700                yev_create_accept_event
                0x000000000000d540                yev_dup_accept_event
                0x000000000000d880                yev_dup2_accept_event
                0x000000000000db90                yev_create_poll_event
                0x000000000000de80                yev_create_read_event
                0x000000000000e170                yev_create_write_event
                0x000000000000e460                yev_create_recvmsg_event
                0x000000000000e790                yev_create_sendmsg_event
                0x000000000000eac0                set_tcp_socket_options
                0x000000000000fcc0                yev_loop_run
                0x00000000000100c0                yev_loop_run_once
                0x0000000000010350                yev_rearm_connect_event
                0x0000000000010f20                yev_create_connect_event
                0x0000000000011250                is_tcp_socket
                0x00000000000112c0                is_udp_socket
                0x0000000000011330                get_peername
                0x0000000000011460                get_sockname
                0x0000000000011590                yev_flag_strings
 *fill*         0x000000000001159c        0x4 
 .text          0x00000000000115a0    0x1d10c /yuneta/development/outputs/lib/libyunetas-gobj.a(gobj.c.o)
                0x0000000000014070                gobj_start_up
                0x0000000000014300                gobj_is_shutdowning
                0x0000000000014310                gobj_set_exit_code
                0x0000000000014320                gobj_get_exit_code
                0x0000000000014330                gclass_add_state
                0x00000000000144b0                gclass_add_ev_action
                0x0000000000014740                gclass_add_event_type
                0x0000000000014800                gobj_find_event_type
                0x0000000000014930                gclass_find_public_event
                0x0000000000014a00                gclass_unregister
                0x0000000000014b40                gclass_gclass_name
                0x0000000000014b60                gclass_has_attr
                0x0000000000014bd0                gclass_gclass_register
                0x0000000000014c60                gclass_find_by_name
                0x0000000000014ce0                gclass_event_type
                0x0000000000014d20                gclass_check_fsm
                0x0000000000015020                gclass_create
                0x0000000000015710                gobj_service_register
                0x0000000000015850                gobj_load_persistent_attrs
                0x0000000000015a30                gobj_save_persistent_attrs
                0x0000000000015c10                gobj_remove_persistent_attrs
                0x0000000000015cf0                gobj_list_persistent_attrs
                0x0000000000015ff0                gobj_sdata_create
                0x0000000000016040                gobj_hsdata
                0x0000000000016060                gclass_authz_desc
                0x0000000000016070                gclass_attr_desc
                0x00000000000161a0                gobj_attr_desc
                0x0000000000016230                gobj_attr_type
                0x00000000000162c0                gobj_has_attr
                0x0000000000016340                gobj_is_readable_attr
                0x00000000000163e0                gobj_is_writable_attr
                0x0000000000016480                gobj_reset_volatil_attrs
                0x0000000000016510                gobj_reset_rstats_attrs
                0x00000000000165a0                gobj_read_attr
                0x0000000000016650                gobj_read_attrs
                0x0000000000016720                gobj_read_user_data
                0x00000000000167a0                gobj_write_attr
                0x0000000000016a80                gobj_write_attrs
                0x0000000000016d70                gobj_write_user_data
                0x0000000000016de0                gobj_hsdata2
                0x0000000000016f70                gobj_has_bottom_attr
                0x0000000000017010                gobj_kw_get_user_data
                0x0000000000017040                gobj_read_str_attr
                0x00000000000171d0                gobj_read_bool_attr
                0x00000000000173a0                gobj_read_real_attr
                0x0000000000017490                gobj_read_json_attr
                0x0000000000017580                gobj_read_pointer_attr
                0x0000000000017680                gobj_write_str_attr
                0x00000000000177b0                gobj_write_strn_attr
                0x0000000000017980                gobj_write_bool_attr
                0x0000000000017a90                gobj_write_integer_attr
                0x0000000000017ba0                gobj_write_real_attr
                0x0000000000017cb0                gobj_write_json_attr
                0x0000000000017e80                gobj_write_new_json_attr
                0x0000000000018050                gobj_write_pointer_attr
                0x0000000000018160                gobj_local_method
                0x00000000000182d0                gobj_audit_commands
                0x00000000000182f0                gobj_set_bottom_gobj
                0x0000000000018510                gobj_last_bottom_gobj
                0x0000000000018540                gobj_bottom_gobj
                0x0000000000018560                gobj_services
                0x00000000000185f0                gobj_default_service
                0x0000000000018600                gobj_find_service
                0x0000000000018840                gobj_find_service_by_gclass
                0x00000000000189a0                gobj_nearest_top_service
                0x0000000000018a30                gobj_first_child
                0x0000000000018a90                gobj_last_child
                0x0000000000018af0                gobj_next_child
                0x0000000000018b50                gobj_prev_child
                0x0000000000018bb0                gobj_child_by_name
                0x0000000000018c70                gobj_child_by_index
                0x0000000000018d00                gobj_child_size
                0x0000000000018d10                gobj_match_gobj
                0x00000000000193c0                gobj_child_size2
                0x00000000000195f0                gobj_find_child
                0x00000000000198f0                gobj_match_children
                0x0000000000019c30                gobj_match_children_tree
                0x0000000000019f20                gobj_free_iter
                0x000000000001a130                gobj_search_path
                0x000000000001a2f0                gobj_find_gobj
                0x000000000001a370                gobj_walk_gobj_children
                0x000000000001a450                gobj_walk_gobj_children_tree
                0x000000000001a4c0                gobj_yuno
                0x000000000001a4e0                gobj_yuno_name
                0x000000000001a510                gobj_yuno_role
                0x000000000001a650                gobj_yuno_id
                0x000000000001a790                gobj_yuno_tag
                0x000000000001a8d0                gobj_yuno_role_plus_name
                0x000000000001aa10                gobj_yuno_realm_id
                0x000000000001ab50                gobj_yuno_realm_owner
                0x000000000001ac90                gobj_yuno_realm_role
                0x000000000001add0                gobj_yuno_realm_name
                0x000000000001af10                gobj_yuno_realm_env
                0x000000000001b050                gobj_yuno_node_owner
                0x000000000001b190                gobj_name
                0x000000000001b1b0                gobj_gclass_name
                0x000000000001b1d0                gobj_gclass
                0x000000000001b1f0                gobj_full_name
                0x000000000001b210                gobj_short_name
                0x000000000001b230                gobj_global_variables
                0x000000000001b620                gobj_priv_data
                0x000000000001b630                gobj_parent
                0x000000000001b650                gobj_is_destroying
                0x000000000001b670                gobj_is_running
                0x000000000001b6a0                gobj_is_playing
                0x000000000001b6d0                gobj_is_service
                0x000000000001b6f0                gobj_is_disabled
                0x000000000001b720                gobj_is_volatil
                0x000000000001b730                gobj_set_volatil
                0x000000000001b750                gobj_is_pure_child
                0x000000000001b760                gobj_is_bottom_gobj
                0x000000000001b790                gobj_typeof_gclass
                0x000000000001b7c0                gobj_typeof_inherited_gclass
                0x000000000001b820                gclass_command_desc
                0x000000000001b950                gobj_command_desc
                0x000000000001b9e0                get_sdata_flag_table
                0x000000000001b9f0                get_attrs_schema
                0x000000000001bcf0                gclass2json
                0x000000000001cdb0                gobj_current_state
                0x000000000001ce20                gobj_in_this_state
                0x000000000001ce40                gobj_has_state
                0x000000000001ce80                gobj_has_event
                0x000000000001cfa0                gobj_has_output_event
                0x000000000001d0c0                gobj_event_type
                0x000000000001d1f0                gobj_event_type_by_name
                0x000000000001d310                gobj_subs_desc
                0x000000000001d320                gobj_find_subscriptions
                0x000000000001d370                gobj_find_subscribings
                0x000000000001d3c0                gobj_list_subscriptions
                0x000000000001d540                gobj_list_subscribings
                0x000000000001d6c0                gobj_authenticate
                0x000000000001d7d0                authzs_list
                0x000000000001d980                gobj_authzs
                0x000000000001d990                gobj_authz
                0x000000000001da00                gobj_get_global_authz_table
                0x000000000001da10                authz_get_level_desc
                0x000000000001daf0                gobj_build_authzs_doc
                0x000000000001dca0                gobj_set_stat
                0x000000000001dd10                gobj_incr_stat
                0x000000000001dd80                gobj_decr_stat
                0x000000000001ddf0                gobj_get_stat
                0x000000000001de20                gobj_jn_stats
                0x000000000001de30                gobj_create_resource
                0x000000000001e040                gobj_save_resource
                0x000000000001e290                gobj_delete_resource
                0x000000000001e570                gobj_list_resource
                0x000000000001e780                gobj_get_resource
                0x000000000001e990                gobj_treedbs
                0x000000000001eaa0                gobj_treedb_topics
                0x000000000001ebb0                gobj_topic_desc
                0x000000000001ecb0                gobj_topic_links
                0x000000000001edc0                gobj_topic_hooks
                0x000000000001eed0                gobj_topic_size
                0x000000000001efd0                gobj_create_node
                0x000000000001f1e0                gobj_update_node
                0x000000000001f3f0                gobj_delete_node
                0x000000000001f640                gobj_link_nodes
                0x000000000001f9e0                gobj_unlink_nodes
                0x000000000001fd80                gobj_get_node
                0x0000000000020050                gobj_list_nodes
                0x0000000000020320                gobj_list_instances
                0x00000000000205f0                gobj_node_parents
                0x00000000000208c0                gobj_node_children
                0x0000000000020ba0                gobj_topic_jtree
                0x0000000000020eb0                gobj_node_tree
                0x0000000000021120                gobj_shoot_snap
                0x0000000000021230                gobj_activate_snap
                0x0000000000021340                gobj_list_snaps
                0x0000000000021450                gobj_repr_global_trace_levels
                0x00000000000214f0                gobj_repr_gclass_trace_levels
                0x00000000000216f0                gobj_trace_level_list
                0x0000000000021760                gobj_get_global_trace_level
                0x0000000000021a10                gobj_get_gclass_trace_level
                0x0000000000021a30                gobj_get_gclass_trace_no_level
                0x0000000000021a50                gobj_get_gobj_trace_no_level
                0x0000000000021a80                gobj_get_gclass_trace_level_list
                0x0000000000021d90                gobj_get_gclass_trace_no_level_list
                0x00000000000220a0                gobj_get_gobj_trace_no_level_tree
                0x00000000000222f0                gobj_global_trace_level
                0x0000000000022310                gobj_trace_level
                0x0000000000022490                gobj_read_integer_attr
                0x00000000000225b0                gobj_start
                0x0000000000022b00                gobj_start_children
                0x0000000000022c00                gobj_start_tree
                0x0000000000022d40                gobj_enable
                0x0000000000022e60                gobj_autostart_services
                0x0000000000022f00                gobj_play
                0x0000000000023270                gobj_autoplay_services
                0x0000000000023300                gobj_pause
                0x00000000000234c0                gobj_pause_autoplay_services
                0x00000000000235f0                gobj_stop
                0x0000000000023840                gobj_stop_children
                0x0000000000023940                gobj_stop_tree
                0x0000000000023a70                gobj_disable
                0x0000000000023b70                gobj_stop_autostart_services
                0x0000000000023ca0                gobj_shutdown
                0x0000000000023d30                gobj_command
                0x0000000000024100                gobj_stats
                0x0000000000024410                gobj_change_state
                0x00000000000246f0                gobj_send_event
                0x0000000000025060                gobj_publish_event
                0x0000000000026000                gobj_send_event_to_children_tree
                0x0000000000026240                gobj_send_event_to_children
                0x00000000000264a0                gobj_user_has_authz
                0x0000000000026630                gobj_get_gobj_trace_level
                0x0000000000026d40                gobj_unsubscribe_list
                0x0000000000026f60                gobj_destroy
                0x00000000000279f0                gobj_end
                0x0000000000027cf0                gobj_destroy_children
                0x0000000000027de0                gobj_subscribe_event
                0x0000000000028dd0                gobj_unsubscribe_event
                0x00000000000293c0                gobj_create2
                0x000000000002a700                gobj_create_yuno
                0x000000000002a720                gobj_create_service
                0x000000000002a730                gobj_create_default_service
                0x000000000002a740                gobj_create_volatil
                0x000000000002a750                gobj_create_pure_child
                0x000000000002a760                gobj_create
                0x000000000002b480                gobj_create_tree
                0x000000000002b550                gobj_service_factory
                0x000000000002c020                gobj_get_gobj_trace_level_tree
                0x000000000002c100                gobj_destroy_named_children
                0x000000000002c2d0                gobj2json
                0x000000000002d180                gobj_view_tree
                0x000000000002d280                gobj_trace_no_level
                0x000000000002d2b0                gobj_set_deep_tracing
                0x000000000002d2c0                gobj_get_deep_tracing
                0x000000000002d2d0                gobj_set_global_trace
                0x000000000002d410                gobj_set_gobj_trace
                0x000000000002d8e0                gobj_set_gclass_trace
                0x000000000002dac0                gobj_set_global_no_trace
                0x000000000002dc00                gobj_load_trace_filter
                0x000000000002dd00                gobj_add_trace_filter
                0x000000000002df30                gobj_remove_trace_filter
                0x000000000002e1d0                gobj_get_trace_filter
                0x000000000002e1e0                gobj_set_gclass_no_trace
                0x000000000002e3e0                gobj_set_trace_machine_format
                0x000000000002e3f0                tab
                0x000000000002e460                gobj_set_gobj_no_trace
                0x000000000002e610                gobj_is_level_tracing
                0x000000000002e660                gobj_is_level_not_tracing
 *fill*         0x000000000002e6ac        0x4 
 .text          0x000000000002e6b0      0x5c5 /yuneta/development/outputs/lib/libyunetas-gobj.a(gbmem.c.o)
                0x000000000002ea40                gbmem_setup
                0x000000000002ea60                gbmem_shutdown
                0x000000000002ea70                gbmem_set_allocators
                0x000000000002eaa0                gbmem_get_allocators
                0x000000000002eaf0                gbmem_malloc
                0x000000000002eb00                gbmem_free
                0x000000000002eb10                gbmem_realloc
                0x000000000002eb20                gbmem_calloc
                0x000000000002eb30                gbmem_strndup
                0x000000000002ebd0                gbmem_strdup
                0x000000000002ec30                gbmem_get_maximum_block
                0x000000000002ec40                get_max_system_memory
                0x000000000002ec50                get_cur_system_memory
                0x000000000002ec60                set_memory_check_list
                0x000000000002ec70                print_track_mem
 *fill*         0x000000000002ec75        0xb 
 .text          0x000000000002ec80     0x2db7 /yuneta/development/outputs/lib/libyunetas-gobj.a(gbuffer.c.o)
                0x000000000002f010                gbuffer_create
                0x000000000002f1d0                gbuffer_remove
                0x000000000002f290                gbuffer_set_rd_offset
                0x000000000002f350                gbuffer_getline
                0x000000000002f3c0                gbuffer_set_wr
                0x000000000002f450                gbuffer_append
                0x000000000002f5f0                gbuffer_append_gbuf
                0x000000000002f8c0                gbuffer_append_json
                0x000000000002fb10                gbuffer_vprintf
                0x000000000002fd80                gbuffer_printf
                0x000000000002fe40                gbuffer_setlabel
                0x000000000002fee0                gbuf2file
                0x0000000000030170                gbuffer_string_to_base64
                0x0000000000030560                gbuffer_serialize
                0x0000000000030700                gbuffer_file2base64
                0x0000000000030860                gbuffer_base64_to_string
                0x0000000000030dd0                gbuffer_deserialize
                0x0000000000031050                gbuffer_encode_base64
                0x0000000000031110                str2gbuf
                0x00000000000313a0                json2gbuf
                0x00000000000314e0                gobj_trace_dump_gbuf
                0x00000000000316d0                gbuf2json
                0x0000000000031860                gobj_trace_dump_full_gbuf
 *fill*         0x0000000000031a37        0x9 
 .text          0x0000000000031a40     0x3b34 /yuneta/development/outputs/lib/libyunetas-gobj.a(glogger.c.o)
                0x0000000000031a40                stdout_write
                0x0000000000031c20                stdout_fwrite
                0x0000000000032a70                glog_init
                0x0000000000032a90                gobj_log_register_handler
                0x0000000000032b10                gobj_log_exist_handler
                0x0000000000032b90                gobj_log_list_handlers
                0x0000000000032c80                gobj_log_set_global_handler_option
                0x0000000000032ca0                gobj_get_log_priority_name
                0x0000000000032cc0                gobj_get_log_data
                0x0000000000032d80                gobj_log_clear_counters
                0x0000000000032dd0                gobj_log_last_message
                0x0000000000032de0                gobj_log_set_last_message
                0x0000000000033ee0                gobj_log_alert
                0x0000000000033fb0                gobj_log_critical
                0x0000000000034080                gobj_log_error
                0x0000000000034150                gobj_log_warning
                0x0000000000034220                gobj_log_info
                0x00000000000342f0                gobj_log_debug
                0x00000000000343c0                set_show_backtrace_fn
                0x00000000000343d0                print_backtrace
                0x0000000000034400                gobj_trace_msg
                0x00000000000344f0                trace_msg0
                0x0000000000034660                gobj_info_msg
                0x0000000000034750                gobj_trace_json
                0x0000000000034890                gobj_trace_buffer
                0x00000000000349b0                gobj_trace_dump
                0x0000000000034ad0                print_error
                0x0000000000034d40                gobj_log_add_handler
                0x0000000000034f40                gobj_log_del_handler
                0x00000000000350b0                glog_end
                0x0000000000035180                _log_bf
                0x00000000000351a0                trace_vjson
                0x00000000000351e0                trace_machine
                0x00000000000353d0                trace_machine2
 *fill*         0x0000000000035574        0xc 
 .text          0x0000000000035580      0xc0d /yuneta/development/outputs/lib/libyunetas-gobj.a(log_udp_handler.c.o)
                0x0000000000035820                udpc_start_up
                0x00000000000358b0                udpc_end
                0x0000000000035920                udpc_open
                0x0000000000035b60                udpc_close
                0x0000000000035bc0                udpc_write
                0x0000000000036070                udpc_fwrite
 *fill*         0x000000000003618d        0x3 
 .text          0x0000000000036190     0xdf64 /yuneta/development/outputs/lib/libyunetas-gobj.a(helpers.c.o)
                0x0000000000038c00                newdir
                0x0000000000038c50                newfile
                0x0000000000038cb0                open_exclusive
                0x0000000000038d00                filesize
                0x0000000000038d60                filesize2
                0x0000000000038dc0                lock_file
                0x0000000000038e20                unlock_file
                0x0000000000038e80                is_regular_file
                0x0000000000038ef0                is_directory
                0x0000000000038f60                file_size
                0x0000000000038fc0                file_permission
                0x0000000000039020                mkrdir
                0x0000000000039320                rmrdir
                0x00000000000395d0                delete_right_char
                0x0000000000039620                delete_left_char
                0x0000000000039690                build_path
                0x0000000000039960                file_exists
                0x0000000000039a00                subdir_exists
                0x0000000000039aa0                file_remove
                0x0000000000039b40                rmrcontentdir
                0x000000000003a320                get_last_segment
                0x000000000003a350                pop_last_segment
                0x000000000003a3a0                helper_quote2doublequote
                0x000000000003a3e0                helper_doublequote2quote
                0x000000000003a420                all_numbers
                0x000000000003a480                nice_size
                0x000000000003a690                delete_right_blanks
                0x000000000003a6e0                delete_left_blanks
                0x000000000003a760                left_justify
                0x000000000003a830                strntoupper
                0x000000000003a890                strntolower
                0x000000000003a8f0                translate_string
                0x000000000003aa20                change_char
                0x000000000003aa60                get_parameter
                0x000000000003ab60                get_key_value_parameter
                0x000000000003ad30                split2
                0x000000000003ae90                split_free2
                0x000000000003aef0                split3
                0x000000000003b010                split_free3
                0x000000000003b070                str_concat
                0x000000000003b0e0                str_concat3
                0x000000000003b180                str_concat_free
                0x000000000003b1a0                idx_in_list
                0x000000000003b220                str_in_list
                0x000000000003b280                load_json_from_file
                0x000000000003b420                save_json_to_file
                0x000000000003ba60                create_json_record
                0x000000000003bf30                json_desc_to_schema
                0x000000000003c0a0                bits2jn_strlist
                0x000000000003c220                bits2gbuffer
                0x000000000003c2e0                strings2bits
                0x000000000003c450                json_list_str_index
                0x000000000003c590                json_list_int
                0x000000000003c630                json_list_int_index
                0x000000000003c6f0                json_list_find
                0x000000000003c7a0                json_list_update
                0x000000000003c8b0                json_is_range
                0x000000000003c950                json_range_list
                0x000000000003ca30                json_listsrange2set
                0x000000000003cb70                json_dict_recursive_update
                0x000000000003cdc0                jn2real
                0x000000000003ce40                jn2integer
                0x000000000003cef0                jn2string
                0x000000000003d010                jn2bool
                0x000000000003d0a0                cmp_two_simple_json
                0x000000000003d300                json_is_identical
                0x000000000003d310                anystring2json
                0x000000000003d4a0                string2json
                0x000000000003d5d0                set_real_precision
                0x000000000003d5f0                get_real_precision
                0x000000000003d600                json2str
                0x000000000003d630                json2uglystr
                0x000000000003d660                json_size
                0x000000000003d6b0                json_check_refcounts
                0x000000000003e120                json_print_refcounts
                0x000000000003e410                json_str_in_list
                0x000000000003e590                walk_dir_tree
                0x000000000003e710                dir_array_free
                0x000000000003e7a0                find_files_with_suffix_array
                0x000000000003ec50                dir_array_sort
                0x000000000003ec80                walk_dir_array
                0x000000000003ee00                get_ordered_filename_array
                0x000000000003efa0                tm_to_time_t
                0x000000000003f050                show_date_relative
                0x000000000003f2c0                date_mode_from_type
                0x000000000003f300                show_date
                0x000000000003f870                parse_date_basic
                0x00000000000404b0                parse_expiry_date
                0x00000000000405a0                parse_date
                0x0000000000040660                parse_date_format
                0x0000000000040a00                datestamp
                0x0000000000040af0                approxidate_relative
                0x0000000000040b70                approxidate_careful
                0x0000000000040c10                date_overflows
                0x0000000000040c30                hex2bin
                0x0000000000040cd0                bin2hex
                0x0000000000040d50                tdump
                0x0000000000041280                tdump2json
                0x00000000000415a0                print_json2
                0x0000000000041660                debug_json
                0x0000000000041a60                current_timestamp
                0x0000000000041b30                tm2timestamp
                0x0000000000041b50                t2timestamp
                0x0000000000041bb0                start_sectimer
                0x0000000000041c00                test_sectimer
                0x0000000000041c50                start_msectimer
                0x0000000000041cc0                test_msectimer
                0x0000000000041d40                time_in_milliseconds_monotonic
                0x0000000000041db0                time_in_milliseconds
                0x0000000000041e10                time_in_seconds
                0x0000000000041e50                cpu_usage
                0x0000000000041ef0                cpu_usage_percent
                0x0000000000042090                htonll
                0x00000000000420b0                ntohll
                0x00000000000420d0                list_open_files
                0x00000000000422c0                formatdate
                0x00000000000423a0                count_char
                0x00000000000423d0                get_hostname
                0x00000000000424f0                create_random_uuid
                0x00000000000426d0                node_uuid
                0x0000000000042800                is_metadata_key
                0x0000000000042890                is_private_key
                0x0000000000042920                comm_prot_register
                0x00000000000429e0                comm_prot_get_gclass
                0x0000000000042a90                comm_prot_free
                0x0000000000042b00                launch_daemon
                0x0000000000042ef0                parse_url
                0x0000000000043210                get_url_schema
                0x0000000000043390                show_backtrace_with_backtrace
                0x0000000000043410                init_backtrace_with_backtrace
                0x0000000000043490                free_ram_in_kb
                0x0000000000043680                total_ram_in_kb
                0x0000000000043780                read_process_cmdline
                0x00000000000438c0                copyfile
                0x00000000000439e0                set_nonblocking
                0x0000000000043b30                set_cloexec
                0x0000000000043cd0                load_persistent_json
                0x0000000000044020                upper
                0x0000000000044060                lower
                0x00000000000440a0                capitalize
 *fill*         0x00000000000440f4        0xc 
 .text          0x0000000000044100     0xa16e /yuneta/development/outputs/lib/libyunetas-gobj.a(kwid.c.o)
                0x0000000000044ae0                kw_add_binary_type
                0x0000000000044b90                kw_serialize
                0x0000000000044cc0                kw_serialize_to_string
                0x0000000000044f30                kw_deserialize
                0x0000000000044fe0                kw_incref
                0x00000000000451a0                kw_decref
                0x0000000000045360                kw_has_key
                0x00000000000453a0                kw_set_path_delimiter
                0x00000000000453c0                kw_find_path
                0x0000000000045c30                kw_match_simple
                0x0000000000045cb0                kw_set_dict_value
                0x0000000000046360                kw_set_subdict_value
                0x0000000000046580                kw_delete
                0x00000000000466b0                kw_delete_subkey
                0x00000000000467f0                kw_find_str_in_list
                0x0000000000046870                kwid_find_record_in_list
                0x0000000000046b10                kw_find_json_in_list
                0x0000000000046c70                kw_select
                0x0000000000046fe0                kw_collect
                0x0000000000047200                kw_get_dict
                0x0000000000047760                kw_get_list
                0x0000000000047cb0                kw_get_list_value
                0x0000000000047eb0                kw_get_int
                0x0000000000048460                kw_get_real
                0x0000000000048a00                kw_get_bool
                0x0000000000049020                kw_get_str
                0x0000000000049580                kw_get_dict_value
                0x0000000000049a40                kw_get_subdict_value
                0x000000000004a010                kw_update_except
                0x000000000004a0c0                kw_duplicate
                0x000000000004a150                kw_clone_by_path
                0x000000000004a510                kw_clone_by_keys
                0x000000000004ac40                kw_clone_by_not_keys
                0x000000000004b410                kw_pop
                0x000000000004b520                kw_delete_private_keys
                0x000000000004b5d0                kw_delete_metadata_keys
                0x000000000004b680                kwid_compare_records
                0x000000000004bf40                kwid_compare_lists
                0x000000000004c840                kw_walk
                0x000000000004c8b0                kw_collapse
                0x000000000004c970                kwid_get
                0x000000000004ca90                kwid_new_list
                0x000000000004cd00                kwid_new_dict
                0x000000000004d090                kw_filter_private
                0x000000000004d190                kw_filter_metadata
                0x000000000004d290                kw_size
                0x000000000004d2c0                kwjr_get
                0x000000000004d960                kwid_get_ids
                0x000000000004db10                kw_has_word
                0x000000000004dd60                kwid_match_id
                0x000000000004dfe0                kwid_match_nid
 *fill*         0x000000000004e26e        0x2 
 .text          0x000000000004e270     0x1d45 /yuneta/development/outputs/lib/libyunetas-gobj.a(command_parser.c.o)
                0x000000000004e7b0                command_parser
                0x000000000004f7e0                gobj_build_cmds_doc
                0x000000000004fee0                build_command_response
 *fill*         0x000000000004ffb5        0xb 
 .text          0x000000000004ffc0      0x895 /yuneta/development/outputs/lib/libyunetas-gobj.a(stats_parser.c.o)
                0x0000000000050520                build_stats
                0x00000000000506d0                stats_parser
                0x0000000000050780                build_stats_response
 *fill*         0x0000000000050855        0xb 
 .text          0x0000000000050860      0xbcd /yuneta/development/outputs/lib/libyunetas-gobj.a(json_config.c.o)
                0x00000000000511a0                json_config
 *fill*         0x000000000005142d        0x3 
 .text          0x0000000000051430      0x997 /yuneta/development/outputs/lib/libyunetas-gobj.a(json_replace_vars.c.o)
                0x0000000000051860                json_replace_var_custom
                0x0000000000051db0                json_replace_var
 *fill*         0x0000000000051dc7        0x9 
 .text          0x0000000000051dd0      0xe99 /yuneta/development/outputs/lib/libyunetas-gobj.a(rotatory.c.o)
                0x0000000000051dd0                rotatory_end
                0x0000000000051e70                rotatory_start_up
                0x0000000000051ee0                rotatory_open
                0x00000000000522e0                rotatory_close
                0x0000000000052380                rotatory_subscribe2newfile
                0x00000000000523a0                rotatory_trunk
                0x00000000000524b0                rotatory_flush
                0x0000000000052a60                rotatory_write
                0x0000000000052b50                rotatory_fwrite
                0x0000000000052c60                rotatory_path
 .text          0x0000000000052c69        0x0 /yuneta/development/outputs/lib/libyunetas-gobj.a(g_ev_kernel.c.o)
 *fill*         0x0000000000052c69        0x7 
 .text          0x0000000000052c70     0x42ab /yuneta/development/outputs/lib/libyunetas-gobj.a(00_http_parser.c.o)
                0x0000000000053010                http_message_needs_eof
                0x0000000000053080                http_should_keep_alive
                0x0000000000053110                http_parser_execute
                0x0000000000056310                http_method_str
                0x0000000000056330                http_status_str
                0x0000000000056530                http_parser_init
                0x0000000000056580                http_parser_settings_init
                0x00000000000565a0                http_errno_name
                0x00000000000565c0                http_errno_description
                0x00000000000565e0                http_parser_url_init
                0x00000000000565f0                http_parser_parse_url
                0x0000000000056eb0                http_parser_pause
                0x0000000000056ee0                http_body_is_final
                0x0000000000056f00                http_parser_version
                0x0000000000056f10                http_parser_set_max_header_size
 *fill*         0x0000000000056f1b        0x5 
 .text          0x0000000000056f20      0x857 /yuneta/development/outputs/lib/libyunetas-gobj.a(dl_list.c.o)
                0x0000000000056f20                dl_init
                0x0000000000056f60                dl_insert
                0x0000000000057020                dl_add
                0x00000000000570e0                dl_find
                0x0000000000057110                dl_nfind
                0x0000000000057160                dl_delete
                0x0000000000057320                dl_delete_item
                0x0000000000057470                dl_flush
 *fill*         0x0000000000057777        0x9 
 .text          0x0000000000057780      0xd45 /yuneta/development/outputs_ext/lib/liburing.a(setup.ol)
                0x0000000000057780                io_uring_unmap_rings
                0x00000000000577c0                io_uring_setup_ring_pointers
                0x00000000000578b0                io_uring_mmap
                0x0000000000057b20                __io_uring_queue_init_params
                0x00000000000580f0                io_uring_queue_init_mem
                0x0000000000058180                io_uring_queue_init_params
                0x0000000000058200                io_uring_memory_size_params
                0x00000000000582f0                io_uring_memory_size
                0x00000000000583a0                io_uring_setup_buf_ring
                0x0000000000058490                io_uring_free_buf_ring
 *fill*         0x00000000000584c5        0xb 
 .text          0x00000000000584d0     0x10f5 /yuneta/development/outputs_ext/lib/liburing.a(queue.ol)
                0x0000000000058940                __io_uring_get_cqe
                0x0000000000058980                io_uring_get_events
                0x00000000000589c0                io_uring_peek_batch_cqe
                0x0000000000058d40                io_uring_wait_cqes
                0x0000000000058e20                io_uring_wait_cqes_min_timeout
                0x0000000000058ea0                io_uring_submit_and_wait_reg
                0x0000000000058f20                io_uring_submit_and_wait_min_timeout
                0x0000000000059070                io_uring_submit_and_wait_timeout
                0x00000000000591a0                io_uring_wait_cqe_timeout
                0x0000000000059280                io_uring_submit
                0x0000000000059370                io_uring_submit_and_wait
                0x0000000000059480                io_uring_submit_and_get_events
                0x0000000000059510                io_uring_get_sqe
                0x0000000000059590                __io_uring_sqring_wait
 *fill*         0x00000000000595c5        0xb 
 .text          0x00000000000595d0     0x1016 /yuneta/development/outputs_ext/lib/liburing.a(register.ol)
                0x00000000000595d0                io_uring_register_buffers_update_tag
                0x0000000000059630                io_uring_register_buffers_tags
                0x0000000000059690                io_uring_register_buffers_sparse
                0x00000000000596f0                io_uring_register_buffers
                0x0000000000059730                io_uring_unregister_buffers
                0x0000000000059770                io_uring_register_files_update_tag
                0x00000000000597d0                io_uring_register_files_update
                0x0000000000059820                io_uring_register_files_sparse
                0x00000000000598f0                io_uring_register_files_tags
                0x00000000000599c0                io_uring_register_files
                0x0000000000059a70                io_uring_unregister_files
                0x0000000000059ab0                io_uring_register_eventfd
                0x0000000000059af0                io_uring_unregister_eventfd
                0x0000000000059b30                io_uring_register_eventfd_async
                0x0000000000059b70                io_uring_register_probe
                0x0000000000059bb0                io_uring_register_personality
                0x0000000000059bf0                io_uring_unregister_personality
                0x0000000000059c30                io_uring_register_restrictions
                0x0000000000059c70                io_uring_enable_rings
                0x0000000000059cb0                io_uring_register_iowq_aff
                0x0000000000059d00                io_uring_unregister_iowq_aff
                0x0000000000059d40                io_uring_register_iowq_max_workers
                0x0000000000059d80                io_uring_register_ring_fd
                0x0000000000059e20                io_uring_unregister_ring_fd
                0x0000000000059eb0                io_uring_close_ring_fd
                0x0000000000059f10                io_uring_register_buf_ring
                0x0000000000059f50                io_uring_unregister_buf_ring
                0x0000000000059fb0                io_uring_buf_ring_head
                0x000000000005a020                io_uring_register_sync_cancel
                0x000000000005a060                io_uring_register_file_alloc_range
                0x000000000005a0b0                io_uring_register_napi
                0x000000000005a0f0                io_uring_unregister_napi
                0x000000000005a130                io_uring_register_clock
                0x000000000005a170                __io_uring_clone_buffers_offset
                0x000000000005a220                io_uring_clone_buffers_offset
                0x000000000005a2d0                io_uring_clone_buffers
                0x000000000005a360                __io_uring_clone_buffers
                0x000000000005a400                io_uring_register_ifq
                0x000000000005a440                io_uring_resize_rings
                0x000000000005a560                io_uring_register_wait_reg
                0x000000000005a570                io_uring_register_region
                0x000000000005a5b0                io_uring_set_iowait
 *fill*         0x000000000005a5e6        0xa 
 .text          0x000000000005a5f0       0x8c /yuneta/development/outputs_ext/lib/liburing.a(nolibc.ol)
                0x000000000005a5f0                __uring_memset
                0x000000000005a620                __uring_malloc
                0x000000000005a660                __uring_free
 *fill*         0x000000000005a67c        0x4 
 .text          0x000000000005a680     0x1385 /yuneta/development/outputs_ext/lib/libjansson.a(dump.c.o)
                0x000000000005b7c0                json_dump_callback
                0x000000000005b860                json_dumps
                0x000000000005b900                json_dumpb
                0x000000000005b960                json_dumpf
                0x000000000005b980                json_dump_file
                0x000000000005b9e0                json_dumpfd
 *fill*         0x000000000005ba05        0xb 
 .text          0x000000000005ba10      0xcb1 /yuneta/development/outputs_ext/lib/libjansson.a(hashtable.c.o)
                0x000000000005be10                hashtable_init
                0x000000000005bea0                hashtable_close
                0x000000000005bf20                hashtable_set
                0x000000000005c200                hashtable_get
                0x000000000005c2c0                hashtable_del
                0x000000000005c450                hashtable_clear
                0x000000000005c550                hashtable_iter_at
                0x000000000005c610                hashtable_iter_next
                0x000000000005c630                hashtable_iter
                0x000000000005c640                hashtable_iter_key
                0x000000000005c650                hashtable_iter_key_len
                0x000000000005c660                hashtable_iter_value
                0x000000000005c670                hashtable_iter_set
 *fill*         0x000000000005c6c1        0xf 
 .text          0x000000000005c6d0      0x120 /yuneta/development/outputs_ext/lib/libjansson.a(hashtable_seed.c.o)
                0x000000000005c6d0                json_object_seed
 .text          0x000000000005c7f0     0x2121 /yuneta/development/outputs_ext/lib/libjansson.a(load.c.o)
                0x000000000005e190                json_loads
                0x000000000005e2e0                json_loadb
                0x000000000005e450                json_loadf
                0x000000000005e5a0                json_loadfd
                0x000000000005e700                json_load_file
                0x000000000005e7c0                json_load_callback
 *fill*         0x000000000005e911        0xf 
 .text          0x000000000005e920       0xe3 /yuneta/development/outputs_ext/lib/libjansson.a(memory.c.o)
                0x000000000005e920                jsonp_malloc
                0x000000000005e940                jsonp_free
                0x000000000005e960                jsonp_strndup
                0x000000000005e9a0                jsonp_strdup
                0x000000000005e9c0                json_set_alloc_funcs
                0x000000000005e9e0                json_get_alloc_funcs
 *fill*         0x000000000005ea03        0xd 
 .text          0x000000000005ea10     0x23ec /yuneta/development/outputs_ext/lib/libjansson.a(pack_unpack.c.o)
                0x00000000000607a0                json_vpack_ex
                0x0000000000060950                json_pack_ex
                0x0000000000060a00                json_pack
                0x0000000000060ad0                json_vunpack_ex
                0x0000000000060c90                json_unpack_ex
                0x0000000000060d40                json_unpack
 *fill*         0x0000000000060dfc        0x4 
 .text          0x0000000000060e00      0x1d3 /yuneta/development/outputs_ext/lib/libjansson.a(strbuffer.c.o)
                0x0000000000060e00                strbuffer_init
                0x0000000000060e40                strbuffer_close
                0x0000000000060e70                strbuffer_clear
                0x0000000000060e90                strbuffer_value
                0x0000000000060ea0                strbuffer_steal_value
                0x0000000000060eb0                strbuffer_append_bytes
                0x0000000000060f80                strbuffer_append_byte
                0x0000000000060fb0                strbuffer_pop
 *fill*         0x0000000000060fd3        0xd 
 .text          0x0000000000060fe0      0x40f /yuneta/development/outputs_ext/lib/libjansson.a(strconv.c.o)
                0x0000000000060fe0                jsonp_strtod
                0x00000000000610e0                jsonp_dtostr
 *fill*         0x00000000000613ef        0x1 
 .text          0x00000000000613f0      0x341 /yuneta/development/outputs_ext/lib/libjansson.a(utf.c.o)
                0x00000000000613f0                utf8_encode
                0x00000000000614e0                utf8_check_first
                0x0000000000061530                utf8_check_full
                0x00000000000615f0                utf8_iterate
                0x00000000000616a0                utf8_check_string
 *fill*         0x0000000000061731        0xf 
 .text          0x0000000000061740     0x1fb7 /yuneta/development/outputs_ext/lib/libjansson.a(value.c.o)
                0x0000000000061740                json_object
                0x00000000000617b0                json_object_size
                0x00000000000617e0                json_object_getn
                0x0000000000061810                json_object_get
                0x0000000000061850                json_object_deln
                0x0000000000061880                json_object_del
                0x00000000000618c0                json_object_clear
                0x00000000000618f0                json_object_iter
                0x0000000000061920                json_object_iter_at
                0x0000000000061980                json_object_iter_next
                0x00000000000619b0                json_object_iter_key
                0x00000000000619d0                json_object_iter_key_len
                0x00000000000619f0                json_object_iter_value
                0x0000000000061a10                json_object_key_to_iter
                0x0000000000061a30                json_array
                0x0000000000061aa0                json_array_size
                0x0000000000061ac0                json_array_get
                0x0000000000061af0                json_array_extend
                0x0000000000061c30                json_string_nocheck
                0x0000000000061cb0                json_stringn_nocheck
                0x0000000000061d20                jsonp_stringn_nocheck_own
                0x0000000000061d80                json_stringn
                0x0000000000061dd0                json_string
                0x0000000000061e00                json_string_value
                0x0000000000061e20                json_string_length
                0x0000000000061e40                json_string_setn_nocheck
                0x0000000000061ea0                json_string_set_nocheck
                0x0000000000061ee0                json_string_setn
                0x0000000000061f30                json_string_set
                0x0000000000061f70                json_vsprintf
                0x0000000000062070                json_sprintf
                0x0000000000062130                json_integer
                0x0000000000062160                json_integer_value
                0x0000000000062180                json_integer_set
                0x00000000000621a0                json_real
                0x0000000000062220                json_real_value
                0x0000000000062240                json_real_set
                0x0000000000062280                json_number_value
                0x00000000000622d0                json_true
                0x00000000000622e0                json_false
                0x00000000000622f0                json_null
                0x0000000000062300                jsonp_loop_check
                0x0000000000062390                json_delete
                0x0000000000062490                json_array_clear
                0x0000000000062510                json_array_remove
                0x00000000000625e0                json_object_iter_set_new
                0x0000000000062650                json_object_setn_new_nocheck
                0x00000000000626c0                json_object_update_missing
                0x00000000000627c0                json_object_set_new_nocheck
                0x0000000000062820                json_object_setn_new
                0x00000000000628b0                json_object_set_new
                0x0000000000062910                json_object_update
                0x00000000000629f0                json_object_update_existing
                0x0000000000062ae0                do_object_update_recursive
                0x0000000000062c80                json_object_update_recursive
                0x0000000000062d00                json_array_set_new
                0x0000000000062db0                json_array_insert_new
                0x0000000000062f20                json_array_append_new
                0x0000000000063020                json_equal
                0x0000000000063210                json_copy
                0x00000000000633c0                do_deep_copy
                0x0000000000063690                json_deep_copy
 *fill*         0x00000000000636f7        0x9 
 .text          0x0000000000063700     0x76f2 /yuneta/development/outputs_ext/lib/libjansson.a(dtoa.c.o)
                0x0000000000064ab0                gethex
                0x0000000000065970                strtod__unused
                0x0000000000068a80                freedtoa
                0x0000000000068af0                dtoa_r
                0x000000000006ad90                dtoa
 *fill*         0x000000000006adf2        0xe 
 .text          0x000000000006ae00      0x1da /yuneta/development/outputs_ext/lib/libjansson.a(error.c.o)
                0x000000000006ae00                jsonp_error_set_source
                0x000000000006ae90                jsonp_error_init
                0x000000000006aec0                jsonp_error_vset
                0x000000000006af30                jsonp_error_set
 *fill*         0x000000000006afda        0x6 
 .text          0x000000000006afe0    0x10d62 /yuneta/development/outputs_ext/lib/libpcre2-8.a(pcre2_compile.c.o)
                0x00000000000737c0                pcre2_code_copy_8
                0x0000000000073830                pcre2_code_copy_with_tables_8
                0x0000000000073900                pcre2_code_free_8
                0x0000000000073970                _pcre2_check_escape_8
                0x000000000007a6d0                pcre2_compile_8
 *fill*         0x000000000007bd42        0xe 
 .text          0x000000000007bd50     0x4acd /yuneta/development/outputs_ext/lib/libpcre2-8.a(pcre2_compile_class.c.o)
                0x000000000007c800                _pcre2_update_classbits_8
                0x000000000007cf90                _pcre2_compile_class_not_nested_8
                0x00000000000804f0                _pcre2_compile_class_nested_8
 *fill*         0x000000000008081d        0x3 
 .text          0x0000000000080820      0x6f6 /yuneta/development/outputs_ext/lib/libpcre2-8.a(pcre2_context.c.o)
                0x0000000000080840                _pcre2_memctl_malloc_8
                0x00000000000808b0                pcre2_general_context_create_8
                0x0000000000080900                pcre2_compile_context_create_8
                0x00000000000809e0                pcre2_match_context_create_8
                0x0000000000080ae0                pcre2_convert_context_create_8
                0x0000000000080b60                pcre2_general_context_copy_8
                0x0000000000080b90                pcre2_compile_context_copy_8
                0x0000000000080be0                pcre2_match_context_copy_8
                0x0000000000080c40                pcre2_convert_context_copy_8
                0x0000000000080c70                pcre2_general_context_free_8
                0x0000000000080c90                pcre2_compile_context_free_8
                0x0000000000080cb0                pcre2_match_context_free_8
                0x0000000000080cd0                pcre2_convert_context_free_8
                0x0000000000080cf0                pcre2_set_character_tables_8
                0x0000000000080d00                pcre2_set_bsr_8
                0x0000000000080d20                pcre2_set_max_pattern_length_8
                0x0000000000080d30                pcre2_set_max_pattern_compiled_length_8
                0x0000000000080d40                pcre2_set_newline_8
                0x0000000000080d60                pcre2_set_max_varlookbehind_8
                0x0000000000080d70                pcre2_set_parens_nest_limit_8
                0x0000000000080d80                pcre2_set_compile_extra_options_8
                0x0000000000080d90                pcre2_set_compile_recursion_guard_8
                0x0000000000080da0                pcre2_set_optimize_8
                0x0000000000080e10                pcre2_set_callout_8
                0x0000000000080e20                pcre2_set_substitute_callout_8
                0x0000000000080e30                pcre2_set_substitute_case_callout_8
                0x0000000000080e40                pcre2_set_heap_limit_8
                0x0000000000080e50                pcre2_set_match_limit_8
                0x0000000000080e60                pcre2_set_depth_limit_8
                0x0000000000080e70                pcre2_set_offset_limit_8
                0x0000000000080e80                pcre2_set_recursion_limit_8
                0x0000000000080e90                pcre2_set_recursion_memory_management_8
                0x0000000000080ea0                pcre2_set_glob_separator_8
                0x0000000000080ec0                pcre2_set_glob_escape_8
 *fill*         0x0000000000080f16        0xa 
 .text          0x0000000000080f20      0x288 /yuneta/development/outputs_ext/lib/libpcre2-8.a(pcre2_find_bracket.c.o)
                0x0000000000080f20                _pcre2_find_bracket_8
 *fill*         0x00000000000811a8        0x8 
 .text          0x00000000000811b0    0x3e9d1 /yuneta/development/outputs_ext/lib/libpcre2-8.a(pcre2_jit_compile.c.o)
                0x00000000000bf450                pcre2_jit_compile_8
                0x00000000000bf630                pcre2_jit_match_8
                0x00000000000bf840                _pcre2_jit_free_rodata_8
                0x00000000000bf880                _pcre2_jit_free_8
                0x00000000000bf8f0                pcre2_jit_free_unused_memory_8
                0x00000000000bf980                pcre2_jit_stack_create_8
                0x00000000000bfaf0                pcre2_jit_stack_assign_8
                0x00000000000bfb10                pcre2_jit_stack_free_8
                0x00000000000bfb60                _pcre2_jit_get_target_8
                0x00000000000bfb70                _pcre2_jit_get_size_8
 *fill*         0x00000000000bfb81        0xf 
 .text          0x00000000000bfb90    0x15ba2 /yuneta/development/outputs_ext/lib/libpcre2-8.a(pcre2_match.c.o)
                0x00000000000d3ba0                pcre2_match_8
 *fill*         0x00000000000d5732        0xe 
 .text          0x00000000000d5740      0x129 /yuneta/development/outputs_ext/lib/libpcre2-8.a(pcre2_match_data.c.o)
                0x00000000000d5740                pcre2_match_data_create_8
                0x00000000000d5790                pcre2_match_data_create_from_pattern_8
                0x00000000000d57b0                pcre2_match_data_free_8
                0x00000000000d5800                pcre2_get_mark_8
                0x00000000000d5810                pcre2_get_ovector_pointer_8
                0x00000000000d5820                pcre2_get_ovector_count_8
                0x00000000000d5830                pcre2_get_startchar_8
                0x00000000000d5840                pcre2_get_match_data_size_8
                0x00000000000d5860                pcre2_get_match_data_heapframes_size_8
 *fill*         0x00000000000d5869        0x7 
 .text          0x00000000000d5870      0x505 /yuneta/development/outputs_ext/lib/libpcre2-8.a(pcre2_newline.c.o)
                0x00000000000d5870                _pcre2_is_newline_8
                0x00000000000d5af0                _pcre2_was_newline_8
 *fill*         0x00000000000d5d75        0xb 
 .text          0x00000000000d5d80       0x95 /yuneta/development/outputs_ext/lib/libpcre2-8.a(pcre2_ord2utf.c.o)
                0x00000000000d5d80                _pcre2_ord2utf_8
 *fill*         0x00000000000d5e15        0xb 
 .text          0x00000000000d5e20      0x725 /yuneta/development/outputs_ext/lib/libpcre2-8.a(pcre2_script_run.c.o)
                0x00000000000d5e20                _pcre2_script_run_8
 *fill*         0x00000000000d6545        0xb 
 .text          0x00000000000d6550      0x169 /yuneta/development/outputs_ext/lib/libpcre2-8.a(pcre2_string_utils.c.o)
                0x00000000000d6550                _pcre2_strcmp_8
                0x00000000000d6590                _pcre2_strcmp_c8_8
                0x00000000000d65d0                _pcre2_strncmp_8
                0x00000000000d6610                _pcre2_strncmp_c8_8
                0x00000000000d6650                _pcre2_strlen_8
                0x00000000000d6680                _pcre2_strcpy_c8_8
 *fill*         0x00000000000d66b9        0x7 
 .text          0x00000000000d66c0     0x256d /yuneta/development/outputs_ext/lib/libpcre2-8.a(pcre2_study.c.o)
                0x00000000000d87f0                _pcre2_study_8
 .text          0x00000000000d8c2d        0x0 /yuneta/development/outputs_ext/lib/libpcre2-8.a(pcre2_tables.c.o)
 .text          0x00000000000d8c2d        0x0 /yuneta/development/outputs_ext/lib/libpcre2-8.a(pcre2_ucd.c.o)
 *fill*         0x00000000000d8c2d        0x3 
 .text          0x00000000000d8c30      0x3c9 /yuneta/development/outputs_ext/lib/libpcre2-8.a(pcre2_valid_utf.c.o)
                0x00000000000d8c30                _pcre2_valid_utf_8
 *fill*         0x00000000000d8ff9        0x7 
 .text          0x00000000000d9000      0xe7c /yuneta/development/outputs_ext/lib/libpcre2-8.a(pcre2_xclass.c.o)
                0x00000000000d9000                _pcre2_xclass_8
                0x00000000000d9d50                _pcre2_eclass_8
 *fill*         0x00000000000d9e7c        0x4 
 .text          0x00000000000d9e80     0x2022 /yuneta/development/outputs_ext/lib/libpcre2-8.a(pcre2_auto_possess.c.o)
                0x00000000000db4f0                _pcre2_auto_possessify_8
 .text          0x00000000000dbea2        0x0 /yuneta/development/outputs_ext/lib/libpcre2-8.a(pcre2_chartables.c.o)
 *fill*         0x00000000000dbea2        0xe 
 .text          0x00000000000dbeb0       0x1f /yuneta/development/outputs_ext/lib/libpcre2-8.a(pcre2_chkdint.c.o)
                0x00000000000dbeb0                _pcre2_ckd_smul
 *fill*         0x00000000000dbecf        0x1 
 .text          0x00000000000dbed0      0x4c3 /yuneta/development/outputs_ext/lib/libpcre2-8.a(pcre2_extuni.c.o)
                0x00000000000dbed0                _pcre2_extuni_8
 *fill*         0x00000000000dc393        0xd 
 .text          0x00000000000dc3a0       0x94 /yuneta/development/outputs_ext/lib/libbacktrace.a(state.o)
                0x00000000000dc3a0                backtrace_create_state
 *fill*         0x00000000000dc434        0xc 
 .text          0x00000000000dc440      0x151 /yuneta/development/outputs_ext/lib/libbacktrace.a(backtrace.o)
                0x00000000000dc4f0                backtrace_full
 *fill*         0x00000000000dc591        0xf 
 .text          0x00000000000dc5a0      0x5cc /yuneta/development/outputs_ext/lib/libbacktrace.a(mmap.o)
                0x00000000000dc5a0                backtrace_free
                0x00000000000dc6e0                backtrace_alloc
                0x00000000000dc8b0                backtrace_vector_grow
                0x00000000000dc9d0                backtrace_vector_finish
                0x00000000000dc9f0                backtrace_vector_release
 *fill*         0x00000000000dcb6c        0x4 
 .text          0x00000000000dcb70      0x301 /yuneta/development/outputs_ext/lib/libbacktrace.a(fileline.o)
                0x00000000000dcd80                backtrace_pcinfo
                0x00000000000dcde0                backtrace_syminfo
                0x00000000000dce40                backtrace_syminfo_to_full_callback
                0x00000000000dce60                backtrace_syminfo_to_full_error_callback
 *fill*         0x00000000000dce71        0xf 
 .text          0x00000000000dce80       0xfc /yuneta/development/outputs_ext/lib/libbacktrace.a(posix.o)
                0x00000000000dce80                backtrace_open
                0x00000000000dcf30                backtrace_close
 *fill*         0x00000000000dcf7c        0x4 
 .text          0x00000000000dcf80     0xa6cd /yuneta/development/outputs_ext/lib/libbacktrace.a(elf.o)
                0x00000000000e7250                backtrace_uncompress_zdebug
                0x00000000000e73e0                backtrace_uncompress_zstd
                0x00000000000e7470                backtrace_uncompress_lzma
                0x00000000000e7480                backtrace_initialize
 *fill*         0x00000000000e764d        0x3 
 .text          0x00000000000e7650      0x10c /yuneta/development/outputs_ext/lib/libbacktrace.a(mmapio.o)
                0x00000000000e7650                backtrace_get_view
                0x00000000000e7710                backtrace_release_view
 *fill*         0x00000000000e775c        0x4 
 .text          0x00000000000e7760     0x885e /yuneta/development/outputs_ext/lib/libbacktrace.a(dwarf.o)
                0x00000000000ee6a0                backtrace_dwarf_add
 *fill*         0x00000000000effbe        0x2 
 .text          0x00000000000effc0      0x6a4 /yuneta/development/outputs_ext/lib/libbacktrace.a(sort.o)
                0x00000000000effc0                backtrace_qsort
 *fill*         0x00000000000f0664        0xc 
 .text          0x00000000000f0670     0x3bc0 /usr/lib/gcc/x86_64-linux-gnu/13/libgcc_eh.a(unwind-dw2.o)
                0x00000000000f35c0                _Unwind_GetGR
                0x00000000000f3600                _Unwind_GetCFA
                0x00000000000f3610                _Unwind_SetGR
                0x00000000000f3660                _Unwind_GetIP
                0x00000000000f3670                _Unwind_GetIPInfo
                0x00000000000f3690                _Unwind_SetIP
                0x00000000000f36a0                _Unwind_GetLanguageSpecificData
                0x00000000000f36b0                _Unwind_GetRegionStart
                0x00000000000f36c0                _Unwind_FindEnclosingFunction
                0x00000000000f36f0                _Unwind_GetDataRelBase
                0x00000000000f3700                _Unwind_GetTextRelBase
                0x00000000000f3710                __frame_state_for
                0x00000000000f3800                _Unwind_RaiseException
                0x00000000000f3ba0                _Unwind_ForcedUnwind
                0x00000000000f3db0                _Unwind_Resume
                0x00000000000f3fc0                _Unwind_Resume_or_Rethrow
                0x00000000000f4110                _Unwind_DeleteException
                0x00000000000f4140                _Unwind_Backtrace
 .text          0x00000000000f4230     0x32cc /usr/lib/gcc/x86_64-linux-gnu/13/libgcc_eh.a(unwind-dw2-fde-dip.o)
                0x00000000000f6530                __register_frame_info_bases
                0x00000000000f65b0                __register_frame_info
                0x00000000000f6630                __register_frame
                0x00000000000f66c0                __register_frame_info_table_bases
                0x00000000000f6730                __register_frame_info_table
                0x00000000000f67b0                __register_frame_table
                0x00000000000f6840                __deregister_frame_info_bases
                0x00000000000f6860                __deregister_frame_info
                0x00000000000f6880                __deregister_frame
                0x00000000000f68b0                _Unwind_Find_FDE
 .text          0x00000000000f74fc        0x0 /usr/lib/gcc/x86_64-linux-gnu/13/crtendS.o
 .text          0x00000000000f74fc        0x0 /usr/local/musl/lib/crtn.o
 *(.gnu.warning)

.fini           0x00000000000f74fc        0x3
 *(SORT_NONE(.fini))
 .fini          0x00000000000f74fc        0x1 /usr/local/musl/lib/crti.o
                0x00000000000f74fc                _fini
 .fini          0x00000000000f74fd        0x2 /usr/local/musl/lib/crtn.o
                [!provide]                        PROVIDE (__etext = .)
                [!provide]                        PROVIDE (_etext = .)
                [!provide]                        PROVIDE (etext = .)
                0x00000000000f8000                . = ALIGN (CONSTANT (MAXPAGESIZE))
                0x00000000000f8000                . = SEGMENT_START ("rodata-segment", (ALIGN (CONSTANT (MAXPAGESIZE)) + (. & (CONSTANT (MAXPAGESIZE) - 0x1))))

.rodata         0x00000000000f8000    0x368d0
 *(.rodata .rodata.* .gnu.linkonce.r.*)
 .rodata        0x00000000000f8000      0x10e CMakeFiles/fs_watcher.dir/src/main_fs_watcher.c.o
 .rodata.str1.1
                0x00000000000f810e     0x4d7d /yuneta/development/outputs/lib/libtimeranger2.a(fs_watcher.c.o)
                                        0x60c (size before relaxing)
 *fill*         0x00000000000fce8b        0x5 
 .rodata.str1.8
                0x00000000000fce90     0x32c3 /yuneta/development/outputs/lib/libtimeranger2.a(fs_watcher.c.o)
                                        0x1bd (size before relaxing)
 *fill*         0x0000000000100153        0xd 
 .rodata        0x0000000000100160      0x128 /yuneta/development/outputs/lib/libtimeranger2.a(fs_watcher.c.o)
 .rodata.str1.1
                0x0000000000100288      0x7fd /yuneta/development/outputs/lib/libyev_loop.a(yev_loop.c.o)
 .rodata.str1.8
                0x0000000000100288      0x73a /yuneta/development/outputs/lib/libyev_loop.a(yev_loop.c.o)
 *fill*         0x0000000000100288        0x8 
 .rodata        0x0000000000100290     0x1360 /yuneta/development/outputs/lib/libyev_loop.a(yev_loop.c.o)
 .rodata.cst8   0x00000000001015f0      0x1a0 /yuneta/development/outputs/lib/libyev_loop.a(yev_loop.c.o)
                                         0x10 (size before relaxing)
 .rodata.str1.1
                0x0000000000101790     0x1d13 /yuneta/development/outputs/lib/libyunetas-gobj.a(gobj.c.o)
 *fill*         0x0000000000101790       0x10 
 .rodata        0x00000000001017a0     0x105f /yuneta/development/outputs/lib/libyunetas-gobj.a(gobj.c.o)
 .rodata.str1.8
                0x00000000001027ff      0xd3e /yuneta/development/outputs/lib/libyunetas-gobj.a(gobj.c.o)
 .rodata.str1.1
                0x00000000001027ff       0xad /yuneta/development/outputs/lib/libyunetas-gobj.a(gbmem.c.o)
 *fill*         0x00000000001027ff        0x1 
 .rodata        0x0000000000102800       0x2c /yuneta/development/outputs/lib/libyunetas-gobj.a(gbmem.c.o)
 .rodata.str1.1
                0x000000000010282c      0x337 /yuneta/development/outputs/lib/libyunetas-gobj.a(gbuffer.c.o)
 .rodata.str1.8
                0x000000000010282c       0xa4 /yuneta/development/outputs/lib/libyunetas-gobj.a(gbuffer.c.o)
 *fill*         0x000000000010282c       0x14 
 .rodata        0x0000000000102840      0x201 /yuneta/development/outputs/lib/libyunetas-gobj.a(gbuffer.c.o)
 .rodata.str1.1
                0x0000000000102a41      0x2fc /yuneta/development/outputs/lib/libyunetas-gobj.a(glogger.c.o)
 *fill*         0x0000000000102a41       0x1f 
 .rodata        0x0000000000102a60      0x2c2 /yuneta/development/outputs/lib/libyunetas-gobj.a(glogger.c.o)
 .rodata.str1.8
                0x0000000000102d22      0x109 /yuneta/development/outputs/lib/libyunetas-gobj.a(glogger.c.o)
 .rodata.str1.8
                0x0000000000102d22      0x105 /yuneta/development/outputs/lib/libyunetas-gobj.a(log_udp_handler.c.o)
 .rodata.str1.1
                0x0000000000102d22       0xed /yuneta/development/outputs/lib/libyunetas-gobj.a(log_udp_handler.c.o)
 .rodata.str1.1
                0x0000000000102d22      0xa23 /yuneta/development/outputs/lib/libyunetas-gobj.a(helpers.c.o)
 .rodata.str1.8
                0x0000000000102d22      0x689 /yuneta/development/outputs/lib/libyunetas-gobj.a(helpers.c.o)
 *fill*         0x0000000000102d22       0x1e 
 .rodata        0x0000000000102d40      0x4b0 /yuneta/development/outputs/lib/libyunetas-gobj.a(helpers.c.o)
 .rodata.cst16  0x00000000001031f0      0x1b0 /yuneta/development/outputs/lib/libyunetas-gobj.a(helpers.c.o)
                                         0x70 (size before relaxing)
 .rodata.cst8   0x00000000001033a0       0x20 /yuneta/development/outputs/lib/libyunetas-gobj.a(helpers.c.o)
 .rodata.str1.1
                0x00000000001033a0      0x4c9 /yuneta/development/outputs/lib/libyunetas-gobj.a(kwid.c.o)
 .rodata        0x00000000001033a0      0x3d3 /yuneta/development/outputs/lib/libyunetas-gobj.a(kwid.c.o)
 .rodata.str1.8
                0x0000000000103773      0x369 /yuneta/development/outputs/lib/libyunetas-gobj.a(kwid.c.o)
 .rodata.cst8   0x0000000000103773        0x8 /yuneta/development/outputs/lib/libyunetas-gobj.a(kwid.c.o)
 .rodata.str1.1
                0x0000000000103773      0x18b /yuneta/development/outputs/lib/libyunetas-gobj.a(command_parser.c.o)
 .rodata.str1.8
                0x0000000000103773      0x229 /yuneta/development/outputs/lib/libyunetas-gobj.a(command_parser.c.o)
 *fill*         0x0000000000103773        0x5 
 .rodata        0x0000000000103778       0x5d /yuneta/development/outputs/lib/libyunetas-gobj.a(command_parser.c.o)
 .rodata.str1.1
                0x00000000001037d5       0x2b /yuneta/development/outputs/lib/libyunetas-gobj.a(stats_parser.c.o)
 .rodata.str1.1
                0x00000000001037d5      0x193 /yuneta/development/outputs/lib/libyunetas-gobj.a(json_config.c.o)
 .rodata.str1.8
                0x00000000001037d5      0x12a /yuneta/development/outputs/lib/libyunetas-gobj.a(json_config.c.o)
 *fill*         0x00000000001037d5        0x3 
 .rodata        0x00000000001037d8        0xf /yuneta/development/outputs/lib/libyunetas-gobj.a(json_config.c.o)
 .rodata.str1.1
                0x00000000001037e7       0x68 /yuneta/development/outputs/lib/libyunetas-gobj.a(json_replace_vars.c.o)
 .rodata.str1.8
                0x00000000001037e7       0x44 /yuneta/development/outputs/lib/libyunetas-gobj.a(json_replace_vars.c.o)
 *fill*         0x00000000001037e7        0x9 