Archive member included to satisfy reference by file (symbol)

/yuneta/development/outputs_static/lib/libtimeranger2.a(timeranger2.c.o)
                              CMakeFiles/test_tr_msg2.dir/test_tr_msg2.c.o (tranger2_startup)
/yuneta/development/outputs_static/lib/libtimeranger2.a(tr_msg.c.o)
                              CMakeFiles/test_tr_msg2.dir/test_tr_msg2.c.o (trmsg_open_topics)
/yuneta/development/outputs_static/lib/libtimeranger2.a(fs_watcher.c.o)
                              /yuneta/development/outputs_static/lib/libtimeranger2.a(timeranger2.c.o) (fs_create_watcher_event)
/yuneta/development/outputs_static/lib/libyev_loop.a(yev_loop.c.o)
                              CMakeFiles/test_tr_msg2.dir/test_tr_msg2.c.o (yev_loop_create)
/yuneta/development/outputs_static/lib/libyunetas-gobj.a(gobj.c.o)
                              CMakeFiles/test_tr_msg2.dir/test_tr_msg2.c.o (gobj_start_up)
/yuneta/development/outputs_static/lib/libyunetas-gobj.a(glog.c.o)
                              /yuneta/development/outputs_static/lib/libyunetas-gobj.a(gobj.c.o) (glog_init)
/yuneta/development/outputs_static/lib/libyunetas-gobj.a(log_udp_handler.c.o)
                              /yuneta/development/outputs_static/lib/libyunetas-gobj.a(glog.c.o) (udpc_close)
/yuneta/development/outputs_static/lib/libyunetas-gobj.a(helpers.c.o)
                              /yuneta/development/outputs_static/lib/libtimeranger2.a(timeranger2.c.o) (newfile)
/yuneta/development/outputs_static/lib/libyunetas-gobj.a(kwid.c.o)
                              /yuneta/development/outputs_static/lib/libyunetas-gobj.a(gobj.c.o) (kw_add_binary_type)
/yuneta/development/outputs_static/lib/libyunetas-gobj.a(gbuffer.c.o)
                              /yuneta/development/outputs_static/lib/libtimeranger2.a(timeranger2.c.o) (gbuffer_create)
/yuneta/development/outputs_static/lib/libyunetas-gobj.a(command_parser.c.o)
                              /yuneta/development/outputs_static/lib/libyunetas-gobj.a(gobj.c.o) (build_command_response)
/yuneta/development/outputs_static/lib/libyunetas-gobj.a(stats_parser.c.o)
                              /yuneta/development/outputs_static/lib/libyunetas-gobj.a(gobj.c.o) (build_stats_response)
/yuneta/development/outputs_static/lib/libyunetas-gobj.a(testing.c.o)
                              /yuneta/development/outputs_static/lib/libyev_loop.a(yev_loop.c.o) (yev_time_measure)
/yuneta/development/outputs_static/lib/libyunetas-gobj.a(json_config.c.o)
                              /yuneta/development/outputs_static/lib/libyunetas-gobj.a(gobj.c.o) (json_config)
/yuneta/development/outputs_static/lib/libyunetas-gobj.a(json_replace_vars.c.o)
                              /yuneta/development/outputs_static/lib/libyunetas-gobj.a(gobj.c.o) (json_replace_var)
/yuneta/development/outputs_static/lib/libyunetas-gobj.a(rotatory.c.o)
                              /yuneta/development/outputs_static/lib/libyunetas-gobj.a(glog.c.o) (rotatory_close)
/yuneta/development/outputs_static/lib/libyunetas-gobj.a(00_http_parser.c.o)
                              /yuneta/development/outputs_static/lib/libyunetas-gobj.a(helpers.c.o) (http_parser_execute)
/yuneta/development/outputs_ext_static/lib/libjansson.a(dump.c.o)
                              /yuneta/development/outputs_static/lib/libyunetas-gobj.a(gbuffer.c.o) (json_dump_callback)
/yuneta/development/outputs_ext_static/lib/libjansson.a(hashtable.c.o)
                              /yuneta/development/outputs_ext_static/lib/libjansson.a(dump.c.o) (hashtable_init)
/yuneta/development/outputs_ext_static/lib/libjansson.a(hashtable_seed.c.o)
                              /yuneta/development/outputs_ext_static/lib/libjansson.a(hashtable.c.o) (hashtable_seed)
/yuneta/development/outputs_ext_static/lib/libjansson.a(load.c.o)
                              /yuneta/development/outputs_static/lib/libyunetas-gobj.a(helpers.c.o) (json_loads)
/yuneta/development/outputs_ext_static/lib/libjansson.a(memory.c.o)
                              /yuneta/development/outputs_ext_static/lib/libjansson.a(dump.c.o) (jsonp_malloc)
/yuneta/development/outputs_ext_static/lib/libjansson.a(pack_unpack.c.o)
                              CMakeFiles/test_tr_msg2.dir/test_tr_msg2.c.o (json_pack)
/yuneta/development/outputs_ext_static/lib/libjansson.a(strbuffer.c.o)
                              /yuneta/development/outputs_ext_static/lib/libjansson.a(dump.c.o) (strbuffer_init)
/yuneta/development/outputs_ext_static/lib/libjansson.a(strconv.c.o)
                              /yuneta/development/outputs_ext_static/lib/libjansson.a(load.c.o) (jsonp_strtod)
/yuneta/development/outputs_ext_static/lib/libjansson.a(utf.c.o)
                              /yuneta/development/outputs_ext_static/lib/libjansson.a(load.c.o) (utf8_encode)
/yuneta/development/outputs_ext_static/lib/libjansson.a(value.c.o)
                              /yuneta/development/outputs_static/lib/libtimeranger2.a(timeranger2.c.o) (json_object)
[...]
Memory Configuration

Name             Origin             Length             Attributes
*default*        0x0000000000000000 0xffffffffffffffff

Linker script and memory map

LOAD /usr/lib/x86_64-linux-musl/Scrt1.o
LOAD /usr/lib/x86_64-linux-musl/crti.o
LOAD /usr/lib/gcc/x86_64-linux-gnu/13/crtbeginS.o
LOAD CMakeFiles/test_tr_msg2.dir/test_tr_msg2.c.o
LOAD /yuneta/development/outputs_static/lib/libyunetas-core-linux.a
LOAD /yuneta/development/outputs_ext_static/lib/libargp-standalone.a
LOAD /yuneta/development/outputs_static/lib/libtimeranger2.a
LOAD /yuneta/development/outputs_static/lib/libyev_loop.a
LOAD /yuneta/development/outputs_static/lib/libytls.a
LOAD /yuneta/development/outputs_static/lib/libyunetas-gobj.a
LOAD /yuneta/development/outputs_ext_static/lib/libjansson.a
LOAD /yuneta/development/outputs_ext_static/lib/liburing.a
LOAD /yuneta/development/outputs_ext_static/lib/libpcre2-8.a
LOAD /yuneta/development/outputs_ext_static/lib/libpcre2-8.a
LOAD /yuneta/development/outputs_ext_static/lib/libjwt.a
LOAD /yuneta/development/outputs_ext_static/lib/libssl.a
LOAD /yuneta/development/outputs_ext_static/lib/libcrypto.a
LOAD /usr/lib/x86_64-linux-musl/libpthread.a
LOAD /usr/lib/x86_64-linux-musl/libdl.a
LOAD /yuneta/development/outputs_ext_static/lib/libjwt.a
LOAD /yuneta/development/outputs_ext_static/lib/libmbedtls.a
LOAD /yuneta/development/outputs_ext_static/lib/libmbedx509.a
LOAD /yuneta/development/outputs_ext_static/lib/libmbedcrypto.a
LOAD /yuneta/development/outputs_ext_static/lib/libbacktrace.a
LOAD /yuneta/development/outputs_ext_static/lib/libssl.a
LOAD /yuneta/development/outputs_ext_static/lib/libcrypto.a
LOAD /usr/lib/x86_64-linux-musl/libpthread.a
LOAD /usr/lib/x86_64-linux-musl/libdl.a
LOAD /yuneta/development/outputs_ext_static/lib/libmbedtls.a
LOAD /yuneta/development/outputs_ext_static/lib/libmbedx509.a
LOAD /yuneta/development/outputs_ext_static/lib/libmbedcrypto.a
LOAD /yuneta/development/outputs_ext_static/lib/libbacktrace.a
START GROUP
LOAD /usr/lib/gcc/x86_64-linux-gnu/13/libgcc.a
LOAD /usr/lib/gcc/x86_64-linux-gnu/13/libgcc_eh.a
LOAD /usr/lib/x86_64-linux-musl/libc.a
END GROUP
LOAD /usr/lib/gcc/x86_64-linux-gnu/13/crtendS.o
LOAD /usr/lib/x86_64-linux-musl/crtn.o
                [!provide]                        PROVIDE (__executable_start = SEGMENT_START ("text-segment", 0x400000))
                0x0000000000400190                . = (SEGMENT_START ("text-segment", 0x400000) + SIZEOF_HEADERS)

.interp
 *(.interp)

.note.gnu.build-id
 *(.note.gnu.build-id)

.hash
 *(.hash)

.gnu.hash
 *(.gnu.hash)

.dynsym
 *(.dynsym)

.dynstr
 *(.dynstr)

.gnu.version
 *(.gnu.version)

.gnu.version_d
 *(.gnu.version_d)

.gnu.version_r
 *(.gnu.version_r)

.rela.dyn       0x0000000000400190        0x0
 *(.rela.init)
 *(.rela.text .rela.text.* .rela.gnu.linkonce.t.*)
 .rela.text     0x0000000000400190        0x0 /usr/lib/x86_64-linux-musl/Scrt1.o
 *(.rela.fini)
 *(.rela.rodata .rela.rodata.* .rela.gnu.linkonce.r.*)
 *(.rela.data .rela.data.* .rela.gnu.linkonce.d.*)
 .rela.data.rel
                0x0000000000400190        0x0 /usr/lib/x86_64-linux-musl/Scrt1.o
 .rela.data.rel.ro.local.atfork_locks
                0x0000000000400190        0x0 /usr/lib/x86_64-linux-musl/Scrt1.o
 *(.rela.tdata .rela.tdata.* .rela.gnu.linkonce.td.*)
 *(.rela.tbss .rela.tbss.* .rela.gnu.linkonce.tb.*)
 *(.rela.ctors)
 *(.rela.dtors)
 *(.rela.got)
 .rela.got      0x0000000000400190        0x0 /usr/lib/x86_64-linux-musl/Scrt1.o
 *(.rela.bss .rela.bss.* .rela.gnu.linkonce.b.*)
 *(.rela.ldata .rela.ldata.* .rela.gnu.linkonce.l.*)
 *(.rela.lbss .rela.lbss.* .rela.gnu.linkonce.lb.*)
 *(.rela.lrodata .rela.lrodata.* .rela.gnu.linkonce.lr.*)
 *(.rela.ifunc)

.rela.plt       0x0000000000400190        0x0
 *(.rela.plt)
                [!provide]                        PROVIDE (__rela_iplt_start = .)
 *(.rela.iplt)
 .rela.iplt     0x0000000000400190        0x0 /usr/lib/x86_64-linux-musl/Scrt1.o
                [!provide]                        PROVIDE (__rela_iplt_end = .)

.relr.dyn
 *(.relr.dyn)
                0x0000000000401000                . = ALIGN (CONSTANT (MAXPAGESIZE))

.init           0x0000000000401000        0x3
 *(SORT_NONE(.init))
 .init          0x0000000000401000        0x1 /usr/lib/x86_64-linux-musl/crti.o
                0x0000000000401000                _init
 .init          0x0000000000401001        0x2 /usr/lib/x86_64-linux-musl/crtn.o

.plt            0x0000000000401003        0x0
 *(.plt)
 *(.iplt)
 .iplt          0x0000000000401003        0x0 /usr/lib/x86_64-linux-musl/Scrt1.o

.plt.got
 *(.plt.got)

.plt.sec
 *(.plt.sec)

.text           0x0000000000401010   0x114fbb
 *(.text.unlikely .text.*_unlikely .text.unlikely.*)
 .text.unlikely
                0x0000000000401010        0x9 /yuneta/development/outputs_ext_static/lib/libjansson.a(dump.c.o)
 .text.unlikely
                0x0000000000401019        0x8 /yuneta/development/outputs_ext_static/lib/libjansson.a(value.c.o)
 .text.unlikely.
                0x0000000000401021      0x28a /yuneta/development/outputs_ext_static/lib/liburing.a(setup.ol)
                0x0000000000401021                io_uring_queue_mmap
                0x0000000000401051                io_uring_ring_dontfork
                0x00000000004010cf                io_uring_queue_init
                0x000000000040110e                io_uring_queue_exit
                0x0000000000401171                io_uring_get_probe_ring
                0x00000000004011c2                io_uring_get_probe
                0x0000000000401207                io_uring_free_probe
                0x000000000040120c                io_uring_mlock_size_params
                0x000000000040126e                io_uring_mlock_size
 .text.unlikely
                0x00000000004012ab        0xf /yuneta/development/outputs_ext_static/lib/libpcre2-8.a(pcre2_jit_compile.c.o)
 .text.unlikely.tre_add_tags
                0x00000000004012ba        0xd /usr/lib/x86_64-linux-musl/libc.a(regcomp.lo)
 *(.text.exit .text.exit.*)
 *fill*         0x00000000004012c7        0x9 
 .text.exit     0x00000000004012d0       0x1f /usr/lib/x86_64-linux-musl/libc.a(exit.lo)
                0x00000000004012d0                exit
 *(.text.startup .text.startup.*)
 *(.text.hot .text.hot.*)
 *(SORT_BY_NAME(.text.sorted.*))
 *(.text .stub .text.* .gnu.linkonce.t.*)
 .text          0x00000000004012ef       0x16 /usr/lib/x86_64-linux-musl/Scrt1.o
                0x00000000004012ef                _start
 *fill*         0x0000000000401305        0xb 
 .text._start_c
                0x0000000000401310       0x27 /usr/lib/x86_64-linux-musl/Scrt1.o
                0x0000000000401310                _start_c
 .text          0x0000000000401337        0x0 /usr/lib/x86_64-linux-musl/crti.o
 *fill*         0x0000000000401337        0x9 
 .text          0x0000000000401340       0xb9 /usr/lib/gcc/x86_64-linux-gnu/13/crtbeginS.o
 .text          0x00000000004013f9     0x1644 CMakeFiles/test_tr_msg2.dir/test_tr_msg2.c.o
                0x00000000004023cb                do_test
                0x0000000000402766                main
 .text          0x0000000000402a3d    0x14570 /yuneta/development/outputs_static/lib/libtimeranger2.a(timeranger2.c.o)
                0x0000000000402ce4                tranger2_startup
                0x0000000000403635                tranger2_stop
                0x0000000000403811                tranger2_shutdown
                0x0000000000403943                tranger2_str2system_flag
                0x00000000004039df                tranger2_create_topic
                0x0000000000405820                tranger2_open_topic
                0x0000000000405da6                tranger2_topic
                0x0000000000405e95                tranger2_list_topics
                0x0000000000405f7d                tranger2_list_keys
                0x000000000040602a                tranger2_topic_size
                0x00000000004060fe                tranger2_topic_key_size
                0x0000000000406196                tranger2_topic_name
                0x00000000004061c9                tranger2_close_topic
                0x000000000040645c                tranger2_delete_topic
                0x00000000004065a7                tranger2_backup_topic
                0x0000000000406f39                tranger2_write_topic_var
                0x0000000000407449                tranger2_write_topic_cols
                0x0000000000407921                tranger2_topic_desc
                0x0000000000407a0e                tranger2_list_topic_desc_cols
                0x0000000000407a85                tranger2_dict_topic_desc_cols
                0x0000000000409078                tranger2_append_record
                0x000000000040aa5d                tranger2_delete_record
                0x000000000040b44e                tranger2_write_user_flag
                0x000000000040b609                tranger2_set_user_flag
                0x000000000040b7fc                tranger2_read_user_flag
                0x000000000040b97f                tranger2_open_rt_mem
                0x000000000040c2fd                tranger2_close_rt_mem
                0x000000000040c5c1                tranger2_get_rt_mem_by_id
                0x000000000040c798                tranger2_open_rt_disk
                0x000000000040d32f                tranger2_close_rt_disk
                0x000000000040d819                tranger2_get_rt_disk_by_id
                0x0000000000410dc6                tranger2_open_iterator
                0x00000000004119ae                tranger2_close_iterator
                0x0000000000411bf5                tranger2_get_iterator_by_id
                0x0000000000411dab                tranger2_iterator_size
                0x0000000000411e64                tranger2_iterator_get_page
                0x00000000004141c5                tranger2_iterator_find
                0x00000000004141ec                tranger2_iterator_first
                0x000000000041420f                tranger2_iterator_next
                0x0000000000414232                tranger2_iterator_prev
                0x0000000000414255                tranger2_iterator_last
                0x0000000000414a22                tranger2_read_record_content
                0x0000000000415165                tranger2_open_list
                0x000000000041602f                tranger2_close_list
                0x0000000000416219                tranger2_close_all_lists
                0x0000000000416859                tranger2_print_md0_record
                0x0000000000416ac8                tranger2_print_md1_record
                0x0000000000416d55                tranger2_print_md2_record
                0x0000000000416ee0                tranger2_print_record_filename
                0x0000000000416f76                tranger2_set_trace_level
 .text          0x0000000000416fad     0x2605 /yuneta/development/outputs_static/lib/libtimeranger2.a(tr_msg.c.o)
                0x000000000041709f                trmsg_open_topics
                0x00000000004171e3                trmsg_close_topics
                0x000000000041726f                trmsg_add_instance
                0x0000000000417a20                trmsg_open_list
                0x0000000000417d84                trmsg_close_list
                0x0000000000417dad                trmsg_get_messages
                0x0000000000417de7                trmsg_get_message
                0x0000000000417e50                trmsg_get_active_message
                0x0000000000417eeb                trmsg_get_active_md
                0x0000000000417faa                trmsg_get_instances
                0x0000000000418045                trmsg_data_tree
                0x0000000000418535                trmsg_active_records
                0x00000000004187dc                trmsg_record_instances
                0x0000000000418a2e                trmsg_foreach_active_messages
                0x0000000000418dc6                trmsg_foreach_instances_messages
                0x0000000000419214                trmsg_foreach_messages
 .text          0x00000000004195b2     0x1914 /yuneta/development/outputs_static/lib/libtimeranger2.a(fs_watcher.c.o)
                0x0000000000419605                fs_create_watcher_event
                0x0000000000419a65                fs_start_watcher_event
                0x0000000000419a95                fs_stop_watcher_event
 .text          0x000000000041aec6     0x761b /yuneta/development/outputs_static/lib/libyev_loop.a(yev_loop.c.o)
                0x000000000041b62a                yev_loop_create
                0x000000000041b95d                yev_loop_destroy
                0x000000000041c8e3                yev_loop_run
                0x000000000041ceaa                yev_loop_run_once
                0x000000000041d19e                yev_loop_stop
                0x000000000041d28f                yev_loop_reset_running
                0x000000000041d2ac                yev_protocol_set_protocol_fill_hints_fn
                0x000000000041d660                yev_get_state_name
                0x000000000041d6c7                yev_set_gbuffer
                0x000000000041d7e5                yev_get_gbuf
                0x000000000041d7fb                yev_get_fd
                0x000000000041d810                yev_set_fd
                0x000000000041d82c                yev_set_flag
                0x000000000041d873                yev_get_type
                0x000000000041d88c                yev_get_callback
                0x000000000041d8a2                yev_get_loop
                0x000000000041d8b7                yev_get_flag
                0x000000000041d8d0                yev_get_state
                0x000000000041d8e9                yev_get_result
                0x000000000041d8fe                yev_get_dup_idx
                0x000000000041d913                yev_get_gobj
                0x000000000041d929                yev_get_yuno
                0x000000000041d942                yev_set_user_data
                0x000000000041d965                yev_get_user_data
                0x000000000041d983                yev_start_event
                0x000000000041e881                yev_start_timer_event
                0x000000000041efb3                yev_stop_event
                0x000000000041f526                yev_event_is_stopped
                0x000000000041f544                yev_event_is_stopping
                0x000000000041f562                yev_event_is_running
                0x000000000041f580                yev_event_is_idle
                0x000000000041f59e                yev_destroy_event
                0x000000000041fac1                yev_create_timer_event
                0x000000000041fc5c                yev_create_connect_event
                0x000000000041fe23                yev_rearm_connect_event
                0x00000000004209b9                get_net_core_somaxconn
                0x0000000000420a33                yev_create_accept_event
                0x0000000000421544                yev_dup_accept_event
                0x000000000042175c                yev_dup2_accept_event
                0x0000000000421943                yev_create_poll_event
                0x0000000000421aed                yev_create_read_event
                0x0000000000421c98                yev_create_write_event
                0x0000000000421f55                yev_event_type_name
                0x0000000000421fb7                set_tcp_socket_options
                0x00000000004220de                is_tcp_socket
                0x0000000000422137                is_udp_socket
                0x000000000042227b                get_peername
                0x0000000000422311                get_sockname
                0x00000000004223a7                yev_flag_strings
                0x00000000004223b6                set_nonblocking
 .text          0x00000000004224e1    0x1efe3 /yuneta/development/outputs_static/lib/libyunetas-gobj.a(gobj.c.o)
                0x000000000042284e                gobj_start_up
                0x0000000000422ab4                gobj_setup_memory
                0x0000000000422afa                gobj_shutdown
                0x0000000000422b86                gobj_is_shutdowning
                0x0000000000422b96                gobj_set_exit_code
                0x0000000000422bad                gobj_get_exit_code
                0x0000000000422bbd                gobj_end
                0x0000000000422eb4                gclass_create
                0x0000000000423345                gclass_add_state
                0x000000000042359b                gclass_add_ev_action
                0x000000000042389c                gclass_add_event_type
                0x00000000004238d7                gclass_find_event
                0x00000000004239f8                gclass_find_public_event
                0x0000000000423a3a                gclass_unregister
                0x0000000000423bd1                gclass_gclass_name
                0x0000000000423bfd                gclass_has_attr
                0x0000000000423c59                gclass_gclass_register
                0x0000000000423d03                gclass_find_by_name
                0x0000000000423e83                gclass_find_event_type
                0x0000000000423ef8                gclass_check_fsm
                0x0000000000424310                gobj_service_register
                0x0000000000424416                gobj_create2
                0x00000000004258a6                gobj_create_yuno
                0x00000000004258df                gobj_create_service
                0x000000000042591b                gobj_create_default_service
                0x0000000000425957                gobj_create_volatil
                0x0000000000425993                gobj_create_pure_child
                0x00000000004259cf                gobj_create
                0x0000000000426cf1                gobj_service_factory
                0x00000000004272fc                gobj_create_tree
                0x0000000000427412                gobj_destroy
                0x0000000000427eae                gobj_destroy_children
                0x0000000000428acc                gobj_load_persistent_attrs
                0x0000000000428d10                gobj_save_persistent_attrs
                0x0000000000428f54                gobj_remove_persistent_attrs
                0x0000000000429069                gobj_list_persistent_attrs
                0x000000000042a019                gobj_hsdata
                0x000000000042a048                gclass_authz_desc
                0x000000000042a069                gclass_attr_desc
                0x000000000042a1bc                gobj_attr_desc
                0x000000000042a26c                gobj_attr_type
                0x000000000042a2b2                gobj_has_attr
                0x000000000042a31a                gobj_is_readable_attr
                0x000000000042a36f                gobj_is_writable_attr
                0x000000000042a3c2                gobj_reset_volatil_attrs
                0x000000000042a3ea                gobj_reset_rstats_attrs
                0x000000000042a412                gobj_read_attr
                0x000000000042a4eb                gobj_read_attrs
                0x000000000042a591                gobj_read_user_data
                0x000000000042a635                gobj_write_attr
                0x000000000042a7d7                gobj_write_attrs
                0x000000000042a9a0                gobj_write_user_data
                0x000000000042aa2f                gobj_hsdata2
                0x000000000042ab87                gobj_has_bottom_attr
                0x000000000042abfb                gobj_read_str_attr
                0x000000000042ad69                gobj_read_bool_attr
                0x000000000042af5e                gobj_read_integer_attr
                0x000000000042b0ce                gobj_read_real_attr
                0x000000000042b21b                gobj_read_json_attr
                0x000000000042b350                gobj_read_pointer_attr
                0x000000000042b491                gobj_write_str_attr
                0x000000000042b5d7                gobj_write_strn_attr
                0x000000000042b7f7                gobj_write_bool_attr
                0x000000000042b930                gobj_write_integer_attr
                0x000000000042ba67                gobj_write_real_attr
                0x000000000042bba1                gobj_write_json_attr
                0x000000000042bd91                gobj_write_new_json_attr
                0x000000000042bf89                gobj_write_pointer_attr
                0x000000000042c31c                gobj_local_method
                0x000000000042c4a7                gobj_start
                0x000000000042c839                gobj_start_children
                0x000000000042c939                gobj_start_tree
                0x000000000042ca4e                gobj_stop
                0x000000000042cd09                gobj_stop_children
                0x000000000042cdfe                gobj_stop_tree
                0x000000000042cf40                gobj_play
                0x000000000042d2cf                gobj_pause
                0x000000000042d4ea                gobj_disable
                0x000000000042d613                gobj_enable
                0x000000000042d74f                gobj_autostart_services
                0x000000000042d837                gobj_autoplay_services
                0x000000000042d8f9                gobj_pause_autoplay_services
                0x000000000042da3f                gobj_stop_autostart_services
                0x000000000042db85                gobj_command
                0x000000000042de46                gobj_stats
                0x000000000042dfd3                gobj_set_bottom_gobj
                0x000000000042e1fd                gobj_last_bottom_gobj
                0x000000000042e241                gobj_bottom_gobj
                0x000000000042e270                gobj_services
                0x000000000042e319                gobj_default_service
                0x000000000042e32a                gobj_find_service
                0x000000000042e526                gobj_find_service_by_gclass
                0x000000000042e688                gobj_find_gobj
                0x000000000042e718                gobj_first_child
                0x000000000042e79b                gobj_last_child
                0x000000000042e81e                gobj_next_child
                0x000000000042e89d                gobj_prev_child
                0x000000000042e91c                gobj_child_by_name
                0x000000000042ea6c                gobj_child_by_index
                0x000000000042eb32                gobj_child_size
                0x000000000042eb5c                gobj_child_size2
                0x000000000042ec9f                gobj_match_gobj
                0x000000000042f7af                gobj_find_child
                0x000000000042fb6a                gobj_match_children
                0x000000000042fda3                gobj_match_children_tree
                0x000000000042ffdc                gobj_free_iter
                0x00000000004301ef                gobj_search_path
                0x00000000004303ee                gobj_walk_gobj_children
                0x0000000000430498                gobj_walk_gobj_children_tree
                0x000000000043087a                gobj_yuno
                0x00000000004308af                gobj_yuno_name
                0x00000000004308e0                gobj_yuno_role
                0x0000000000430916                gobj_yuno_id
                0x000000000043094c                gobj_yuno_tag
                0x0000000000430982                gobj_yuno_role_plus_name
                0x00000000004309b8                gobj_yuno_realm_id
                0x00000000004309ee                gobj_yuno_realm_owner
                0x0000000000430a24                gobj_yuno_realm_role
                0x0000000000430a5a                gobj_yuno_realm_name
                0x0000000000430a90                gobj_yuno_realm_env
                0x0000000000430ac6                gobj_yuno_node_owner
                0x0000000000430afc                gobj_name
                0x0000000000430b2b                gobj_gclass_name
                0x0000000000430b68                gobj_gclass
                0x0000000000430b94                gobj_full_name
                0x0000000000430d39                gobj_short_name
                0x0000000000430df4                gobj_global_variables
                0x0000000000430f8c                gobj_priv_data
                0x0000000000430fa5                gobj_parent
                0x0000000000430fc9                gobj_is_destroying
                0x0000000000431000                gobj_is_running
                0x000000000043103f                gobj_is_playing
                0x000000000043107e                gobj_is_service
                0x00000000004310b5                gobj_is_disabled
                0x00000000004310ec                gobj_is_volatil
                0x000000000043111c                gobj_set_volatil
                0x0000000000431168                gobj_is_pure_child
                0x0000000000431198                gobj_is_bottom_gobj
                0x00000000004311e3                gobj_typeof_gclass
                0x0000000000431224                gobj_typeof_inherited_gclass
                0x0000000000431285                get_max_system_memory
                0x0000000000431296                get_cur_system_memory
                0x00000000004312a7                gclass_command_desc
                0x00000000004313fa                gobj_command_desc
                0x00000000004314aa                get_sdata_flag_table
                0x00000000004314b9                get_sdata_flag_desc
                0x0000000000431569                get_attrs_schema
                0x0000000000431db3                sdatadesc2json2
                0x0000000000432c00                sdataauth2json
                0x0000000000432f10                gclass2json
                0x0000000000433131                gobj2json
                0x0000000000433976                gobj_view_tree
                0x0000000000433a79                gobj_send_event
                0x0000000000434391                gobj_change_state
                0x00000000004346c9                gobj_current_state
                0x0000000000434746                gobj_in_this_state
                0x000000000043477e                gobj_has_state
                0x00000000004347ca                gobj_has_event
                0x000000000043482d                gobj_has_output_event
                0x00000000004348a5                gobj_event_type
                0x0000000000434a07                gobj_event_type_by_name
                0x0000000000434bb4                gobj_subs_desc
                0x00000000004357a9                gobj_subscribe_event
                0x00000000004362d3                gobj_unsubscribe_event
                0x000000000043687f                gobj_unsubscribe_list
                0x0000000000436a9e                gobj_find_subscriptions
                0x0000000000436af7                gobj_find_subscribings
                0x0000000000436e62                gobj_list_subscriptions
                0x0000000000436fe5                gobj_list_subscribings
                0x0000000000437168                gobj_publish_event
                0x0000000000437f42                gobj_authenticate
                0x00000000004380c6                authzs_list
                0x0000000000438270                gobj_authzs
                0x0000000000438293                gobj_authz
                0x0000000000438329                gobj_user_has_authz
                0x0000000000438524                gobj_get_global_authz_table
                0x0000000000438533                authz_get_level_desc
                0x000000000043864f                gobj_build_authzs_doc
                0x0000000000438881                gobj_set_stat
                0x0000000000438909                gobj_incr_stat
                0x0000000000438999                gobj_decr_stat
                0x0000000000438a29                gobj_get_stat
                0x0000000000438a73                gobj_jn_stats
                0x0000000000438a8c                gobj_create_resource
                0x0000000000438db1                gobj_save_resource
                0x00000000004391e8                gobj_delete_resource
                0x0000000000439655                gobj_list_resource
                0x000000000043997a                gobj_get_resource
                0x0000000000439c9f                gobj_treedbs
                0x0000000000439e2d                gobj_treedb_topics
                0x0000000000439fc0                gobj_topic_desc
                0x000000000043a107                gobj_topic_links
                0x000000000043a2a5                gobj_topic_hooks
                0x000000000043a443                gobj_topic_size
                0x000000000043a593                gobj_create_node
                0x000000000043a8c3                gobj_update_node
                0x000000000043abf3                gobj_delete_node
                0x000000000043af23                gobj_link_nodes
                0x000000000043b3c5                gobj_unlink_nodes
                0x000000000043b867                gobj_get_node
                0x000000000043bcf3                gobj_list_nodes
                0x000000000043c17f                gobj_list_instances
                0x000000000043c616                gobj_node_parents
                0x000000000043caad                gobj_node_children
                0x000000000043cf4f                gobj_topic_jtree
                0x000000000043d426                gobj_node_tree
                0x000000000043d756                gobj_shoot_snap
                0x000000000043d8e9                gobj_activate_snap
                0x000000000043da7c                gobj_list_snaps
                0x000000000043dc0a                gobj_repr_global_trace_levels
                0x000000000043dcca                gobj_repr_gclass_trace_levels
                0x000000000043de04                gobj_trace_level_list
                0x000000000043dec6                gobj_get_global_trace_level
                0x000000000043def3                gobj_get_gclass_trace_level
                0x000000000043df3f                gobj_get_gclass_trace_no_level
                0x000000000043df83                gobj_get_gobj_trace_level
                0x000000000043dff3                gobj_get_gobj_trace_no_level
                0x000000000043e03f                gobj_get_gclass_trace_level_list
                0x000000000043e330                gobj_get_gclass_trace_no_level_list
                0x000000000043e790                gobj_get_gobj_trace_level_tree
                0x000000000043e959                gobj_get_gobj_trace_no_level_tree
                0x000000000043e9b3                gobj_global_trace_level
                0x000000000043e9d4                gobj_trace_level
                0x000000000043ebd9                gobj_trace_no_level
                0x000000000043efcf                gobj_set_gobj_trace
                0x000000000043f333                gobj_set_gclass_trace
                0x000000000043f4b3                gobj_set_deep_tracing
                0x000000000043f4ce                gobj_get_deep_tracing
                0x000000000043f4de                gobj_set_global_trace
                0x000000000043f5fd                gobj_set_global_no_trace
                0x000000000043f71c                gobj_load_trace_filter
                0x000000000043f851                gobj_add_trace_filter
                0x000000000043fa70                gobj_remove_trace_filter
                0x000000000043ffe6                gobj_get_trace_filter
                0x0000000000440007                gobj_set_gclass_no_trace
                0x0000000000440309                gobj_set_trace_machine_format
                0x0000000000440320                tab
                0x0000000000440381                gobj_set_gobj_no_trace
                0x00000000004403cb                is_level_tracing
                0x000000000044045b                is_level_not_tracing
                0x00000000004404df                gobj_set_allocators
                0x000000000044052a                gobj_get_allocators
                0x000000000044059d                gobj_malloc_func
                0x00000000004405ae                gobj_realloc_func
                0x00000000004405bf                gobj_calloc_func
                0x00000000004405d0                gobj_free_func
                0x00000000004405e1                set_memory_check_list
                0x00000000004405fb                print_track_mem
                0x0000000000440ce0                gobj_strndup
                0x0000000000440d8e                gobj_strdup
                0x0000000000440dcc                gobj_get_maximum_block
                0x0000000000440ddd                dl_init
                0x0000000000440e66                dl_first
                0x0000000000440e7b                dl_last
                0x0000000000440e91                dl_next
                0x0000000000440eb5                dl_prev
                0x0000000000440fbf                dl_insert
                0x00000000004410a9                dl_add
                0x0000000000441197                dl_find
                0x00000000004411d1                dl_delete
                0x00000000004413ec                dl_flush
                0x00000000004414a0                dl_size
 .text          0x00000000004414c4     0x3f4b /yuneta/development/outputs_static/lib/libyunetas-gobj.a(glog.c.o)
                0x00000000004415a7                glog_init
                0x0000000000441620                glog_end
                0x0000000000441679                gobj_log_register_handler
                0x000000000044175d                gobj_log_exist_handler
                0x00000000004417ec                gobj_log_add_handler
                0x00000000004419b8                gobj_log_del_handler
                0x0000000000441ae5                gobj_log_list_handlers
                0x0000000000441bcc                gobj_log_set_global_handler_option
                0x0000000000441ccf                gobj_log_alert
                0x0000000000441d96                gobj_log_critical
                0x0000000000441e5d                gobj_log_error
                0x0000000000441f24                gobj_log_warning
                0x0000000000441feb                gobj_log_info
                0x00000000004420b2                gobj_log_debug
                0x0000000000442179                gobj_get_log_priority_name
                0x00000000004421a0                gobj_get_log_data
                0x0000000000442293                gobj_log_clear_counters
                0x00000000004422da                gobj_log_last_message
                0x00000000004422e9                gobj_log_set_last_message
                0x0000000000442399                stdout_write
                0x00000000004425dc                stdout_fwrite
                0x0000000000442766                set_show_backtrace_fn
                0x0000000000442780                print_backtrace
                0x00000000004427af                gobj_trace_msg
                0x000000000044288e                trace_msg0
                0x0000000000442981                gobj_info_msg
                0x0000000000442a60                gobj_trace_json
                0x0000000000442ba9                gobj_trace_buffer
                0x0000000000442cb9                gobj_trace_dump
                0x0000000000442dc9                print_error
                0x00000000004434f0                trace_vjson
                0x000000000044392b                trace_machine
                0x0000000000443ad0                trace_machine2
 .text          0x000000000044540f      0xd59 /yuneta/development/outputs_static/lib/libyunetas-gobj.a(log_udp_handler.c.o)
                0x0000000000445437                udpc_start_up
                0x00000000004454d4                udpc_end
                0x0000000000445507                udpc_open
                0x00000000004457b2                udpc_close
                0x000000000044582c                udpc_write
                0x0000000000445c8d                udpc_fwrite
 .text          0x0000000000446168     0xdc01 /yuneta/development/outputs_static/lib/libyunetas-gobj.a(helpers.c.o)
                0x0000000000446239                newdir
                0x000000000044627d                newfile
                0x00000000004462e9                open_exclusive
                0x0000000000446351                filesize
                0x000000000044639e                filesize2
                0x00000000004463e8                lock_file
                0x000000000044643a                unlock_file
                0x000000000044648c                is_regular_file
                0x00000000004464e3                is_directory
                0x000000000044653a                file_size
                0x0000000000446591                file_permission
                0x00000000004465d5                file_exists
                0x0000000000446649                subdir_exists
                0x00000000004466bd                file_remove
                0x000000000044673b                mkrdir
                0x0000000000446b78                rmrdir
                0x0000000000446e9d                rmrcontentdir
                0x000000000044709a                delete_right_char
                0x0000000000447102                delete_left_char
                0x000000000044719e                build_path
                0x0000000000447438                get_last_segment
                0x0000000000447474                pop_last_segment
                0x00000000004474b7                helper_quote2doublequote
                0x000000000044750d                helper_doublequote2quote
                0x0000000000447563                all_numbers
                0x00000000004475c4                nice_size
                0x0000000000447713                delete_right_blanks
                0x0000000000447784                delete_left_blanks
                0x000000000044780b                left_justify
                0x000000000044783d                strntoupper
                0x00000000004478b1                strntolower
                0x0000000000447925                translate_string
                0x0000000000447a60                change_char
                0x0000000000447ab0                get_parameter
                0x0000000000447bd1                get_key_value_parameter
                0x0000000000447d95                split2
                0x0000000000447f28                split_free2
                0x0000000000447fad                split3
                0x0000000000448124                split_free3
                0x00000000004481a9                str_concat
                0x0000000000448251                str_concat3
                0x000000000044832e                str_concat_free
                0x000000000044835e                idx_in_list
                0x00000000004483da                str_in_list
                0x000000000044844d                load_persistent_json
                0x0000000000448782                load_json_from_file
                0x0000000000448947                save_json_to_file
                0x00000000004491a1                create_json_record
                0x0000000000449855                json_desc_to_schema
                0x00000000004499d1                bits2jn_strlist
                0x0000000000449a77                bits2gbuffer
                0x0000000000449b5b                strings2bits
                0x0000000000449c23                json_list_str_index
                0x0000000000449d67                jn2real
                0x0000000000449e76                jn2integer
                0x0000000000449fdc                jn2string
                0x000000000044a15d                jn2bool
                0x000000000044a287                cmp_two_simple_json
                0x000000000044a4ee                json_is_identical
                0x000000000044a517                anystring2json
                0x000000000044a6cd                string2json
                0x000000000044a7f9                set_real_precision
                0x000000000044a81b                get_real_precision
                0x000000000044a82b                json2str
                0x000000000044a876                json2uglystr
                0x000000000044a8c1                json_size
                0x000000000044a93c                json_check_refcounts
                0x000000000044afc4                json_print_refcounts
                0x000000000044b391                json_str_in_list
                0x000000000044b9b8                walk_dir_tree
                0x000000000044bb5a                dir_array_free
                0x000000000044bd76                find_files_with_suffix_array
                0x000000000044c051                dir_array_sort
                0x000000000044c0fa                walk_dir_array
                0x000000000044c264                get_ordered_filename_array
                0x000000000044c2b5                tm_to_time_t
                0x000000000044c6f0                show_date_relative
                0x000000000044caae                date_mode_from_type
                0x000000000044cae7                show_date
                0x000000000044dea7                parse_date_basic
                0x000000000044e16b                parse_expiry_date
                0x000000000044e213                parse_date
                0x000000000044e41c                parse_date_format
                0x000000000044e569                datestamp
                0x000000000044f0c4                approxidate_relative
                0x000000000044f121                approxidate_careful
                0x000000000044f19b                date_overflows
                0x000000000044f23a                hex2bin
                0x000000000044f31b                bin2hex
                0x000000000044f3a3                tdump
                0x000000000044f651                tdump2json
                0x000000000044f8e4                print_json2
                0x00000000004500d8                debug_json
                0x00000000004501a2                current_timestamp
                0x0000000000450246                tm2timestamp
                0x0000000000450281                t2timestamp
                0x00000000004502e7                start_sectimer
                0x0000000000450318                test_sectimer
                0x0000000000450352                start_msectimer
                0x0000000000450379                test_msectimer
                0x00000000004503b0                time_in_milliseconds_monotonic
                0x00000000004503f5                time_in_milliseconds
                0x000000000045043a                time_in_seconds
                0x0000000000450458                cpu_usage
                0x00000000004504cf                cpu_usage_percent
                0x0000000000450609                htonll
                0x000000000045064b                ntohll
                0x000000000045068d                list_open_files
                0x0000000000450888                formatdate
                0x000000000045094a                count_char
                0x0000000000450989                get_hostname
                0x00000000004509ed                create_uuid
                0x0000000000450d34                node_uuid
                0x0000000000450d53                is_metadata_key
                0x0000000000450dc6                is_private_key
                0x0000000000450e39                comm_prot_register
                0x0000000000450f08                comm_prot_get_gclass
                0x0000000000450fcd                comm_prot_free
                0x0000000000451058                launch_daemon
                0x0000000000451513                parse_url
                0x000000000045189b                get_url_schema
                0x0000000000451b89                show_backtrace_with_backtrace
                0x0000000000451bfe                init_backtrace_with_backtrace
                0x0000000000451ca5                ghttp_parser_create
                0x0000000000451df3                ghttp_parser_destroy
                0x0000000000451e2f                ghttp_parser_reset
                0x0000000000452008                ghttp_parser_received
                0x0000000000452e4b                istream_create
                0x0000000000452f9f                istream_destroy
                0x000000000045303e                istream_read_until_delimiter
                0x00000000004531b2                istream_read_until_num_bytes
                0x0000000000453201                istream_consume
                0x0000000000453571                istream_cur_rd_pointer
                0x0000000000453605                istream_length
                0x0000000000453686                istream_get_gbuffer
                0x00000000004536ff                istream_pop_gbuffer
                0x000000000045378c                istream_new_gbuffer
                0x00000000004538d3                istream_extract_matched_data
                0x0000000000453a10                istream_reset_wr
                0x0000000000453ab6                istream_reset_rd
                0x0000000000453b49                istream_clear
                0x0000000000453b74                istream_is_completed
                0x0000000000453bf0                free_ram_in_kb
 .text          0x0000000000453d69     0x9c2d /yuneta/development/outputs_static/lib/libyunetas-gobj.a(kwid.c.o)
                0x0000000000453eb3                kw_add_binary_type
                0x0000000000453faf                kw_serialize
                0x0000000000454113                kw_deserialize
                0x00000000004541fb                kw_incref
                0x00000000004543e9                kw_decref
                0x00000000004545df                kw_has_key
                0x0000000000454631                kw_set_path_delimiter
                0x0000000000454658                kw_find_path_
                0x0000000000454b61                kw_find_path
                0x0000000000455143                kw_set_dict_value
                0x000000000045577c                kw_set_subdict_value
                0x000000000045587c                kw_delete
                0x0000000000455a8e                kw_delete_subkey
                0x0000000000455bf3                kw_find_str_in_list
                0x0000000000455ca6                kwid_find_record_in_list
                0x0000000000455e95                kw_find_json_in_list
                0x0000000000455ffd                kw_select
                0x00000000004561c7                kw_collect
                0x0000000000456383                kwid_compare_records
                0x0000000000457016                kwid_compare_lists
                0x0000000000457ab7                kw_get_dict
                0x0000000000457d69                kw_get_list
                0x000000000045801c                kw_get_list_value
                0x0000000000458251                kw_get_int
                0x00000000004585de                kw_get_real
                0x0000000000458970                kw_get_bool
                0x0000000000458d69                kw_get_str
                0x0000000000458fb8                kw_get_dict_value
                0x00000000004591c5                kw_get_subdict_value
                0x000000000045950c                kw_update_except
                0x00000000004599cb                kw_duplicate
                0x0000000000459a8e                kw_clone_by_path
                0x0000000000459b46                kw_clone_by_keys
                0x000000000045a15e                kw_clone_by_not_keys
                0x000000000045a847                kw_pop
                0x000000000045adbc                kw_match_simple
                0x000000000045ae0e                kw_delete_private_keys
                0x000000000045af1d                kw_delete_metadata_keys
                0x000000000045b119                kw_walk
                0x000000000045b5fd                kw_collapse
                0x000000000045b9de                kwid_get
                0x000000000045bacf                kwid_new_list
                0x000000000045bd64                kwid_new_dict
                0x000000000045bffd                kw_filter_private
                0x000000000045c0ea                kw_filter_metadata
                0x000000000045c1d7                kwjr_get
                0x000000000045cf4c                kwid_get_ids
                0x000000000045d1ec                kw_has_word
                0x000000000045d480                kwid_match_id
                0x000000000045d6fa                kwid_match_nid
 .text          0x000000000045d996     0x2c27 /yuneta/development/outputs_static/lib/libyunetas-gobj.a(gbuffer.c.o)
                0x000000000045da0f                gbuffer_create
                0x000000000045dde8                gbuffer_remove
                0x000000000045df0d                gbuffer_incref
                0x000000000045df9b                gbuffer_decref
                0x000000000045e039                gbuffer_cur_rd_pointer
                0x000000000045e0db                gbuffer_reset_rd
                0x000000000045e0f6                gbuffer_set_rd_offset
                0x000000000045e224                gbuffer_ungetc
                0x000000000045e276                gbuffer_get_rd_offset
                0x000000000045e28c                gbuffer_get
                0x000000000045e3ba                gbuffer_getchar
                0x000000000045e3f6                gbuffer_chunk
                0x000000000045e433                gbuffer_getline
                0x000000000045e4a7                gbuffer_cur_wr_pointer
                0x000000000045e4c5                gbuffer_reset_wr
                0x000000000045e50b                gbuffer_set_wr
                0x000000000045e5d3                gbuffer_append
                0x000000000045e7cc                gbuffer_append_string
                0x000000000045e804                gbuffer_append_char
                0x000000000045e833                gbuffer_append_gbuf
                0x000000000045e988                gbuffer_printf
                0x000000000045ea40                gbuffer_vprintf
                0x000000000045ecf7                gbuffer_head_pointer
                0x000000000045ed70                gbuffer_clear
                0x000000000045edec                gbuffer_leftbytes
                0x000000000045ee6b                gbuffer_totalbytes
                0x000000000045ee81                gbuffer_freebytes
                0x000000000045eea5                gbuffer_setlabel
                0x000000000045ef76                gbuffer_getlabel
                0x000000000045ef9a                gbuffer_setmark
                0x000000000045efc0                gbuffer_getmark
                0x000000000045efe4                gbuffer_serialize
                0x000000000045f152                gbuffer_deserialize
                0x000000000045fa59                gbuffer_string_to_base64
                0x000000000045fbbc                gbuffer_base64_to_string
                0x000000000045fd1e                gbuffer_encode_base64
                0x000000000045fd77                str2gbuf
                0x000000000045fed7                json2gbuf
                0x0000000000460073                gbuf2json
                0x000000000046018b                gobj_trace_dump_gbuf
                0x00000000004603a4                gobj_trace_dump_full_gbuf
 .text          0x00000000004605bd     0x224f /yuneta/development/outputs_static/lib/libyunetas-gobj.a(command_parser.c.o)
                0x00000000004606a0                command_parser
                0x000000000046249a                gobj_build_cmds_doc
                0x0000000000462749                build_command_response
 .text          0x000000000046280c      0x83c /yuneta/development/outputs_static/lib/libyunetas-gobj.a(stats_parser.c.o)
                0x0000000000462926                stats_parser
                0x0000000000462ea0                build_stats
                0x0000000000462f85                build_stats_response
 .text          0x0000000000463048     0x302a /yuneta/development/outputs_static/lib/libyunetas-gobj.a(testing.c.o)
                0x00000000004630cb                capture_log_write
                0x0000000000464dd8                set_expected_results
                0x0000000000465129                test_json_file
                0x00000000004655bf                test_json
                0x0000000000465a5c                test_directory_permission
                0x0000000000465a94                test_file_permission_and_size
                0x0000000000465af1                test_list
                0x0000000000465e65                mt_print_time
                0x0000000000465fb3                mt_get_time
                0x000000000046604b                set_measure_times
                0x0000000000466062                get_measure_times
 .text          0x0000000000466072      0xf26 /yuneta/development/outputs_static/lib/libyunetas-gobj.a(json_config.c.o)
                0x0000000000466d3e                json_config
 .text          0x0000000000466f98      0xc04 /yuneta/development/outputs_static/lib/libyunetas-gobj.a(json_replace_vars.c.o)
                0x0000000000467611                json_replace_var_custom
                0x0000000000467b6c                json_replace_var
 .text          0x0000000000467b9c     0x1147 /yuneta/development/outputs_static/lib/libyunetas-gobj.a(rotatory.c.o)
                0x0000000000467b9c                rotatory_start_up
                0x0000000000467bf1                rotatory_end
                0x0000000000467c2a                rotatory_open
                0x0000000000468085                rotatory_close
                0x0000000000468145                rotatory_subscribe2newfile
                0x0000000000468186                rotatory_write
                0x0000000000468274                rotatory_fwrite
                0x000000000046838f                rotatory_trunk
                0x00000000004683e9                rotatory_flush
                0x0000000000468cc5                rotatory_path
 .text          0x0000000000468ce3     0x645d /yuneta/development/outputs_static/lib/libyunetas-gobj.a(00_http_parser.c.o)
                0x0000000000469040                http_parser_execute
                0x000000000046e3c8                http_message_needs_eof
                0x000000000046e49a                http_should_keep_alive
                0x000000000046e518                http_method_str
                0x000000000046e53d                http_status_str
                0x000000000046e785                http_parser_init
                0x000000000046e82a                http_parser_settings_init
                0x000000000046e853                http_errno_name
                0x000000000046e893                http_errno_description
                0x000000000046ed5b                http_parser_url_init
                0x000000000046ed84                http_parser_parse_url
                0x000000000046f06c                http_parser_pause
                0x000000000046f0f6                http_body_is_final
                0x000000000046f11a                http_parser_version
                0x000000000046f129                http_parser_set_max_header_size
 .text          0x000000000046f140     0x13c5 /yuneta/development/outputs_ext_static/lib/libjansson.a(dump.c.o)
                0x00000000004702c0                json_dump_callback
                0x0000000000470360                json_dumps
                0x0000000000470400                json_dumpb
                0x0000000000470460                json_dumpf
                0x0000000000470480                json_dump_file
                0x00000000004704e0                json_dumpfd
 *fill*         0x0000000000470505        0xb 
 .text          0x0000000000470510      0xcb1 /yuneta/development/outputs_ext_static/lib/libjansson.a(hashtable.c.o)
                0x0000000000470910                hashtable_init
                0x00000000004709a0                hashtable_close
                0x0000000000470a20                hashtable_set
                0x0000000000470d00                hashtable_get
                0x0000000000470dc0                hashtable_del
                0x0000000000470f50                hashtable_clear
                0x0000000000471050                hashtable_iter_at
                0x0000000000471110                hashtable_iter_next
                0x0000000000471130                hashtable_iter
                0x0000000000471140                hashtable_iter_key
                0x0000000000471150                hashtable_iter_key_len
                0x0000000000471160                hashtable_iter_value
                0x0000000000471170                hashtable_iter_set
 *fill*         0x00000000004711c1        0xf 
 .text          0x00000000004711d0      0x120 /yuneta/development/outputs_ext_static/lib/libjansson.a(hashtable_seed.c.o)
                0x00000000004711d0                json_object_seed
 .text          0x00000000004712f0     0x22b1 /yuneta/development/outputs_ext_static/lib/libjansson.a(load.c.o)
                0x0000000000472e20                json_loads
                0x0000000000472f70                json_loadb
                0x00000000004730e0                json_loadf
                0x0000000000473230                json_loadfd
                0x0000000000473390                json_load_file
                0x0000000000473450                json_load_callback
 *fill*         0x00000000004735a1        0xf 
 .text          0x00000000004735b0       0xe3 /yuneta/development/outputs_ext_static/lib/libjansson.a(memory.c.o)
                0x00000000004735b0                jsonp_malloc
                0x00000000004735d0                jsonp_free
                0x00000000004735f0                jsonp_strndup
                0x0000000000473630                jsonp_strdup
                0x0000000000473650                json_set_alloc_funcs
                0x0000000000473670                json_get_alloc_funcs
 *fill*         0x0000000000473693        0xd 
 .text          0x00000000004736a0     0x23ec /yuneta/development/outputs_ext_static/lib/libjansson.a(pack_unpack.c.o)
                0x0000000000475430                json_vpack_ex
                0x00000000004755e0                json_pack_ex
                0x0000000000475690                json_pack
                0x0000000000475760                json_vunpack_ex
                0x0000000000475920                json_unpack_ex
                0x00000000004759d0                json_unpack
 *fill*         0x0000000000475a8c        0x4 
 .text          0x0000000000475a90      0x1d3 /yuneta/development/outputs_ext_static/lib/libjansson.a(strbuffer.c.o)
                0x0000000000475a90                strbuffer_init
                0x0000000000475ad0                strbuffer_close
                0x0000000000475b00                strbuffer_clear
                0x0000000000475b20                strbuffer_value
                0x0000000000475b30                strbuffer_steal_value
                0x0000000000475b40                strbuffer_append_bytes
                0x0000000000475c10                strbuffer_append_byte
                0x0000000000475c40                strbuffer_pop
 *fill*         0x0000000000475c63        0xd 
 .text          0x0000000000475c70      0x42f /yuneta/development/outputs_ext_static/lib/libjansson.a(strconv.c.o)
                0x0000000000475c70                jsonp_strtod
                0x0000000000475d90                jsonp_dtostr
 *fill*         0x000000000047609f        0x1 
 .text          0x00000000004760a0      0x341 /yuneta/development/outputs_ext_static/lib/libjansson.a(utf.c.o)
                0x00000000004760a0                utf8_encode
                0x0000000000476190                utf8_check_first
                0x00000000004761e0                utf8_check_full
                0x00000000004762a0                utf8_iterate
                0x0000000000476350                utf8_check_string
 *fill*         0x00000000004763e1        0xf 
 .text          0x00000000004763f0     0x1f57 /yuneta/development/outputs_ext_static/lib/libjansson.a(value.c.o)
                0x00000000004763f0                json_object
                0x0000000000476460                json_object_size
                0x0000000000476490                json_object_getn
                0x00000000004764c0                json_object_get
                0x0000000000476500                json_object_deln
                0x0000000000476530                json_object_del
                0x0000000000476570                json_object_clear
                0x00000000004765a0                json_object_iter
                0x00000000004765d0                json_object_iter_at
                0x0000000000476630                json_object_iter_next
                0x0000000000476660                json_object_iter_key
                0x0000000000476680                json_object_iter_key_len
                0x00000000004766a0                json_object_iter_value
                0x00000000004766c0                json_object_key_to_iter
                0x00000000004766e0                json_array
                0x0000000000476750                json_array_size
                0x0000000000476770                json_array_get
                0x00000000004767a0                json_array_extend
                0x00000000004768e0                json_string_nocheck
                0x0000000000476960                json_stringn_nocheck
                0x00000000004769d0                jsonp_stringn_nocheck_own
                0x0000000000476a30                json_stringn
                0x0000000000476a80                json_string
                0x0000000000476ab0                json_string_value
                0x0000000000476ad0                json_string_length
                0x0000000000476af0                json_string_setn_nocheck
                0x0000000000476b50                json_string_set_nocheck
                0x0000000000476b90                json_string_setn
                0x0000000000476be0                json_string_set
                0x0000000000476c20                json_vsprintf
                0x0000000000476d00                json_sprintf
                0x0000000000476dc0                json_integer
                0x0000000000476df0                json_integer_value
                0x0000000000476e10                json_integer_set
                0x0000000000476e30                json_real
                0x0000000000476e80                json_real_value
                0x0000000000476ea0                json_real_set
                0x0000000000476ee0                json_number_value
                0x0000000000476f30                json_true
                0x0000000000476f40                json_false
                0x0000000000476f50                json_null
                0x0000000000476f60                jsonp_loop_check
                0x0000000000476fe0                json_delete
                0x00000000004770e0                json_array_clear
                0x0000000000477160                json_array_remove
                0x0000000000477230                json_object_iter_set_new
                0x00000000004772a0                json_object_setn_new_nocheck
                0x0000000000477310                json_object_update_missing
                0x0000000000477410                json_object_set_new_nocheck
                0x0000000000477470                json_object_setn_new
                0x0000000000477500                json_object_set_new
                0x0000000000477560                json_object_update
                0x0000000000477640                json_object_update_existing
                0x0000000000477730                do_object_update_recursive
                0x00000000004778d0                json_object_update_recursive
                0x0000000000477950                json_array_insert_new
                0x0000000000477ac0                json_array_set_new
                0x0000000000477b70                json_array_append_new
                0x0000000000477c70                json_equal
                0x0000000000477e60                json_copy
                0x0000000000478010                do_deep_copy
                0x00000000004782e0                json_deep_copy
 *fill*         0x0000000000478347        0x9 
 .text          0x0000000000478350     0x78e2 /yuneta/development/outputs_ext_static/lib/libjansson.a(dtoa.c.o)
                0x00000000004797b0                gethex
                0x000000000047a670                strtod__unused
                0x000000000047d900                freedtoa
                0x000000000047d970                dtoa_r
                0x000000000047fbd0                dtoa
 *fill*         0x000000000047fc32        0xe 
 .text          0x000000000047fc40      0x1da /yuneta/development/outputs_ext_static/lib/libjansson.a(error.c.o)
                0x000000000047fc40                jsonp_error_set_source
                0x000000000047fcd0                jsonp_error_init
                0x000000000047fd00                jsonp_error_vset
                0x000000000047fd70                jsonp_error_set
 *fill*         0x000000000047fe1a        0x6 
 .text          0x000000000047fe20      0xbd5 /yuneta/development/outputs_ext_static/lib/liburing.a(setup.ol)
                0x000000000047fe20                io_uring_unmap_rings
                0x000000000047fe60                io_uring_setup_ring_pointers
                0x000000000047ff20                io_uring_mmap
                0x0000000000480110                __io_uring_queue_init_params
                0x00000000004806a0                io_uring_queue_init_mem
                0x0000000000480720                io_uring_queue_init_params
                0x0000000000480790                io_uring_memory_size_params
                0x0000000000480870                io_uring_memory_size
                0x0000000000480900                io_uring_setup_buf_ring
                0x00000000004809c0                io_uring_free_buf_ring
 *fill*         0x00000000004809f5        0xb 
 .text          0x0000000000480a00      0xe5b /yuneta/development/outputs_ext_static/lib/liburing.a(queue.ol)
                0x0000000000480a00                __io_uring_get_cqe
                0x0000000000480c30                io_uring_get_events
                0x0000000000480c60                io_uring_peek_batch_cqe
                0x00000000004810d0                io_uring_wait_cqes
                0x0000000000481380                io_uring_wait_cqes_min_timeout
                0x00000000004813f0                io_uring_submit_and_wait_reg
                0x0000000000481460                io_uring_submit_and_wait_min_timeout
                0x0000000000481570                io_uring_submit_and_wait_timeout
                0x0000000000481580                io_uring_wait_cqe_timeout
                0x0000000000481620                io_uring_submit
                0x00000000004816b0                io_uring_submit_and_wait
                0x0000000000481750                io_uring_submit_and_get_events
                0x00000000004817c0                io_uring_get_sqe
                0x0000000000481830                __io_uring_sqring_wait
 *fill*         0x000000000048185b        0x5 
 .text          0x0000000000481860      0xe5d /yuneta/development/outputs_ext_static/lib/liburing.a(register.ol)
                0x0000000000481860                io_uring_register_buffers_update_tag
                0x00000000004818c0                io_uring_register_buffers_tags
                0x0000000000481920                io_uring_register_buffers_sparse
                0x0000000000481970                io_uring_register_buffers
                0x00000000004819a0                io_uring_unregister_buffers
                0x00000000004819d0                io_uring_register_files_update_tag
                0x0000000000481a30                io_uring_register_files_update
                0x0000000000481a80                io_uring_register_files_sparse
                0x0000000000481b40                io_uring_register_files_tags
                0x0000000000481c00                io_uring_register_files
                0x0000000000481c90                io_uring_unregister_files
                0x0000000000481cc0                io_uring_register_eventfd
                0x0000000000481d00                io_uring_unregister_eventfd
                0x0000000000481d30                io_uring_register_eventfd_async
                0x0000000000481d70                io_uring_register_probe
                0x0000000000481da0                io_uring_register_personality
                0x0000000000481dd0                io_uring_unregister_personality
                0x0000000000481e00                io_uring_register_restrictions
                0x0000000000481e30                io_uring_enable_rings
                0x0000000000481e60                io_uring_register_iowq_aff
                0x0000000000481ea0                io_uring_unregister_iowq_aff
                0x0000000000481ed0                io_uring_register_iowq_max_workers
                0x0000000000481f10                io_uring_register_ring_fd
                0x0000000000481fb0                io_uring_unregister_ring_fd
                0x0000000000482030                io_uring_close_ring_fd
                0x0000000000482080                io_uring_register_buf_ring
                0x00000000004820c0                io_uring_unregister_buf_ring
                0x0000000000482110                io_uring_buf_ring_head
                0x0000000000482170                io_uring_register_sync_cancel
                0x00000000004821b0                io_uring_register_file_alloc_range
                0x0000000000482200                io_uring_register_napi
                0x0000000000482240                io_uring_unregister_napi
                0x0000000000482280                io_uring_register_clock
                0x00000000004822b0                __io_uring_clone_buffers_offset
                0x0000000000482340                io_uring_clone_buffers_offset
                0x00000000004823d0                io_uring_clone_buffers
                0x0000000000482450                __io_uring_clone_buffers
                0x00000000004824e0                io_uring_register_ifq
                0x0000000000482520                io_uring_resize_rings
                0x0000000000482640                io_uring_register_wait_reg
                0x0000000000482650                io_uring_register_region
                0x0000000000482690                io_uring_set_iowait
 *fill*         0x00000000004826bd        0x3 
 .text          0x00000000004826c0       0x75 /yuneta/development/outputs_ext_static/lib/liburing.a(nolibc.ol)
                0x00000000004826c0                __uring_memset
                0x00000000004826e0                __uring_malloc
                0x0000000000482720                __uring_free
 *fill*         0x0000000000482735        0xb 
 .text          0x0000000000482740    0x10d52 /yuneta/development/outputs_ext_static/lib/libpcre2-8.a(pcre2_compile.c.o)
                0x000000000048af10                pcre2_code_copy_8
                0x000000000048af80                pcre2_code_copy_with_tables_8
                0x000000000048b050                pcre2_code_free_8
                0x000000000048b0c0                _pcre2_check_escape_8
                0x0000000000491e20                pcre2_compile_8
 *fill*         0x0000000000493492        0xe 
 .text          0x00000000004934a0     0x4acd /yuneta/development/outputs_ext_static/lib/libpcre2-8.a(pcre2_compile_class.c.o)
                0x0000000000493f50                _pcre2_update_classbits_8
                0x00000000004946e0                _pcre2_compile_class_not_nested_8
                0x0000000000497c40                _pcre2_compile_class_nested_8
 *fill*         0x0000000000497f6d        0x3 
 .text          0x0000000000497f70      0x6ee /yuneta/development/outputs_ext_static/lib/libpcre2-8.a(pcre2_context.c.o)
                0x0000000000497f90                _pcre2_memctl_malloc_8
                0x0000000000498000                pcre2_general_context_create_8
                0x0000000000498050                pcre2_compile_context_create_8
                0x0000000000498130                pcre2_match_context_create_8
                0x0000000000498230                pcre2_convert_context_create_8
                0x00000000004982b0                pcre2_general_context_copy_8
                0x00000000004982e0                pcre2_compile_context_copy_8
                0x0000000000498330                pcre2_match_context_copy_8
                0x0000000000498390                pcre2_convert_context_copy_8
                0x00000000004983c0                pcre2_general_context_free_8
                0x00000000004983e0                pcre2_compile_context_free_8
                0x0000000000498400                pcre2_match_context_free_8
                0x0000000000498420                pcre2_convert_context_free_8
                0x0000000000498440                pcre2_set_character_tables_8
                0x0000000000498450                pcre2_set_bsr_8
                0x0000000000498470                pcre2_set_max_pattern_length_8
                0x0000000000498480                pcre2_set_max_pattern_compiled_length_8
                0x0000000000498490                pcre2_set_newline_8
                0x00000000004984b0                pcre2_set_max_varlookbehind_8
                0x00000000004984c0                pcre2_set_parens_nest_limit_8
                0x00000000004984d0                pcre2_set_compile_extra_options_8
                0x00000000004984e0                pcre2_set_compile_recursion_guard_8
                0x00000000004984f0                pcre2_set_optimize_8
                0x0000000000498560                pcre2_set_callout_8
                0x0000000000498570                pcre2_set_substitute_callout_8
                0x0000000000498580                pcre2_set_substitute_case_callout_8
                0x0000000000498590                pcre2_set_heap_limit_8
                0x00000000004985a0                pcre2_set_match_limit_8
                0x00000000004985b0                pcre2_set_depth_limit_8
                0x00000000004985c0                pcre2_set_offset_limit_8
                0x00000000004985d0                pcre2_set_recursion_limit_8
                0x00000000004985e0                pcre2_set_recursion_memory_management_8
                0x00000000004985f0                pcre2_set_glob_separator_8
                0x0000000000498610                pcre2_set_glob_escape_8
 *fill*         0x000000000049865e        0x2 
 .text          0x0000000000498660      0x288 /yuneta/development/outputs_ext_static/lib/libpcre2-8.a(pcre2_find_bracket.c.o)
                0x0000000000498660                _pcre2_find_bracket_8
 *fill*         0x00000000004988e8        0x8 
 .text          0x00000000004988f0    0x3ec81 /yuneta/development/outputs_ext_static/lib/libpcre2-8.a(pcre2_jit_compile.c.o)
                0x00000000004d6e40                pcre2_jit_compile_8
                0x00000000004d7020                pcre2_jit_match_8
                0x00000000004d7230                _pcre2_jit_free_rodata_8
                0x00000000004d7270                _pcre2_jit_free_8
                0x00000000004d72e0                pcre2_jit_free_unused_memory_8
                0x00000000004d7370                pcre2_jit_stack_create_8
                0x00000000004d74e0                pcre2_jit_stack_assign_8
                0x00000000004d7500                pcre2_jit_stack_free_8
                0x00000000004d7550                _pcre2_jit_get_target_8
                0x00000000004d7560                _pcre2_jit_get_size_8
 *fill*         0x00000000004d7571        0xf 
 .text          0x00000000004d7580    0x15ba2 /yuneta/development/outputs_ext_static/lib/libpcre2-8.a(pcre2_match.c.o)
                0x00000000004eb590                pcre2_match_8
 *fill*         0x00000000004ed122        0xe 
 .text          0x00000000004ed130      0x129 /yuneta/development/outputs_ext_static/lib/libpcre2-8.a(pcre2_match_data.c.o)
                0x00000000004ed130                pcre2_match_data_create_8
                0x00000000004ed180                pcre2_match_data_create_from_pattern_8
                0x00000000004ed1a0                pcre2_match_data_free_8
                0x00000000004ed1f0                pcre2_get_mark_8
                0x00000000004ed200                pcre2_get_ovector_pointer_8
                0x00000000004ed210                pcre2_get_ovector_count_8
                0x00000000004ed220                pcre2_get_startchar_8
                0x00000000004ed230                pcre2_get_match_data_size_8
                0x00000000004ed250                pcre2_get_match_data_heapframes_size_8
 *fill*         0x00000000004ed259        0x7 
 .text          0x00000000004ed260      0x505 /yuneta/development/outputs_ext_static/lib/libpcre2-8.a(pcre2_newline.c.o)
                0x00000000004ed260                _pcre2_is_newline_8
                0x00000000004ed4e0                _pcre2_was_newline_8
 *fill*         0x00000000004ed765        0xb 
 .text          0x00000000004ed770       0x95 /yuneta/development/outputs_ext_static/lib/libpcre2-8.a(pcre2_ord2utf.c.o)
                0x00000000004ed770                _pcre2_ord2utf_8
 *fill*         0x00000000004ed805        0xb 
 .text          0x00000000004ed810      0x725 /yuneta/development/outputs_ext_static/lib/libpcre2-8.a(pcre2_script_run.c.o)
                0x00000000004ed810                _pcre2_script_run_8
 *fill*         0x00000000004edf35        0xb 
 .text          0x00000000004edf40      0x169 /yuneta/development/outputs_ext_static/lib/libpcre2-8.a(pcre2_string_utils.c.o)
                0x00000000004edf40                _pcre2_strcmp_8
                0x00000000004edf80                _pcre2_strcmp_c8_8
                0x00000000004edfc0                _pcre2_strncmp_8
                0x00000000004ee000                _pcre2_strncmp_c8_8
                0x00000000004ee040                _pcre2_strlen_8
                0x00000000004ee070                _pcre2_strcpy_c8_8
 *fill*         0x00000000004ee0a9        0x7 
 .text          0x00000000004ee0b0     0x256d /yuneta/development/outputs_ext_static/lib/libpcre2-8.a(pcre2_study.c.o)
                0x00000000004f01e0                _pcre2_study_8
 .text          0x00000000004f061d        0x0 /yuneta/development/outputs_ext_static/lib/libpcre2-8.a(pcre2_tables.c.o)
 .text          0x00000000004f061d        0x0 /yuneta/development/outputs_ext_static/lib/libpcre2-8.a(pcre2_ucd.c.o)
 *fill*         0x00000000004f061d        0x3 
 .text          0x00000000004f0620      0x3c9 /yuneta/development/outputs_ext_static/lib/libpcre2-8.a(pcre2_valid_utf.c.o)
                0x00000000004f0620                _pcre2_valid_utf_8
 *fill*         0x00000000004f09e9        0x7 
 .text          0x00000000004f09f0      0xe7c /yuneta/development/outputs_ext_static/lib/libpcre2-8.a(pcre2_xclass.c.o)
                0x00000000004f09f0                _pcre2_xclass_8
                0x00000000004f1740                _pcre2_eclass_8
 *fill*         0x00000000004f186c        0x4 
 .text          0x00000000004f1870     0x2022 /yuneta/development/outputs_ext_static/lib/libpcre2-8.a(pcre2_auto_possess.c.o)
                0x00000000004f2ee0                _pcre2_auto_possessify_8
 .text          0x00000000004f3892        0x0 /yuneta/development/outputs_ext_static/lib/libpcre2-8.a(pcre2_chartables.c.o)
 *fill*         0x00000000004f3892        0xe 
 .text          0x00000000004f38a0       0x1f /yuneta/development/outputs_ext_static/lib/libpcre2-8.a(pcre2_chkdint.c.o)
                0x00000000004f38a0                _pcre2_ckd_smul
 *fill*         0x00000000004f38bf        0x1 
 .text          0x00000000004f38c0      0x4c3 /yuneta/development/outputs_ext_static/lib/libpcre2-8.a(pcre2_extuni.c.o)
                0x00000000004f38c0                _pcre2_extuni_8
 *fill*         0x00000000004f3d83        0xd 
 .text          0x00000000004f3d90       0x94 /yuneta/development/outputs_ext_static/lib/libbacktrace.a(state.o)
                0x00000000004f3d90                backtrace_create_state
 *fill*         0x00000000004f3e24        0xc 
 .text          0x00000000004f3e30       0x3d /yuneta/development/outputs_ext_static/lib/libbacktrace.a(nounwind.o)
                0x00000000004f3e30                backtrace_full
                0x00000000004f3e50                backtrace_simple
 *fill*         0x00000000004f3e6d        0x3 
 .text          0x00000000004f3e70      0x48c /yuneta/development/outputs_ext_static/lib/libbacktrace.a(mmap.o)
                0x00000000004f3e70                backtrace_free
                0x00000000004f3f90                backtrace_alloc
                0x00000000004f4160                backtrace_vector_grow
                0x00000000004f4290                backtrace_vector_finish
                0x00000000004f42b0                backtrace_vector_release
 .text          0x00000000004f42fc        0x0 /usr/lib/x86_64-linux-musl/libc.a(sysconf.lo)
 *fill*         0x00000000004f42fc        0x4 
 .text.sysconf  0x00000000004f4300      0x224 /usr/lib/x86_64-linux-musl/libc.a(sysconf.lo)
                0x00000000004f4300                sysconf
 .text          0x00000000004f4524        0x0 /usr/lib/x86_64-linux-musl/libc.a(isalnum.lo)
 *fill*         0x00000000004f4524        0xc 
 .text.isalnum  0x00000000004f4530       0x24 /usr/lib/x86_64-linux-musl/libc.a(isalnum.lo)
                0x00000000004f4530                isalnum
 *fill*         0x00000000004f4554        0xc 
 .text.__isalnum_l
                0x00000000004f4560        0x9 /usr/lib/x86_64-linux-musl/libc.a(isalnum.lo)
                0x00000000004f4560                isalnum_l
                0x00000000004f4560                __isalnum_l
 .text          0x00000000004f4569        0x0 /usr/lib/x86_64-linux-musl/libc.a(ispunct.lo)
 *fill*         0x00000000004f4569        0x7 
 .text.ispunct  0x00000000004f4570       0x26 /usr/lib/x86_64-linux-musl/libc.a(ispunct.lo)
                0x00000000004f4570                ispunct
 *fill*         0x00000000004f4596        0xa 
 .text.__ispunct_l
                0x00000000004f45a0        0x9 /usr/lib/x86_64-linux-musl/libc.a(ispunct.lo)
                0x00000000004f45a0                __ispunct_l
                0x00000000004f45a0                ispunct_l
 .text          0x00000000004f45a9        0x0 /usr/lib/x86_64-linux-musl/libc.a(tolower.lo)
 *fill*         0x00000000004f45a9        0x7 
 .text.tolower  0x00000000004f45b0       0x15 /usr/lib/x86_64-linux-musl/libc.a(tolower.lo)
                0x00000000004f45b0                tolower
 *fill*         0x00000000004f45c5        0xb 
 .text.__tolower_l
                0x00000000004f45d0        0x9 /usr/lib/x86_64-linux-musl/libc.a(tolower.lo)
                0x00000000004f45d0                __tolower_l
                0x00000000004f45d0                tolower_l
 .text          0x00000000004f45d9        0x0 /usr/lib/x86_64-linux-musl/libc.a(toupper.lo)
 *fill*         0x00000000004f45d9        0x7 
 .text.toupper  0x00000000004f45e0       0x15 /usr/lib/x86_64-linux-musl/libc.a(toupper.lo)
                0x00000000004f45e0                toupper
 *fill*         0x00000000004f45f5        0xb 
 .text.__toupper_l
                0x00000000004f4600        0x9 /usr/lib/x86_64-linux-musl/libc.a(toupper.lo)
                0x00000000004f4600                toupper_l
                0x00000000004f4600                __toupper_l
 .text          0x00000000004f4609        0x0 /usr/lib/x86_64-linux-musl/libc.a(closedir.lo)
 *fill*         0x00000000004f4609        0x7 
 .text.closedir
                0x00000000004f4610       0x28 /usr/lib/x86_64-linux-musl/libc.a(closedir.lo)
                0x00000000004f4610                closedir
 .text          0x00000000004f4638        0x0 /usr/lib/x86_64-linux-musl/libc.a(opendir.lo)
 *fill*         0x00000000004f4638        0x8 
 .text.opendir  0x00000000004f4640       0x3e /usr/lib/x86_64-linux-musl/libc.a(opendir.lo)
                0x00000000004f4640                opendir
 .text          0x00000000004f467e        0x0 /usr/lib/x86_64-linux-musl/libc.a(readdir.lo)
 *fill*         0x00000000004f467e        0x2 
 .text.readdir  0x00000000004f4680       0x74 /usr/lib/x86_64-linux-musl/libc.a(readdir.lo)
                0x00000000004f4680                readdir
 .text          0x00000000004f46f4        0x0 /usr/lib/x86_64-linux-musl/libc.a(__libc_start_main.lo)
 *fill*         0x00000000004f46f4        0xc 
 .text.dummy    0x00000000004f4700        0x5 /usr/lib/x86_64-linux-musl/libc.a(__libc_start_main.lo)
 *fill*         0x00000000004f4705        0xb 
 .text.dummy1   0x00000000004f4710        0x5 /usr/lib/x86_64-linux-musl/libc.a(__libc_start_main.lo)
 *fill*         0x00000000004f4715        0xb 
 .text.__init_libc
                0x00000000004f4720      0x228 /usr/lib/x86_64-linux-musl/libc.a(__libc_start_main.lo)
                0x00000000004f4720                __init_libc
 *fill*         0x00000000004f4948        0x8 
 .text.libc_start_init
                0x00000000004f4950       0x3a /usr/lib/x86_64-linux-musl/libc.a(__libc_start_main.lo)
                0x00000000004f4950                __libc_start_init
 *fill*         0x00000000004f498a        0x6 
 .text.libc_start_main_stage2
                0x00000000004f4990       0x36 /usr/lib/x86_64-linux-musl/libc.a(__libc_start_main.lo)
 *fill*         0x00000000004f49c6        0xa 
 .text.__libc_start_main
                0x00000000004f49d0       0x36 /usr/lib/x86_64-linux-musl/libc.a(__libc_start_main.lo)
                0x00000000004f49d0                __libc_start_main
 .text          0x00000000004f4a06        0x0 /usr/lib/x86_64-linux-musl/libc.a(__stack_chk_fail.lo)
 *fill*         0x00000000004f4a06        0xa 
 .text.__init_ssp
                0x00000000004f4a10       0x53 /usr/lib/x86_64-linux-musl/libc.a(__stack_chk_fail.lo)
                0x00000000004f4a10                __init_ssp
 *fill*         0x00000000004f4a63        0xd 
 .text.__stack_chk_fail
                0x00000000004f4a70        0x6 /usr/lib/x86_64-linux-musl/libc.a(__stack_chk_fail.lo)
                0x00000000004f4a70                __stack_chk_fail_local
                0x00000000004f4a70                __stack_chk_fail
 .text          0x00000000004f4a76        0x0 /usr/lib/x86_64-linux-musl/libc.a(getenv.lo)
 *fill*         0x00000000004f4a76        0xa 
 .text.getenv   0x00000000004f4a80       0x7a /usr/lib/x86_64-linux-musl/libc.a(getenv.lo)
                0x00000000004f4a80                getenv
 .text          0x00000000004f4afa        0x0 /usr/lib/x86_64-linux-musl/libc.a(__errno_location.lo)
 *fill*         0x00000000004f4afa        0x6 
 .text.__errno_location
                0x00000000004f4b00       0x12 /usr/lib/x86_64-linux-musl/libc.a(__errno_location.lo)
                0x00000000004f4b00                ___errno_location
                0x00000000004f4b00                __errno_location
 .text          0x00000000004f4b12        0x0 /usr/lib/x86_64-linux-musl/libc.a(strerror.lo)
 *fill*         0x00000000004f4b12        0xe 
 .text.__strerror_l
                0x00000000004f4b20       0x30 /usr/lib/x86_64-linux-musl/libc.a(strerror.lo)
                0x00000000004f4b20                strerror_l
                0x00000000004f4b20                __strerror_l
 .text.strerror
                0x00000000004f4b50       0x19 /usr/lib/x86_64-linux-musl/libc.a(strerror.lo)
                0x00000000004f4b50                strerror
 .text          0x00000000004f4b69        0x0 /usr/lib/x86_64-linux-musl/libc.a(abort.lo)
 *fill*         0x00000000004f4b69        0x7 
 .text.abort    0x00000000004f4b70       0xa8 /usr/lib/x86_64-linux-musl/libc.a(abort.lo)
                0x00000000004f4b70                abort
 .text          0x00000000004f4c18        0x0 /usr/lib/x86_64-linux-musl/libc.a(abort_lock.lo)
 .text          0x00000000004f4c18        0x0 /usr/lib/x86_64-linux-musl/libc.a(assert.lo)
 *fill*         0x00000000004f4c18        0x8 
 .text.__assert_fail
                0x00000000004f4c20       0x30 /usr/lib/x86_64-linux-musl/libc.a(assert.lo)
                0x00000000004f4c20                __assert_fail
 .text          0x00000000004f4c50        0x0 /usr/lib/x86_64-linux-musl/libc.a(atexit.lo)
 .text.call     0x00000000004f4c50        0x6 /usr/lib/x86_64-linux-musl/libc.a(atexit.lo)
 *fill*         0x00000000004f4c56        0xa 
 .text.__funcs_on_exit
                0x00000000004f4c60       0xaf /usr/lib/x86_64-linux-musl/libc.a(atexit.lo)
                0x00000000004f4c60                __funcs_on_exit
 *fill*         0x00000000004f4d0f        0x1 
 .text.__cxa_finalize
                0x00000000004f4d10        0x5 /usr/lib/x86_64-linux-musl/libc.a(atexit.lo)
                0x00000000004f4d10                __cxa_finalize
 *fill*         0x00000000004f4d15        0xb 
 .text.__cxa_atexit
                0x00000000004f4d20       0xad /usr/lib/x86_64-linux-musl/libc.a(atexit.lo)
                0x00000000004f4d20                __cxa_atexit
 *fill*         0x00000000004f4dcd        0x3 
 .text.atexit   0x00000000004f4dd0       0x15 /usr/lib/x86_64-linux-musl/libc.a(atexit.lo)
                0x00000000004f4dd0                atexit
 .text          0x00000000004f4de5        0x0 /usr/lib/x86_64-linux-musl/libc.a(exit.lo)
 *fill*         0x00000000004f4de5        0xb 
 .text.dummy    0x00000000004f4df0        0x5 /usr/lib/x86_64-linux-musl/libc.a(exit.lo)
 *fill*         0x00000000004f4df5        0xb 
 .text.libc_exit_fini
                0x00000000004f4e00       0x3a /usr/lib/x86_64-linux-musl/libc.a(exit.lo)
                0x00000000004f4e00                __libc_exit_fini
 .text          0x00000000004f4e3a        0x0 /usr/lib/x86_64-linux-musl/libc.a(fcntl.lo)
 *fill*         0x00000000004f4e3a        0x6 
 .text.fcntl    0x00000000004f4e40      0x1a7 /usr/lib/x86_64-linux-musl/libc.a(fcntl.lo)
                0x00000000004f4e40                fcntl
 .text          0x00000000004f4fe7        0x0 /usr/lib/x86_64-linux-musl/libc.a(open.lo)
 *fill*         0x00000000004f4fe7        0x9 
 .text.open     0x00000000004f4ff0       0xc0 /usr/lib/x86_64-linux-musl/libc.a(open.lo)
                0x00000000004f4ff0                open
 .text          0x00000000004f50b0        0x0 /usr/lib/x86_64-linux-musl/libc.a(__flt_rounds.lo)
 .text.__flt_rounds
                0x00000000004f50b0       0x64 /usr/lib/x86_64-linux-musl/libc.a(__flt_rounds.lo)
                0x00000000004f50b0                __flt_rounds
 .text          0x00000000004f5114       0xbf /usr/lib/x86_64-linux-musl/libc.a(fenv.lo)
                0x00000000004f5114                feclearexcept
                0x00000000004f5141                feraiseexcept
                0x00000000004f5155                __fesetround
                0x00000000004f517f                fegetround
                0x00000000004f518e                fegetenv
                0x00000000004f5197                fesetenv
                0x00000000004f51c3                fetestexcept
 .text          0x00000000004f51d3        0x0 /usr/lib/x86_64-linux-musl/libc.a(defsysinfo.lo)
 .text          0x00000000004f51d3        0x0 /usr/lib/x86_64-linux-musl/libc.a(libc.lo)
 .text          0x00000000004f51d3        0x0 /usr/lib/x86_64-linux-musl/libc.a(syscall_ret.lo)
 *fill*         0x00000000004f51d3        0xd 
 .text.__syscall_ret
                0x00000000004f51e0       0x3b /usr/lib/x86_64-linux-musl/libc.a(syscall_ret.lo)
                0x00000000004f51e0                __syscall_ret
 .text          0x00000000004f521b        0x0 /usr/lib/x86_64-linux-musl/libc.a(getpagesize.lo)
 *fill*         0x00000000004f521b        0x5 
 .text.getpagesize
                0x00000000004f5220        0xa /usr/lib/x86_64-linux-musl/libc.a(getpagesize.lo)
                0x00000000004f5220                getpagesize
 .text          0x00000000004f522a        0x0 /usr/lib/x86_64-linux-musl/libc.a(flock.lo)
 *fill*         0x00000000004f522a        0x6 
 .text.flock    0x00000000004f5230       0x22 /usr/lib/x86_64-linux-musl/libc.a(flock.lo)
                0x00000000004f5230                flock
 .text          0x00000000004f5252        0x0 /usr/lib/x86_64-linux-musl/libc.a(getrandom.lo)
 *fill*         0x00000000004f5252        0xe 
 .text.getrandom
                0x00000000004f5260       0x2e /usr/lib/x86_64-linux-musl/libc.a(getrandom.lo)
                0x00000000004f5260                getrandom
 .text          0x00000000004f528e        0x0 /usr/lib/x86_64-linux-musl/libc.a(inotify.lo)
 *fill*         0x00000000004f528e        0x2 
 .text.inotify_init1
                0x00000000004f5290       0x35 /usr/lib/x86_64-linux-musl/libc.a(inotify.lo)
                0x00000000004f5290                inotify_init1
 *fill*         0x00000000004f52c5        0xb 
 .text.inotify_init
                0x00000000004f52d0        0xb /usr/lib/x86_64-linux-musl/libc.a(inotify.lo)
                0x00000000004f52d0                inotify_init