Archive member included to satisfy reference by file (symbol)

/yuneta/development/outputs_ext/lib/libargp-standalone.a(argp-parse.c.o)
                              CMakeFiles/tr2keys.dir/tr2keys.c.o (argp_parse)
/yuneta/development/outputs_ext/lib/libargp-standalone.a(argp-pvh.c.o)
                              /yuneta/development/outputs_ext/lib/libargp-standalone.a(argp-parse.c.o) (argp_program_version_hook)
/yuneta/development/outputs_ext/lib/libargp-standalone.a(argp-xinl.c.o)
                              CMakeFiles/tr2keys.dir/tr2keys.c.o (argp_usage)
/yuneta/development/outputs_ext/lib/libargp-standalone.a(getopt1.c.o)
                              /yuneta/development/outputs_ext/lib/libargp-standalone.a(argp-parse.c.o) (_getopt_long_r)
/yuneta/development/outputs_ext/lib/libargp-standalone.a(argp-help.c.o)
                              /yuneta/development/outputs_ext/lib/libargp-standalone.a(argp-parse.c.o) (__argp_short_program_name)
/yuneta/development/outputs_ext/lib/libargp-standalone.a(getopt.c.o)
                              /yuneta/development/outputs_ext/lib/libargp-standalone.a(getopt1.c.o) (_getopt_internal_r)
/yuneta/development/outputs_ext/lib/libargp-standalone.a(argp-eexst.c.o)
                              /yuneta/development/outputs_ext/lib/libargp-standalone.a(argp-help.c.o) (argp_err_exit_status)
/yuneta/development/outputs_ext/lib/libargp-standalone.a(argp-fmtstream.c.o)
                              /yuneta/development/outputs_ext/lib/libargp-standalone.a(argp-help.c.o) (argp_make_fmtstream)
/yuneta/development/outputs/lib/libtimeranger2.a(timeranger2.c.o)
                              CMakeFiles/tr2keys.dir/tr2keys.c.o (tranger2_startup)
/yuneta/development/outputs/lib/libtimeranger2.a(fs_watcher.c.o)
                              /yuneta/development/outputs/lib/libtimeranger2.a(timeranger2.c.o) (fs_create_watcher_event)
/yuneta/development/outputs/lib/libyev_loop.a(yev_loop.c.o)
                              CMakeFiles/tr2keys.dir/tr2keys.c.o (yev_loop_create)
/yuneta/development/outputs/lib/libyunetas-gobj.a(gobj.c.o)
                              CMakeFiles/tr2keys.dir/tr2keys.c.o (gobj_start_up)
/yuneta/development/outputs/lib/libyunetas-gobj.a(gbmem.c.o)
                              CMakeFiles/tr2keys.dir/tr2keys.c.o (gbmem_setup)
/yuneta/development/outputs/lib/libyunetas-gobj.a(gbuffer.c.o)
                              /yuneta/development/outputs/lib/libtimeranger2.a(fs_watcher.c.o) (gbuffer_create)
/yuneta/development/outputs/lib/libyunetas-gobj.a(glogger.c.o)
                              /yuneta/development/outputs/lib/libyunetas-gobj.a(gobj.c.o) (glog_init)
/yuneta/development/outputs/lib/libyunetas-gobj.a(log_udp_handler.c.o)
                              /yuneta/development/outputs/lib/libyunetas-gobj.a(glogger.c.o) (udpc_close)
/yuneta/development/outputs/lib/libyunetas-gobj.a(helpers.c.o)
                              /yuneta/development/outputs/lib/libtimeranger2.a(timeranger2.c.o) (newfile)
/yuneta/development/outputs/lib/libyunetas-gobj.a(kwid.c.o)
                              /yuneta/development/outputs/lib/libyunetas-gobj.a(gobj.c.o) (kw_add_binary_type)
/yuneta/development/outputs/lib/libyunetas-gobj.a(command_parser.c.o)
                              /yuneta/development/outputs/lib/libyunetas-gobj.a(gobj.c.o) (build_command_response)
/yuneta/development/outputs/lib/libyunetas-gobj.a(stats_parser.c.o)
                              /yuneta/development/outputs/lib/libyunetas-gobj.a(gobj.c.o) (build_stats_response)
/yuneta/development/outputs/lib/libyunetas-gobj.a(json_config.c.o)
                              /yuneta/development/outputs/lib/libyunetas-gobj.a(gobj.c.o) (json_config)
/yuneta/development/outputs/lib/libyunetas-gobj.a(json_replace_vars.c.o)
                              /yuneta/development/outputs/lib/libyunetas-gobj.a(gobj.c.o) (json_replace_var)
/yuneta/development/outputs/lib/libyunetas-gobj.a(rotatory.c.o)
                              /yuneta/development/outputs/lib/libyunetas-gobj.a(glogger.c.o) (rotatory_close)
/yuneta/development/outputs/lib/libyunetas-gobj.a(g_ev_kernel.c.o)
                              /yuneta/development/outputs/lib/libyunetas-gobj.a(gobj.c.o) (EV_STATE_CHANGED)
/yuneta/development/outputs/lib/libyunetas-gobj.a(00_http_parser.c.o)
                              /yuneta/development/outputs/lib/libyunetas-gobj.a(helpers.c.o) (http_parser_url_init)
/yuneta/development/outputs/lib/libyunetas-gobj.a(dl_list.c.o)
                              /yuneta/development/outputs/lib/libyunetas-gobj.a(gobj.c.o) (dl_init)
/yuneta/development/outputs_ext/lib/liburing.a(setup.ol)
                              /yuneta/development/outputs/lib/libyev_loop.a(yev_loop.c.o) (io_uring_queue_init_params)
/yuneta/development/outputs_ext/lib/liburing.a(queue.ol)
                              /yuneta/development/outputs/lib/libyev_loop.a(yev_loop.c.o) (__io_uring_get_cqe)
/yuneta/development/outputs_ext/lib/liburing.a(register.ol)
[...]
Memory Configuration

Name             Origin             Length             Attributes
*default*        0x0000000000000000 0xffffffffffffffff

Linker script and memory map

LOAD /usr/local/musl/lib/Scrt1.o
LOAD /usr/local/musl/lib/crti.o
LOAD /usr/lib/gcc/x86_64-linux-gnu/13/crtbeginS.o
LOAD CMakeFiles/tr2keys.dir/tr2keys.c.o
LOAD /yuneta/development/outputs_ext/lib/libargp-standalone.a
LOAD /yuneta/development/outputs/lib/libtimeranger2.a
LOAD /yuneta/development/outputs/lib/libyev_loop.a
LOAD /yuneta/development/outputs/lib/libyunetas-gobj.a
LOAD /yuneta/development/outputs_ext/lib/liburing.a
LOAD /yuneta/development/outputs_ext/lib/libjansson.a
LOAD /yuneta/development/outputs_ext/lib/libpcre2-8.a
LOAD /yuneta/development/outputs_ext/lib/libbacktrace.a
LOAD /usr/lib/gcc/x86_64-linux-gnu/13/libgcc.a
LOAD /usr/lib/gcc/x86_64-linux-gnu/13/libgcc_eh.a
LOAD /usr/local/musl/lib/libc.so
LOAD /usr/lib/gcc/x86_64-linux-gnu/13/libgcc.a
LOAD /usr/lib/gcc/x86_64-linux-gnu/13/libgcc_eh.a
LOAD /usr/lib/gcc/x86_64-linux-gnu/13/crtendS.o
LOAD /usr/local/musl/lib/crtn.o
                [!provide]                        PROVIDE (__executable_start = SEGMENT_START ("text-segment", 0x0))
                0x0000000000000238                . = (SEGMENT_START ("text-segment", 0x0) + SIZEOF_HEADERS)

.interp         0x0000000000000238       0x19
 *(.interp)
 .interp        0x0000000000000238       0x19 /usr/local/musl/lib/Scrt1.o

.note.gnu.build-id
 *(.note.gnu.build-id)

.hash           0x0000000000000258      0x4c0
 *(.hash)
 .hash          0x0000000000000258      0x4c0 /usr/local/musl/lib/Scrt1.o

.gnu.hash       0x0000000000000718       0x68
 *(.gnu.hash)
 .gnu.hash      0x0000000000000718       0x68 /usr/local/musl/lib/Scrt1.o

.dynsym         0x0000000000000780     0x1008
 *(.dynsym)
 .dynsym        0x0000000000000780     0x1008 /usr/local/musl/lib/Scrt1.o

.dynstr         0x0000000000001788      0x61f
 *(.dynstr)
 .dynstr        0x0000000000001788      0x61f /usr/local/musl/lib/Scrt1.o

.gnu.version    0x0000000000001da8        0x0
 *(.gnu.version)
 .gnu.version   0x0000000000001da8        0x0 /usr/local/musl/lib/Scrt1.o

.gnu.version_d  0x0000000000001da8        0x0
 *(.gnu.version_d)
 .gnu.version_d
                0x0000000000001da8        0x0 /usr/local/musl/lib/Scrt1.o

.gnu.version_r  0x0000000000001da8        0x0
 *(.gnu.version_r)
 .gnu.version_r
                0x0000000000001da8        0x0 /usr/local/musl/lib/Scrt1.o

.rela.dyn       0x0000000000001da8     0x3fc0
 *(.rela.init)
 *(.rela.text .rela.text.* .rela.gnu.linkonce.t.*)
 .rela.text     0x0000000000001da8        0x0 /usr/local/musl/lib/Scrt1.o
 *(.rela.fini)
 *(.rela.rodata .rela.rodata.* .rela.gnu.linkonce.r.*)
 *(.rela.data .rela.data.* .rela.gnu.linkonce.d.*)
 .rela.data.rel.ro
                0x0000000000001da8       0x30 /usr/local/musl/lib/Scrt1.o
 .rela.data.rel.local
                0x0000000000001dd8     0x12a8 /usr/local/musl/lib/Scrt1.o
 .rela.data.rel.ro.local
                0x0000000000003080     0x2aa8 /usr/local/musl/lib/Scrt1.o
 .rela.data.rel
                0x0000000000005b28       0x78 /usr/local/musl/lib/Scrt1.o
 *(.rela.tdata .rela.tdata.* .rela.gnu.linkonce.td.*)
 *(.rela.tbss .rela.tbss.* .rela.gnu.linkonce.tb.*)
 *(.rela.ctors)
 *(.rela.dtors)
 *(.rela.got)
 .rela.got      0x0000000000005ba0      0x180 /usr/local/musl/lib/Scrt1.o
 *(.rela.bss .rela.bss.* .rela.gnu.linkonce.b.*)
 .rela.bss      0x0000000000005d20        0x0 /usr/local/musl/lib/Scrt1.o
 *(.rela.ldata .rela.ldata.* .rela.gnu.linkonce.l.*)
 *(.rela.lbss .rela.lbss.* .rela.gnu.linkonce.lb.*)
 *(.rela.lrodata .rela.lrodata.* .rela.gnu.linkonce.lr.*)
 *(.rela.ifunc)
 .rela.ifunc    0x0000000000005d20        0x0 /usr/local/musl/lib/Scrt1.o
 .rela.fini_array
                0x0000000000005d20       0x30 /usr/local/musl/lib/Scrt1.o
 .rela.init_array
                0x0000000000005d50       0x18 /usr/local/musl/lib/Scrt1.o

.rela.plt       0x0000000000005d68     0x1008
 *(.rela.plt)
 .rela.plt      0x0000000000005d68     0x1008 /usr/local/musl/lib/Scrt1.o
 *(.rela.iplt)

.relr.dyn
 *(.relr.dyn)
                0x0000000000007000                . = ALIGN (CONSTANT (MAXPAGESIZE))

.init           0x0000000000007000        0x3
 *(SORT_NONE(.init))
 .init          0x0000000000007000        0x1 /usr/local/musl/lib/crti.o
                0x0000000000007000                _init
 .init          0x0000000000007001        0x2 /usr/local/musl/lib/crtn.o

.plt            0x0000000000007010      0xac0
 *(.plt)
 .plt           0x0000000000007010      0xac0 /usr/local/musl/lib/Scrt1.o
                0x0000000000007020                putchar
                0x0000000000007030                clock_gettime
                0x0000000000007040                inotify_init1
                0x0000000000007050                getrlimit
                0x0000000000007080                sysconf
                0x00000000000070a0                sigemptyset
                0x00000000000070b0                strerror
                0x00000000000070c0                strndup
                0x00000000000070d0                inet_pton
                0x00000000000070e0                __xpg_basename
                0x00000000000070f0                memmove
                0x0000000000007100                snprintf
                0x0000000000007110                munmap
                0x0000000000007120                atol
                0x0000000000007130                getenv
                0x0000000000007140                getpagesize
                0x0000000000007150                getpid
                0x0000000000007160                qsort
                0x0000000000007170                fgets
                0x0000000000007180                dirname
                0x00000000000071b0                memcpy
                0x00000000000071c0                perror
                0x00000000000071d0                readlink
                0x00000000000071e0                puts
                0x00000000000071f0                __overflow
                0x0000000000007200                dup2
                0x0000000000007210                getuid
                0x0000000000007220                malloc
                0x0000000000007230                remove
                0x0000000000007250                isatty
                0x0000000000007260                sleep
                0x0000000000007270                sysinfo
                0x0000000000007290                rmdir
                0x00000000000072a0                socket
                0x00000000000072b0                readdir
                0x00000000000072c0                fflush
                0x00000000000072d0                posix_madvise
                0x00000000000072e0                lseek
                0x00000000000072f0                mmap
                0x0000000000007300                strncasecmp
                0x0000000000007310                freeaddrinfo
                0x0000000000007320                abort
                0x0000000000007330                __stack_chk_fail
                0x0000000000007340                gmtime_r
                0x0000000000007350                chmod
                0x0000000000007360                alarm
                0x0000000000007370                strtol
                0x0000000000007380                pipe
                0x0000000000007390                strnlen
                0x00000000000073a0                uname
                0x00000000000073b0                rename
                0x00000000000073d0                strrchr
                0x00000000000073e0                __ctype_tolower_loc
                0x00000000000073f0                calloc
                0x0000000000007400                setrlimit
                0x0000000000007410                strtod
                0x0000000000007420                sendfile
                0x0000000000007430                write
                0x0000000000007440                fstat
                0x0000000000007450                fprintf
                0x0000000000007460                fputs_unlocked
                0x0000000000007470                dl_iterate_phdr
                0x0000000000007480                strcat
                0x0000000000007490                bind
                0x00000000000074a0                pthread_cond_broadcast
                0x00000000000074b0                pthread_once
                0x00000000000074c0                madvise
                0x00000000000074d0                fstatvfs
                0x00000000000074e0                setsockopt
                0x0000000000007500                fseek
                0x0000000000007510                memchr
                0x0000000000007520                umask
                0x0000000000007540                mktime
                0x0000000000007550                lstat
                0x0000000000007560                ferror
                0x0000000000007570                strstr
                0x0000000000007580                flock
                0x0000000000007590                signal
                0x00000000000075a0                read
                0x00000000000075b0                inotify_rm_watch
                0x00000000000075c0                strncmp
                0x00000000000075d0                strncpy
                0x00000000000075e0                unlink
                0x00000000000075f0                sendto
                0x0000000000007600                realloc
                0x0000000000007610                strtok
                0x0000000000007620                memcmp
                0x0000000000007630                listen
                0x0000000000007640                fork
                0x0000000000007650                timerfd_create
                0x0000000000007660                sigaction
                0x0000000000007670                fread
                0x0000000000007690                strdup
                0x00000000000076a0                regcomp
                0x00000000000076b0                gettimeofday
                0x00000000000076c0                fopen
                0x00000000000076d0                localtime
                0x00000000000076e0                memset
                0x00000000000076f0                ftell
                0x0000000000007720                fclose
                0x0000000000007740                inet_ntoa
                0x0000000000007750                regexec
                0x0000000000007760                time
                0x0000000000007770                opendir
                0x0000000000007790                pthread_mutex_unlock
                0x00000000000077a0                getpwuid
                0x00000000000077b0                atexit
                0x00000000000077c0                getpeername
                0x00000000000077d0                strsep
                0x00000000000077e0                inotify_add_watch
                0x00000000000077f0                fputc
                0x0000000000007800                __ctype_b_loc
                0x0000000000007810                getsockopt
                0x0000000000007820                localtime_r
                0x0000000000007830                getaddrinfo
                0x0000000000007850                strftime
                0x0000000000007860                fwrite_unlocked
                0x0000000000007870                stat
                0x0000000000007880                fwrite
                0x0000000000007890                access
                0x00000000000078a0                pthread_mutex_lock
                0x00000000000078c0                pthread_cond_wait
                0x00000000000078e0                __errno_location
                0x00000000000078f0                link
                0x0000000000007900                exit
                0x0000000000007910                inet_ntop
                0x0000000000007920                getrandom
                0x0000000000007930                atoi
                0x0000000000007950                fileno
                0x0000000000007960                __ctype_toupper_loc
                0x0000000000007970                gmtime
                0x0000000000007980                strspn
                0x0000000000007990                __libc_start_main
                0x00000000000079a0                strlen
                0x00000000000079b0                open
                0x00000000000079c0                atoll
                0x00000000000079d0                regfree
                0x00000000000079e0                strchr
                0x0000000000007a00                fputs
                0x0000000000007a10                timerfd_settime
                0x0000000000007a20                execvp
                0x0000000000007a30                setsid
                0x0000000000007a40                closedir
                0x0000000000007a50                strchrnul
                0x0000000000007a60                fcntl
                0x0000000000007a70                sched_yield
                0x0000000000007a80                mkdir
                0x0000000000007a90                close
                0x0000000000007ab0                free
                0x0000000000007ac0                getsockname
 *(.iplt)

.plt.got        0x0000000000007ad0       0x20
 *(.plt.got)
 .plt.got       0x0000000000007ad0       0x20 /usr/local/musl/lib/Scrt1.o
                0x0000000000007ad0                printf
                0x0000000000007ad8                __cxa_finalize
                0x0000000000007ae0                strcasecmp
                0x0000000000007ae8                strcmp

.plt.sec
 *(.plt.sec)

.text           0x0000000000007af0   0x10a9ac
 *(.text.unlikely .text.*_unlikely .text.unlikely.*)
 .text.unlikely
                0x0000000000007af0       0x6c /yuneta/development/outputs/lib/libyev_loop.a(yev_loop.c.o)
 .text.unlikely
                0x0000000000007b5c        0xf /yuneta/development/outputs/lib/libyunetas-gobj.a(glogger.c.o)
 .text.unlikely
                0x0000000000007b6b       0x11 /yuneta/development/outputs/lib/libyunetas-gobj.a(helpers.c.o)
 .text.unlikely
                0x0000000000007b7c        0xe /yuneta/development/outputs/lib/libyunetas-gobj.a(kwid.c.o)
 .text.unlikely
                0x0000000000007b8a        0xa /yuneta/development/outputs/lib/libyunetas-gobj.a(00_http_parser.c.o)
 .text.unlikely
                0x0000000000007b94      0x32d /yuneta/development/outputs_ext/lib/liburing.a(setup.ol)
                0x0000000000007b94                io_uring_queue_mmap
                0x0000000000007bc8                io_uring_ring_dontfork
                0x0000000000007c86                io_uring_queue_init
                0x0000000000007cdf                io_uring_queue_exit
                0x0000000000007d6d                io_uring_get_probe_ring
                0x0000000000007dbd                io_uring_get_probe
                0x0000000000007e04                io_uring_free_probe
                0x0000000000007e0d                io_uring_mlock_size_params
                0x0000000000007e86                io_uring_mlock_size
 .text.unlikely
                0x0000000000007ec1        0x9 /yuneta/development/outputs_ext/lib/libjansson.a(dump.c.o)
 .text.unlikely
                0x0000000000007eca        0x8 /yuneta/development/outputs_ext/lib/libjansson.a(value.c.o)
 .text.unlikely
                0x0000000000007ed2        0xf /yuneta/development/outputs_ext/lib/libpcre2-8.a(pcre2_jit_compile.c.o)
 .text.unlikely
                0x0000000000007ee1        0x8 /yuneta/development/outputs_ext/lib/libbacktrace.a(elf.o)
 .text.unlikely
                0x0000000000007ee9       0x62 /usr/lib/gcc/x86_64-linux-gnu/13/libgcc_eh.a(unwind-dw2.o)
 .text.unlikely
                0x0000000000007f4b       0x36 /usr/lib/gcc/x86_64-linux-gnu/13/libgcc_eh.a(unwind-dw2-fde-dip.o)
 *(.text.exit .text.exit.*)
 *fill*         0x0000000000007f81        0xf 
 .text.exit     0x0000000000007f90       0xf9 /usr/lib/gcc/x86_64-linux-gnu/13/libgcc_eh.a(unwind-dw2-fde-dip.o)
 *(.text.startup .text.startup.*)
 *(.text.hot .text.hot.*)
 *(SORT_BY_NAME(.text.sorted.*))
 *(.text .stub .text.* .gnu.linkonce.t.*)
 *fill*         0x0000000000008089        0x3 
 .text          0x000000000000808c       0x39 /usr/local/musl/lib/Scrt1.o
                0x000000000000808c                _start
                0x00000000000080a2                _start_c
 *fill*         0x00000000000080c5        0x3 
 .text          0x00000000000080c8        0x0 /usr/local/musl/lib/crti.o
 *fill*         0x00000000000080c8        0x8 
 .text          0x00000000000080d0       0xb9 /usr/lib/gcc/x86_64-linux-gnu/13/crtbeginS.o
 .text          0x0000000000008189     0x1970 CMakeFiles/tr2keys.dir/tr2keys.c.o
                0x00000000000090fe                main
 *fill*         0x0000000000009af9        0x7 
 .text          0x0000000000009b00     0x151b /yuneta/development/outputs_ext/lib/libargp-standalone.a(argp-parse.c.o)
                0x000000000000a050                argp_parse
                0x000000000000afe0                _argp_input
 .text          0x000000000000b01b        0x0 /yuneta/development/outputs_ext/lib/libargp-standalone.a(argp-pvh.c.o)
 *fill*         0x000000000000b01b        0x5 
 .text          0x000000000000b020       0x92 /yuneta/development/outputs_ext/lib/libargp-standalone.a(argp-xinl.c.o)
                0x000000000000b020                argp_usage
                0x000000000000b040                _option_is_short
                0x000000000000b080                _option_is_end
 *fill*         0x000000000000b0b2        0xe 
 .text          0x000000000000b0c0       0x7c /yuneta/development/outputs_ext/lib/libargp-standalone.a(getopt1.c.o)
                0x000000000000b0c0                getopt_long
                0x000000000000b0e0                _getopt_long_r
                0x000000000000b100                getopt_long_only
                0x000000000000b120                _getopt_long_only_r
 *fill*         0x000000000000b13c        0x4 
 .text          0x000000000000b140     0x3fff /yuneta/development/outputs_ext/lib/libargp-standalone.a(argp-help.c.o)
                0x000000000000d2f0                __argp_basename
                0x000000000000d320                __argp_short_program_name
                0x000000000000d330                argp_failure
                0x000000000000eea0                argp_help
                0x000000000000eec0                argp_state_help
                0x000000000000ef60                argp_error
 *fill*         0x000000000000f13f        0x1 
 .text          0x000000000000f140     0x13e6 /yuneta/development/outputs_ext/lib/libargp-standalone.a(getopt.c.o)
                0x000000000000f3a0                _getopt_internal_r
                0x0000000000010450                _getopt_internal
                0x00000000000104c0                getopt
 .text          0x0000000000010526        0x0 /yuneta/development/outputs_ext/lib/libargp-standalone.a(argp-eexst.c.o)
 *fill*         0x0000000000010526        0xa 
 .text          0x0000000000010530      0x995 /yuneta/development/outputs_ext/lib/libargp-standalone.a(argp-fmtstream.c.o)
                0x0000000000010530                argp_make_fmtstream
                0x00000000000105c0                _argp_fmtstream_update
                0x0000000000010bc0                argp_fmtstream_free
                0x0000000000010c00                _argp_fmtstream_ensure
                0x0000000000010ce0                argp_fmtstream_printf
 *fill*         0x0000000000010ec5        0xb 
 .text          0x0000000000010ed0    0x116d3 /yuneta/development/outputs/lib/libtimeranger2.a(timeranger2.c.o)
                0x0000000000014f80                tranger2_startup
                0x0000000000015730                tranger2_str2system_flag
                0x00000000000157e0                tranger2_open_topic
                0x0000000000016400                tranger2_topic
                0x00000000000171e0                tranger2_list_topics
                0x00000000000172a0                tranger2_list_keys
                0x00000000000173d0                tranger2_topic_size
                0x0000000000017550                tranger2_topic_key_size
                0x00000000000176a0                tranger2_topic_name
                0x00000000000176d0                tranger2_write_topic_var
                0x0000000000017ac0                tranger2_write_topic_cols
                0x0000000000017e60                tranger2_create_topic
                0x0000000000019570                tranger2_topic_desc
                0x0000000000019740                tranger2_list_topic_desc_cols
                0x0000000000019840                tranger2_dict_topic_desc_cols
                0x0000000000019940                tranger2_append_record
                0x000000000001a780                tranger2_delete_record
                0x000000000001ab00                tranger2_write_user_flag
                0x000000000001ad50                tranger2_set_user_flag
                0x000000000001afb0                tranger2_read_user_flag
                0x000000000001b1d0                tranger2_close_rt_mem
                0x000000000001b410                tranger2_get_rt_mem_by_id
                0x000000000001b610                tranger2_open_rt_mem
                0x000000000001c520                tranger2_close_rt_disk
                0x000000000001c960                tranger2_get_rt_disk_by_id
                0x000000000001cb60                tranger2_open_rt_disk
                0x000000000001d620                tranger2_close_iterator
                0x000000000001d8b0                tranger2_get_iterator_by_id
                0x000000000001daa0                tranger2_open_iterator
                0x000000000001f290                tranger2_iterator_size
                0x000000000001f320                tranger2_iterator_get_page
                0x000000000001f9f0                tranger2_iterator_find
                0x000000000001fa00                tranger2_iterator_first
                0x000000000001fa10                tranger2_iterator_next
                0x000000000001fa20                tranger2_iterator_prev
                0x000000000001fa30                tranger2_iterator_last
                0x000000000001fa40                tranger2_read_record_content
                0x000000000001fc20                tranger2_open_list
                0x0000000000020840                tranger2_close_list
                0x0000000000020a40                tranger2_close_all_lists
                0x0000000000020f20                tranger2_close_topic
                0x00000000000211a0                tranger2_stop
                0x0000000000021310                tranger2_shutdown
                0x0000000000021440                tranger2_delete_topic
                0x0000000000021620                tranger2_backup_topic
                0x0000000000021ec0                tranger2_print_md0_record
                0x00000000000220f0                tranger2_print_md1_record
                0x0000000000022330                tranger2_print_md2_record
                0x00000000000224c0                tranger2_print_record_filename
                0x0000000000022580                tranger2_set_trace_level
 *fill*         0x00000000000225a3        0xd 
 .text          0x00000000000225b0     0x1566 /yuneta/development/outputs/lib/libtimeranger2.a(fs_watcher.c.o)
                0x00000000000236e0                fs_create_watcher_event
                0x0000000000023ac0                fs_start_watcher_event
                0x0000000000023ae0                fs_stop_watcher_event
 *fill*         0x0000000000023b16        0xa 
 .text          0x0000000000023b20     0x8a1c /yuneta/development/outputs/lib/libyev_loop.a(yev_loop.c.o)
                0x0000000000023e40                yev_loop_create
                0x00000000000240f0                yev_loop_destroy
                0x0000000000024120                yev_loop_stop
                0x0000000000024250                yev_loop_reset_running
                0x0000000000024260                yev_protocol_set_protocol_fill_hints_fn
                0x0000000000024270                yev_get_state_name
                0x00000000000242c0                yev_set_gbuffer
                0x0000000000024450                yev_get_yuno
                0x0000000000024460                yev_start_event
                0x0000000000025c20                yev_start_timer_event
                0x0000000000026610                yev_stop_event
                0x0000000000026db0                yev_destroy_event
                0x00000000000273b0                yev_create_timer_event
                0x00000000000276a0                yev_create_accept_event
                0x00000000000284e0                yev_dup_accept_event
                0x0000000000028820                yev_dup2_accept_event
                0x0000000000028b30                yev_create_poll_event
                0x0000000000028e20                yev_create_read_event
                0x0000000000029110                yev_create_write_event
                0x0000000000029400                yev_create_recvmsg_event
                0x0000000000029730                yev_create_sendmsg_event
                0x0000000000029a60                set_tcp_socket_options
                0x000000000002ac60                yev_loop_run
                0x000000000002b060                yev_loop_run_once
                0x000000000002b2f0                yev_rearm_connect_event
                0x000000000002bec0                yev_create_connect_event
                0x000000000002c1f0                is_tcp_socket
                0x000000000002c260                is_udp_socket
                0x000000000002c2d0                get_peername
                0x000000000002c400                get_sockname
                0x000000000002c530                yev_flag_strings
 *fill*         0x000000000002c53c        0x4 
 .text          0x000000000002c540    0x1d10c /yuneta/development/outputs/lib/libyunetas-gobj.a(gobj.c.o)
                0x000000000002f010                gobj_start_up
                0x000000000002f2a0                gobj_is_shutdowning
                0x000000000002f2b0                gobj_set_exit_code
                0x000000000002f2c0                gobj_get_exit_code
                0x000000000002f2d0                gclass_add_state
                0x000000000002f450                gclass_add_ev_action
                0x000000000002f6e0                gclass_add_event_type
                0x000000000002f7a0                gobj_find_event_type
                0x000000000002f8d0                gclass_find_public_event
                0x000000000002f9a0                gclass_unregister
                0x000000000002fae0                gclass_gclass_name
                0x000000000002fb00                gclass_has_attr
                0x000000000002fb70                gclass_gclass_register
                0x000000000002fc00                gclass_find_by_name
                0x000000000002fc80                gclass_event_type
                0x000000000002fcc0                gclass_check_fsm
                0x000000000002ffc0                gclass_create
                0x00000000000306b0                gobj_service_register
                0x00000000000307f0                gobj_load_persistent_attrs
                0x00000000000309d0                gobj_save_persistent_attrs
                0x0000000000030bb0                gobj_remove_persistent_attrs
                0x0000000000030c90                gobj_list_persistent_attrs
                0x0000000000030f90                gobj_sdata_create
                0x0000000000030fe0                gobj_hsdata
                0x0000000000031000                gclass_authz_desc
                0x0000000000031010                gclass_attr_desc
                0x0000000000031140                gobj_attr_desc
                0x00000000000311d0                gobj_attr_type
                0x0000000000031260                gobj_has_attr
                0x00000000000312e0                gobj_is_readable_attr
                0x0000000000031380                gobj_is_writable_attr
                0x0000000000031420                gobj_reset_volatil_attrs
                0x00000000000314b0                gobj_reset_rstats_attrs
                0x0000000000031540                gobj_read_attr
                0x00000000000315f0                gobj_read_attrs
                0x00000000000316c0                gobj_read_user_data
                0x0000000000031740                gobj_write_attr
                0x0000000000031a20                gobj_write_attrs
                0x0000000000031d10                gobj_write_user_data
                0x0000000000031d80                gobj_hsdata2
                0x0000000000031f10                gobj_has_bottom_attr
                0x0000000000031fb0                gobj_kw_get_user_data
                0x0000000000031fe0                gobj_read_str_attr
                0x0000000000032170                gobj_read_bool_attr
                0x0000000000032340                gobj_read_real_attr
                0x0000000000032430                gobj_read_json_attr
                0x0000000000032520                gobj_read_pointer_attr
                0x0000000000032620                gobj_write_str_attr
                0x0000000000032750                gobj_write_strn_attr
                0x0000000000032920                gobj_write_bool_attr
                0x0000000000032a30                gobj_write_integer_attr
                0x0000000000032b40                gobj_write_real_attr
                0x0000000000032c50                gobj_write_json_attr
                0x0000000000032e20                gobj_write_new_json_attr
                0x0000000000032ff0                gobj_write_pointer_attr
                0x0000000000033100                gobj_local_method
                0x0000000000033270                gobj_audit_commands
                0x0000000000033290                gobj_set_bottom_gobj
                0x00000000000334b0                gobj_last_bottom_gobj
                0x00000000000334e0                gobj_bottom_gobj
                0x0000000000033500                gobj_services
                0x0000000000033590                gobj_default_service
                0x00000000000335a0                gobj_find_service
                0x00000000000337e0                gobj_find_service_by_gclass
                0x0000000000033940                gobj_nearest_top_service
                0x00000000000339d0                gobj_first_child
                0x0000000000033a30                gobj_last_child
                0x0000000000033a90                gobj_next_child
                0x0000000000033af0                gobj_prev_child
                0x0000000000033b50                gobj_child_by_name
                0x0000000000033c10                gobj_child_by_index
                0x0000000000033ca0                gobj_child_size
                0x0000000000033cb0                gobj_match_gobj
                0x0000000000034360                gobj_child_size2
                0x0000000000034590                gobj_find_child
                0x0000000000034890                gobj_match_children
                0x0000000000034bd0                gobj_match_children_tree
                0x0000000000034ec0                gobj_free_iter
                0x00000000000350d0                gobj_search_path
                0x0000000000035290                gobj_find_gobj
                0x0000000000035310                gobj_walk_gobj_children
                0x00000000000353f0                gobj_walk_gobj_children_tree
                0x0000000000035460                gobj_yuno
                0x0000000000035480                gobj_yuno_name
                0x00000000000354b0                gobj_yuno_role
                0x00000000000355f0                gobj_yuno_id
                0x0000000000035730                gobj_yuno_tag
                0x0000000000035870                gobj_yuno_role_plus_name
                0x00000000000359b0                gobj_yuno_realm_id
                0x0000000000035af0                gobj_yuno_realm_owner
                0x0000000000035c30                gobj_yuno_realm_role
                0x0000000000035d70                gobj_yuno_realm_name
                0x0000000000035eb0                gobj_yuno_realm_env
                0x0000000000035ff0                gobj_yuno_node_owner
                0x0000000000036130                gobj_name
                0x0000000000036150                gobj_gclass_name
                0x0000000000036170                gobj_gclass
                0x0000000000036190                gobj_full_name
                0x00000000000361b0                gobj_short_name
                0x00000000000361d0                gobj_global_variables
                0x00000000000365c0                gobj_priv_data
                0x00000000000365d0                gobj_parent
                0x00000000000365f0                gobj_is_destroying
                0x0000000000036610                gobj_is_running
                0x0000000000036640                gobj_is_playing
                0x0000000000036670                gobj_is_service
                0x0000000000036690                gobj_is_disabled
                0x00000000000366c0                gobj_is_volatil
                0x00000000000366d0                gobj_set_volatil
                0x00000000000366f0                gobj_is_pure_child
                0x0000000000036700                gobj_is_bottom_gobj
                0x0000000000036730                gobj_typeof_gclass
                0x0000000000036760                gobj_typeof_inherited_gclass
                0x00000000000367c0                gclass_command_desc
                0x00000000000368f0                gobj_command_desc
                0x0000000000036980                get_sdata_flag_table
                0x0000000000036990                get_attrs_schema
                0x0000000000036c90                gclass2json
                0x0000000000037d50                gobj_current_state
                0x0000000000037dc0                gobj_in_this_state
                0x0000000000037de0                gobj_has_state
                0x0000000000037e20                gobj_has_event
                0x0000000000037f40                gobj_has_output_event
                0x0000000000038060                gobj_event_type
                0x0000000000038190                gobj_event_type_by_name
                0x00000000000382b0                gobj_subs_desc
                0x00000000000382c0                gobj_find_subscriptions
                0x0000000000038310                gobj_find_subscribings
                0x0000000000038360                gobj_list_subscriptions
                0x00000000000384e0                gobj_list_subscribings
                0x0000000000038660                gobj_authenticate
                0x0000000000038770                authzs_list
                0x0000000000038920                gobj_authzs
                0x0000000000038930                gobj_authz
                0x00000000000389a0                gobj_get_global_authz_table
                0x00000000000389b0                authz_get_level_desc
                0x0000000000038a90                gobj_build_authzs_doc
                0x0000000000038c40                gobj_set_stat
                0x0000000000038cb0                gobj_incr_stat
                0x0000000000038d20                gobj_decr_stat
                0x0000000000038d90                gobj_get_stat
                0x0000000000038dc0                gobj_jn_stats
                0x0000000000038dd0                gobj_create_resource
                0x0000000000038fe0                gobj_save_resource
                0x0000000000039230                gobj_delete_resource
                0x0000000000039510                gobj_list_resource
                0x0000000000039720                gobj_get_resource
                0x0000000000039930                gobj_treedbs
                0x0000000000039a40                gobj_treedb_topics
                0x0000000000039b50                gobj_topic_desc
                0x0000000000039c50                gobj_topic_links
                0x0000000000039d60                gobj_topic_hooks
                0x0000000000039e70                gobj_topic_size
                0x0000000000039f70                gobj_create_node
                0x000000000003a180                gobj_update_node
                0x000000000003a390                gobj_delete_node
                0x000000000003a5e0                gobj_link_nodes
                0x000000000003a980                gobj_unlink_nodes
                0x000000000003ad20                gobj_get_node
                0x000000000003aff0                gobj_list_nodes
                0x000000000003b2c0                gobj_list_instances
                0x000000000003b590                gobj_node_parents
                0x000000000003b860                gobj_node_children
                0x000000000003bb40                gobj_topic_jtree
                0x000000000003be50                gobj_node_tree
                0x000000000003c0c0                gobj_shoot_snap
                0x000000000003c1d0                gobj_activate_snap
                0x000000000003c2e0                gobj_list_snaps
                0x000000000003c3f0                gobj_repr_global_trace_levels
                0x000000000003c490                gobj_repr_gclass_trace_levels
                0x000000000003c690                gobj_trace_level_list
                0x000000000003c700                gobj_get_global_trace_level
                0x000000000003c9b0                gobj_get_gclass_trace_level
                0x000000000003c9d0                gobj_get_gclass_trace_no_level
                0x000000000003c9f0                gobj_get_gobj_trace_no_level
                0x000000000003ca20                gobj_get_gclass_trace_level_list
                0x000000000003cd30                gobj_get_gclass_trace_no_level_list
                0x000000000003d040                gobj_get_gobj_trace_no_level_tree
                0x000000000003d290                gobj_global_trace_level
                0x000000000003d2b0                gobj_trace_level
                0x000000000003d430                gobj_read_integer_attr
                0x000000000003d550                gobj_start
                0x000000000003daa0                gobj_start_children
                0x000000000003dba0                gobj_start_tree
                0x000000000003dce0                gobj_enable
                0x000000000003de00                gobj_autostart_services
                0x000000000003dea0                gobj_play
                0x000000000003e210                gobj_autoplay_services
                0x000000000003e2a0                gobj_pause
                0x000000000003e460                gobj_pause_autoplay_services
                0x000000000003e590                gobj_stop
                0x000000000003e7e0                gobj_stop_children
                0x000000000003e8e0                gobj_stop_tree
                0x000000000003ea10                gobj_disable
                0x000000000003eb10                gobj_stop_autostart_services
                0x000000000003ec40                gobj_shutdown
                0x000000000003ecd0                gobj_command
                0x000000000003f0a0                gobj_stats
                0x000000000003f3b0                gobj_change_state
                0x000000000003f690                gobj_send_event
                0x0000000000040000                gobj_publish_event
                0x0000000000040fa0                gobj_send_event_to_children_tree
                0x00000000000411e0                gobj_send_event_to_children
                0x0000000000041440                gobj_user_has_authz
                0x00000000000415d0                gobj_get_gobj_trace_level
                0x0000000000041ce0                gobj_unsubscribe_list
                0x0000000000041f00                gobj_destroy
                0x0000000000042990                gobj_end
                0x0000000000042c90                gobj_destroy_children
                0x0000000000042d80                gobj_subscribe_event
                0x0000000000043d70                gobj_unsubscribe_event
                0x0000000000044360                gobj_create2
                0x00000000000456a0                gobj_create_yuno
                0x00000000000456c0                gobj_create_service
                0x00000000000456d0                gobj_create_default_service
                0x00000000000456e0                gobj_create_volatil
                0x00000000000456f0                gobj_create_pure_child
                0x0000000000045700                gobj_create
                0x0000000000046420                gobj_create_tree
                0x00000000000464f0                gobj_service_factory
                0x0000000000046fc0                gobj_get_gobj_trace_level_tree
                0x00000000000470a0                gobj_destroy_named_children
                0x0000000000047270                gobj2json
                0x0000000000048120                gobj_view_tree
                0x0000000000048220                gobj_trace_no_level
                0x0000000000048250                gobj_set_deep_tracing
                0x0000000000048260                gobj_get_deep_tracing
                0x0000000000048270                gobj_set_global_trace
                0x00000000000483b0                gobj_set_gobj_trace
                0x0000000000048880                gobj_set_gclass_trace
                0x0000000000048a60                gobj_set_global_no_trace
                0x0000000000048ba0                gobj_load_trace_filter
                0x0000000000048ca0                gobj_add_trace_filter
                0x0000000000048ed0                gobj_remove_trace_filter
                0x0000000000049170                gobj_get_trace_filter
                0x0000000000049180                gobj_set_gclass_no_trace
                0x0000000000049380                gobj_set_trace_machine_format
                0x0000000000049390                tab
                0x0000000000049400                gobj_set_gobj_no_trace
                0x00000000000495b0                gobj_is_level_tracing
                0x0000000000049600                gobj_is_level_not_tracing
 *fill*         0x000000000004964c        0x4 
 .text          0x0000000000049650      0x5c5 /yuneta/development/outputs/lib/libyunetas-gobj.a(gbmem.c.o)
                0x00000000000499e0                gbmem_setup
                0x0000000000049a00                gbmem_shutdown
                0x0000000000049a10                gbmem_set_allocators
                0x0000000000049a40                gbmem_get_allocators
                0x0000000000049a90                gbmem_malloc
                0x0000000000049aa0                gbmem_free
                0x0000000000049ab0                gbmem_realloc
                0x0000000000049ac0                gbmem_calloc
                0x0000000000049ad0                gbmem_strndup
                0x0000000000049b70                gbmem_strdup
                0x0000000000049bd0                gbmem_get_maximum_block
                0x0000000000049be0                get_max_system_memory
                0x0000000000049bf0                get_cur_system_memory
                0x0000000000049c00                set_memory_check_list
                0x0000000000049c10                print_track_mem
 *fill*         0x0000000000049c15        0xb 
 .text          0x0000000000049c20     0x2db7 /yuneta/development/outputs/lib/libyunetas-gobj.a(gbuffer.c.o)
                0x0000000000049fb0                gbuffer_create
                0x000000000004a170                gbuffer_remove
                0x000000000004a230                gbuffer_set_rd_offset
                0x000000000004a2f0                gbuffer_getline
                0x000000000004a360                gbuffer_set_wr
                0x000000000004a3f0                gbuffer_append
                0x000000000004a590                gbuffer_append_gbuf
                0x000000000004a860                gbuffer_append_json
                0x000000000004aab0                gbuffer_vprintf
                0x000000000004ad20                gbuffer_printf
                0x000000000004ade0                gbuffer_setlabel
                0x000000000004ae80                gbuf2file
                0x000000000004b110                gbuffer_string_to_base64
                0x000000000004b500                gbuffer_serialize
                0x000000000004b6a0                gbuffer_file2base64
                0x000000000004b800                gbuffer_base64_to_string
                0x000000000004bd70                gbuffer_deserialize
                0x000000000004bff0                gbuffer_encode_base64
                0x000000000004c0b0                str2gbuf
                0x000000000004c340                json2gbuf
                0x000000000004c480                gobj_trace_dump_gbuf
                0x000000000004c670                gbuf2json
                0x000000000004c800                gobj_trace_dump_full_gbuf
 *fill*         0x000000000004c9d7        0x9 
 .text          0x000000000004c9e0     0x3b34 /yuneta/development/outputs/lib/libyunetas-gobj.a(glogger.c.o)
                0x000000000004c9e0                stdout_write
                0x000000000004cbc0                stdout_fwrite
                0x000000000004da10                glog_init
                0x000000000004da30                gobj_log_register_handler
                0x000000000004dab0                gobj_log_exist_handler
                0x000000000004db30                gobj_log_list_handlers
                0x000000000004dc20                gobj_log_set_global_handler_option
                0x000000000004dc40                gobj_get_log_priority_name
                0x000000000004dc60                gobj_get_log_data
                0x000000000004dd20                gobj_log_clear_counters
                0x000000000004dd70                gobj_log_last_message
                0x000000000004dd80                gobj_log_set_last_message
                0x000000000004ee80                gobj_log_alert
                0x000000000004ef50                gobj_log_critical
                0x000000000004f020                gobj_log_error
                0x000000000004f0f0                gobj_log_warning
                0x000000000004f1c0                gobj_log_info
                0x000000000004f290                gobj_log_debug
                0x000000000004f360                set_show_backtrace_fn
                0x000000000004f370                print_backtrace
                0x000000000004f3a0                gobj_trace_msg
                0x000000000004f490                trace_msg0
                0x000000000004f600                gobj_info_msg
                0x000000000004f6f0                gobj_trace_json
                0x000000000004f830                gobj_trace_buffer
                0x000000000004f950                gobj_trace_dump
                0x000000000004fa70                print_error
                0x000000000004fce0                gobj_log_add_handler
                0x000000000004fee0                gobj_log_del_handler
                0x0000000000050050                glog_end
                0x0000000000050120                _log_bf
                0x0000000000050140                trace_vjson
                0x0000000000050180                trace_machine
                0x0000000000050370                trace_machine2
 *fill*         0x0000000000050514        0xc 
 .text          0x0000000000050520      0xc0d /yuneta/development/outputs/lib/libyunetas-gobj.a(log_udp_handler.c.o)
                0x00000000000507c0                udpc_start_up
                0x0000000000050850                udpc_end
                0x00000000000508c0                udpc_open
                0x0000000000050b00                udpc_close
                0x0000000000050b60                udpc_write
                0x0000000000051010                udpc_fwrite
 *fill*         0x000000000005112d        0x3 
 .text          0x0000000000051130     0xdf64 /yuneta/development/outputs/lib/libyunetas-gobj.a(helpers.c.o)
                0x0000000000053ba0                newdir
                0x0000000000053bf0                newfile
                0x0000000000053c50                open_exclusive
                0x0000000000053ca0                filesize
                0x0000000000053d00                filesize2
                0x0000000000053d60                lock_file
                0x0000000000053dc0                unlock_file
                0x0000000000053e20                is_regular_file
                0x0000000000053e90                is_directory
                0x0000000000053f00                file_size
                0x0000000000053f60                file_permission
                0x0000000000053fc0                mkrdir
                0x00000000000542c0                rmrdir
                0x0000000000054570                delete_right_char
                0x00000000000545c0                delete_left_char
                0x0000000000054630                build_path
                0x0000000000054900                file_exists
                0x00000000000549a0                subdir_exists
                0x0000000000054a40                file_remove
                0x0000000000054ae0                rmrcontentdir
                0x00000000000552c0                get_last_segment
                0x00000000000552f0                pop_last_segment
                0x0000000000055340                helper_quote2doublequote
                0x0000000000055380                helper_doublequote2quote
                0x00000000000553c0                all_numbers
                0x0000000000055420                nice_size
                0x0000000000055630                delete_right_blanks
                0x0000000000055680                delete_left_blanks
                0x0000000000055700                left_justify
                0x00000000000557d0                strntoupper
                0x0000000000055830                strntolower
                0x0000000000055890                translate_string
                0x00000000000559c0                change_char
                0x0000000000055a00                get_parameter
                0x0000000000055b00                get_key_value_parameter
                0x0000000000055cd0                split2
                0x0000000000055e30                split_free2
                0x0000000000055e90                split3
                0x0000000000055fb0                split_free3
                0x0000000000056010                str_concat
                0x0000000000056080                str_concat3
                0x0000000000056120                str_concat_free
                0x0000000000056140                idx_in_list
                0x00000000000561c0                str_in_list
                0x0000000000056220                load_json_from_file
                0x00000000000563c0                save_json_to_file
                0x0000000000056a00                create_json_record
                0x0000000000056ed0                json_desc_to_schema
                0x0000000000057040                bits2jn_strlist
                0x00000000000571c0                bits2gbuffer
                0x0000000000057280                strings2bits
                0x00000000000573f0                json_list_str_index
                0x0000000000057530                json_list_int
                0x00000000000575d0                json_list_int_index
                0x0000000000057690                json_list_find
                0x0000000000057740                json_list_update
                0x0000000000057850                json_is_range
                0x00000000000578f0                json_range_list
                0x00000000000579d0                json_listsrange2set
                0x0000000000057b10                json_dict_recursive_update
                0x0000000000057d60                jn2real
                0x0000000000057de0                jn2integer
                0x0000000000057e90                jn2string
                0x0000000000057fb0                jn2bool
                0x0000000000058040                cmp_two_simple_json
                0x00000000000582a0                json_is_identical
                0x00000000000582b0                anystring2json
                0x0000000000058440                string2json
                0x0000000000058570                set_real_precision
                0x0000000000058590                get_real_precision
                0x00000000000585a0                json2str
                0x00000000000585d0                json2uglystr
                0x0000000000058600                json_size
                0x0000000000058650                json_check_refcounts
                0x00000000000590c0                json_print_refcounts
                0x00000000000593b0                json_str_in_list
                0x0000000000059530                walk_dir_tree
                0x00000000000596b0                dir_array_free
                0x0000000000059740                find_files_with_suffix_array
                0x0000000000059bf0                dir_array_sort
                0x0000000000059c20                walk_dir_array
                0x0000000000059da0                get_ordered_filename_array
                0x0000000000059f40                tm_to_time_t
                0x0000000000059ff0                show_date_relative
                0x000000000005a260                date_mode_from_type
                0x000000000005a2a0                show_date
                0x000000000005a810                parse_date_basic
                0x000000000005b450                parse_expiry_date
                0x000000000005b540                parse_date
                0x000000000005b600                parse_date_format
                0x000000000005b9a0                datestamp
                0x000000000005ba90                approxidate_relative
                0x000000000005bb10                approxidate_careful
                0x000000000005bbb0                date_overflows
                0x000000000005bbd0                hex2bin
                0x000000000005bc70                bin2hex
                0x000000000005bcf0                tdump
                0x000000000005c220                tdump2json
                0x000000000005c540                print_json2
                0x000000000005c600                debug_json
                0x000000000005ca00                current_timestamp
                0x000000000005cad0                tm2timestamp
                0x000000000005caf0                t2timestamp
                0x000000000005cb50                start_sectimer
                0x000000000005cba0                test_sectimer
                0x000000000005cbf0                start_msectimer
                0x000000000005cc60                test_msectimer
                0x000000000005cce0                time_in_milliseconds_monotonic
                0x000000000005cd50                time_in_milliseconds
                0x000000000005cdb0                time_in_seconds
                0x000000000005cdf0                cpu_usage
                0x000000000005ce90                cpu_usage_percent
                0x000000000005d030                htonll
                0x000000000005d050                ntohll
                0x000000000005d070                list_open_files
                0x000000000005d260                formatdate
                0x000000000005d340                count_char
                0x000000000005d370                get_hostname
                0x000000000005d490                create_random_uuid
                0x000000000005d670                node_uuid
                0x000000000005d7a0                is_metadata_key
                0x000000000005d830                is_private_key
                0x000000000005d8c0                comm_prot_register
                0x000000000005d980                comm_prot_get_gclass
                0x000000000005da30                comm_prot_free
                0x000000000005daa0                launch_daemon
                0x000000000005de90                parse_url
                0x000000000005e1b0                get_url_schema
                0x000000000005e330                show_backtrace_with_backtrace
                0x000000000005e3b0                init_backtrace_with_backtrace
                0x000000000005e430                free_ram_in_kb
                0x000000000005e620                total_ram_in_kb
                0x000000000005e720                read_process_cmdline
                0x000000000005e860                copyfile
                0x000000000005e980                set_nonblocking
                0x000000000005ead0                set_cloexec
                0x000000000005ec70                load_persistent_json
                0x000000000005efc0                upper
                0x000000000005f000                lower
                0x000000000005f040                capitalize
 *fill*         0x000000000005f094        0xc 
 .text          0x000000000005f0a0     0xa16e /yuneta/development/outputs/lib/libyunetas-gobj.a(kwid.c.o)
                0x000000000005fa80                kw_add_binary_type
                0x000000000005fb30                kw_serialize
                0x000000000005fc60                kw_serialize_to_string
                0x000000000005fed0                kw_deserialize
                0x000000000005ff80                kw_incref
                0x0000000000060140                kw_decref
                0x0000000000060300                kw_has_key
                0x0000000000060340                kw_set_path_delimiter
                0x0000000000060360                kw_find_path
                0x0000000000060bd0                kw_match_simple
                0x0000000000060c50                kw_set_dict_value
                0x0000000000061300                kw_set_subdict_value
                0x0000000000061520                kw_delete
                0x0000000000061650                kw_delete_subkey
                0x0000000000061790                kw_find_str_in_list
                0x0000000000061810                kwid_find_record_in_list
                0x0000000000061ab0                kw_find_json_in_list
                0x0000000000061c10                kw_select
                0x0000000000061f80                kw_collect
                0x00000000000621a0                kw_get_dict
                0x0000000000062700                kw_get_list
                0x0000000000062c50                kw_get_list_value
                0x0000000000062e50                kw_get_int
                0x0000000000063400                kw_get_real
                0x00000000000639a0                kw_get_bool
                0x0000000000063fc0                kw_get_str
                0x0000000000064520                kw_get_dict_value
                0x00000000000649e0                kw_get_subdict_value
                0x0000000000064fb0                kw_update_except
                0x0000000000065060                kw_duplicate
                0x00000000000650f0                kw_clone_by_path
                0x00000000000654b0                kw_clone_by_keys
                0x0000000000065be0                kw_clone_by_not_keys
                0x00000000000663b0                kw_pop
                0x00000000000664c0                kw_delete_private_keys
                0x0000000000066570                kw_delete_metadata_keys
                0x0000000000066620                kwid_compare_records
                0x0000000000066ee0                kwid_compare_lists
                0x00000000000677e0                kw_walk
                0x0000000000067850                kw_collapse
                0x0000000000067910                kwid_get
                0x0000000000067a30                kwid_new_list
                0x0000000000067ca0                kwid_new_dict
                0x0000000000068030                kw_filter_private
                0x0000000000068130                kw_filter_metadata
                0x0000000000068230                kw_size
                0x0000000000068260                kwjr_get
                0x0000000000068900                kwid_get_ids
                0x0000000000068ab0                kw_has_word
                0x0000000000068d00                kwid_match_id
                0x0000000000068f80                kwid_match_nid
 *fill*         0x000000000006920e        0x2 
 .text          0x0000000000069210     0x1d45 /yuneta/development/outputs/lib/libyunetas-gobj.a(command_parser.c.o)
                0x0000000000069750                command_parser
                0x000000000006a780                gobj_build_cmds_doc
                0x000000000006ae80                build_command_response
 *fill*         0x000000000006af55        0xb 
 .text          0x000000000006af60      0x895 /yuneta/development/outputs/lib/libyunetas-gobj.a(stats_parser.c.o)
                0x000000000006b4c0                build_stats
                0x000000000006b670                stats_parser
                0x000000000006b720                build_stats_response
 *fill*         0x000000000006b7f5        0xb 
 .text          0x000000000006b800      0xbcd /yuneta/development/outputs/lib/libyunetas-gobj.a(json_config.c.o)
                0x000000000006c140                json_config
 *fill*         0x000000000006c3cd        0x3 
 .text          0x000000000006c3d0      0x997 /yuneta/development/outputs/lib/libyunetas-gobj.a(json_replace_vars.c.o)
                0x000000000006c800                json_replace_var_custom
                0x000000000006cd50                json_replace_var
 *fill*         0x000000000006cd67        0x9 
 .text          0x000000000006cd70      0xe99 /yuneta/development/outputs/lib/libyunetas-gobj.a(rotatory.c.o)
                0x000000000006cd70                rotatory_end
                0x000000000006ce10                rotatory_start_up
                0x000000000006ce80                rotatory_open
                0x000000000006d280                rotatory_close
                0x000000000006d320                rotatory_subscribe2newfile
                0x000000000006d340                rotatory_trunk
                0x000000000006d450                rotatory_flush
                0x000000000006da00                rotatory_write
                0x000000000006daf0                rotatory_fwrite
                0x000000000006dc00                rotatory_path
 .text          0x000000000006dc09        0x0 /yuneta/development/outputs/lib/libyunetas-gobj.a(g_ev_kernel.c.o)
 *fill*         0x000000000006dc09        0x7 
 .text          0x000000000006dc10     0x42ab /yuneta/development/outputs/lib/libyunetas-gobj.a(00_http_parser.c.o)
                0x000000000006dfb0                http_message_needs_eof
                0x000000000006e020                http_should_keep_alive
                0x000000000006e0b0                http_parser_execute
                0x00000000000712b0                http_method_str
                0x00000000000712d0                http_status_str
                0x00000000000714d0                http_parser_init
                0x0000000000071520                http_parser_settings_init
                0x0000000000071540                http_errno_name
                0x0000000000071560                http_errno_description
                0x0000000000071580                http_parser_url_init
                0x0000000000071590                http_parser_parse_url
                0x0000000000071e50                http_parser_pause
                0x0000000000071e80                http_body_is_final
                0x0000000000071ea0                http_parser_version
                0x0000000000071eb0                http_parser_set_max_header_size
 *fill*         0x0000000000071ebb        0x5 
 .text          0x0000000000071ec0      0x857 /yuneta/development/outputs/lib/libyunetas-gobj.a(dl_list.c.o)
                0x0000000000071ec0                dl_init
                0x0000000000071f00                dl_insert
                0x0000000000071fc0                dl_add
                0x0000000000072080                dl_find
                0x00000000000720b0                dl_nfind
                0x0000000000072100                dl_delete
                0x00000000000722c0                dl_delete_item
                0x0000000000072410                dl_flush
 *fill*         0x0000000000072717        0x9 
 .text          0x0000000000072720      0xd45 /yuneta/development/outputs_ext/lib/liburing.a(setup.ol)
                0x0000000000072720                io_uring_unmap_rings
                0x0000000000072760                io_uring_setup_ring_pointers
                0x0000000000072850                io_uring_mmap
                0x0000000000072ac0                __io_uring_queue_init_params
                0x0000000000073090                io_uring_queue_init_mem
                0x0000000000073120                io_uring_queue_init_params
                0x00000000000731a0                io_uring_memory_size_params
                0x0000000000073290                io_uring_memory_size
                0x0000000000073340                io_uring_setup_buf_ring
                0x0000000000073430                io_uring_free_buf_ring
 *fill*         0x0000000000073465        0xb 
 .text          0x0000000000073470     0x10f5 /yuneta/development/outputs_ext/lib/liburing.a(queue.ol)
                0x00000000000738e0                __io_uring_get_cqe
                0x0000000000073920                io_uring_get_events
                0x0000000000073960                io_uring_peek_batch_cqe
                0x0000000000073ce0                io_uring_wait_cqes
                0x0000000000073dc0                io_uring_wait_cqes_min_timeout
                0x0000000000073e40                io_uring_submit_and_wait_reg
                0x0000000000073ec0                io_uring_submit_and_wait_min_timeout
                0x0000000000074010                io_uring_submit_and_wait_timeout
                0x0000000000074140                io_uring_wait_cqe_timeout
                0x0000000000074220                io_uring_submit
                0x0000000000074310                io_uring_submit_and_wait
                0x0000000000074420                io_uring_submit_and_get_events
                0x00000000000744b0                io_uring_get_sqe
                0x0000000000074530                __io_uring_sqring_wait
 *fill*         0x0000000000074565        0xb 
 .text          0x0000000000074570     0x1016 /yuneta/development/outputs_ext/lib/liburing.a(register.ol)
                0x0000000000074570                io_uring_register_buffers_update_tag
                0x00000000000745d0                io_uring_register_buffers_tags
                0x0000000000074630                io_uring_register_buffers_sparse
                0x0000000000074690                io_uring_register_buffers
                0x00000000000746d0                io_uring_unregister_buffers
                0x0000000000074710                io_uring_register_files_update_tag
                0x0000000000074770                io_uring_register_files_update
                0x00000000000747c0                io_uring_register_files_sparse
                0x0000000000074890                io_uring_register_files_tags
                0x0000000000074960                io_uring_register_files
                0x0000000000074a10                io_uring_unregister_files
                0x0000000000074a50                io_uring_register_eventfd
                0x0000000000074a90                io_uring_unregister_eventfd
                0x0000000000074ad0                io_uring_register_eventfd_async
                0x0000000000074b10                io_uring_register_probe
                0x0000000000074b50                io_uring_register_personality
                0x0000000000074b90                io_uring_unregister_personality
                0x0000000000074bd0                io_uring_register_restrictions
                0x0000000000074c10                io_uring_enable_rings
                0x0000000000074c50                io_uring_register_iowq_aff
                0x0000000000074ca0                io_uring_unregister_iowq_aff
                0x0000000000074ce0                io_uring_register_iowq_max_workers
                0x0000000000074d20                io_uring_register_ring_fd
                0x0000000000074dc0                io_uring_unregister_ring_fd
                0x0000000000074e50                io_uring_close_ring_fd
                0x0000000000074eb0                io_uring_register_buf_ring
                0x0000000000074ef0                io_uring_unregister_buf_ring
                0x0000000000074f50                io_uring_buf_ring_head
                0x0000000000074fc0                io_uring_register_sync_cancel
                0x0000000000075000                io_uring_register_file_alloc_range
                0x0000000000075050                io_uring_register_napi
                0x0000000000075090                io_uring_unregister_napi
                0x00000000000750d0                io_uring_register_clock
                0x0000000000075110                __io_uring_clone_buffers_offset
                0x00000000000751c0                io_uring_clone_buffers_offset
                0x0000000000075270                io_uring_clone_buffers
                0x0000000000075300                __io_uring_clone_buffers
                0x00000000000753a0                io_uring_register_ifq
                0x00000000000753e0                io_uring_resize_rings
                0x0000000000075500                io_uring_register_wait_reg
                0x0000000000075510                io_uring_register_region
                0x0000000000075550                io_uring_set_iowait
 *fill*         0x0000000000075586        0xa 
 .text          0x0000000000075590       0x8c /yuneta/development/outputs_ext/lib/liburing.a(nolibc.ol)
                0x0000000000075590                __uring_memset
                0x00000000000755c0                __uring_malloc
                0x0000000000075600                __uring_free
 *fill*         0x000000000007561c        0x4 
 .text          0x0000000000075620     0x1385 /yuneta/development/outputs_ext/lib/libjansson.a(dump.c.o)
                0x0000000000076760                json_dump_callback
                0x0000000000076800                json_dumps
                0x00000000000768a0                json_dumpb
                0x0000000000076900                json_dumpf
                0x0000000000076920                json_dump_file
                0x0000000000076980                json_dumpfd
 *fill*         0x00000000000769a5        0xb 
 .text          0x00000000000769b0      0xcb1 /yuneta/development/outputs_ext/lib/libjansson.a(hashtable.c.o)
                0x0000000000076db0                hashtable_init
                0x0000000000076e40                hashtable_close
                0x0000000000076ec0                hashtable_set
                0x00000000000771a0                hashtable_get
                0x0000000000077260                hashtable_del
                0x00000000000773f0                hashtable_clear
                0x00000000000774f0                hashtable_iter_at
                0x00000000000775b0                hashtable_iter_next
                0x00000000000775d0                hashtable_iter
                0x00000000000775e0                hashtable_iter_key
                0x00000000000775f0                hashtable_iter_key_len
                0x0000000000077600                hashtable_iter_value
                0x0000000000077610                hashtable_iter_set
 *fill*         0x0000000000077661        0xf 
 .text          0x0000000000077670      0x120 /yuneta/development/outputs_ext/lib/libjansson.a(hashtable_seed.c.o)
                0x0000000000077670                json_object_seed
 .text          0x0000000000077790     0x2121 /yuneta/development/outputs_ext/lib/libjansson.a(load.c.o)
                0x0000000000079130                json_loads
                0x0000000000079280                json_loadb
                0x00000000000793f0                json_loadf
                0x0000000000079540                json_loadfd
                0x00000000000796a0                json_load_file
                0x0000000000079760                json_load_callback
 *fill*         0x00000000000798b1        0xf 
 .text          0x00000000000798c0       0xe3 /yuneta/development/outputs_ext/lib/libjansson.a(memory.c.o)
                0x00000000000798c0                jsonp_malloc
                0x00000000000798e0                jsonp_free
                0x0000000000079900                jsonp_strndup
                0x0000000000079940                jsonp_strdup
                0x0000000000079960                json_set_alloc_funcs
                0x0000000000079980                json_get_alloc_funcs
 *fill*         0x00000000000799a3        0xd 
 .text          0x00000000000799b0     0x23ec /yuneta/development/outputs_ext/lib/libjansson.a(pack_unpack.c.o)
                0x000000000007b740                json_vpack_ex
                0x000000000007b8f0                json_pack_ex
                0x000000000007b9a0                json_pack
                0x000000000007ba70                json_vunpack_ex
                0x000000000007bc30                json_unpack_ex
                0x000000000007bce0                json_unpack
 *fill*         0x000000000007bd9c        0x4 
 .text          0x000000000007bda0      0x1d3 /yuneta/development/outputs_ext/lib/libjansson.a(strbuffer.c.o)
                0x000000000007bda0                strbuffer_init
                0x000000000007bde0                strbuffer_close
                0x000000000007be10                strbuffer_clear
                0x000000000007be30                strbuffer_value
                0x000000000007be40                strbuffer_steal_value
                0x000000000007be50                strbuffer_append_bytes
                0x000000000007bf20                strbuffer_append_byte
                0x000000000007bf50                strbuffer_pop
 *fill*         0x000000000007bf73        0xd 
 .text          0x000000000007bf80      0x40f /yuneta/development/outputs_ext/lib/libjansson.a(strconv.c.o)
                0x000000000007bf80                jsonp_strtod
                0x000000000007c080                jsonp_dtostr
 *fill*         0x000000000007c38f        0x1 
 .text          0x000000000007c390      0x341 /yuneta/development/outputs_ext/lib/libjansson.a(utf.c.o)
                0x000000000007c390                utf8_encode
                0x000000000007c480                utf8_check_first
                0x000000000007c4d0                utf8_check_full
                0x000000000007c590                utf8_iterate
                0x000000000007c640                utf8_check_string
 *fill*         0x000000000007c6d1        0xf 
 .text          0x000000000007c6e0     0x1fb7 /yuneta/development/outputs_ext/lib/libjansson.a(value.c.o)
                0x000000000007c6e0                json_object
                0x000000000007c750                json_object_size
                0x000000000007c780                json_object_getn
                0x000000000007c7b0                json_object_get
                0x000000000007c7f0                json_object_deln
                0x000000000007c820                json_object_del
                0x000000000007c860                json_object_clear
                0x000000000007c890                json_object_iter
                0x000000000007c8c0                json_object_iter_at
                0x000000000007c920                json_object_iter_next
                0x000000000007c950                json_object_iter_key
                0x000000000007c970                json_object_iter_key_len
                0x000000000007c990                json_object_iter_value
                0x000000000007c9b0                json_object_key_to_iter
                0x000000000007c9d0                json_array
                0x000000000007ca40                json_array_size
                0x000000000007ca60                json_array_get
                0x000000000007ca90                json_array_extend
                0x000000000007cbd0                json_string_nocheck
                0x000000000007cc50                json_stringn_nocheck
                0x000000000007ccc0                jsonp_stringn_nocheck_own
                0x000000000007cd20                json_stringn
                0x000000000007cd70                json_string
                0x000000000007cda0                json_string_value
                0x000000000007cdc0                json_string_length
                0x000000000007cde0                json_string_setn_nocheck
                0x000000000007ce40                json_string_set_nocheck
                0x000000000007ce80                json_string_setn
                0x000000000007ced0                json_string_set
                0x000000000007cf10                json_vsprintf
                0x000000000007d010                json_sprintf
                0x000000000007d0d0                json_integer
                0x000000000007d100                json_integer_value
                0x000000000007d120                json_integer_set
                0x000000000007d140                json_real
                0x000000000007d1c0                json_real_value
                0x000000000007d1e0                json_real_set
                0x000000000007d220                json_number_value
                0x000000000007d270                json_true
                0x000000000007d280                json_false
                0x000000000007d290                json_null
                0x000000000007d2a0                jsonp_loop_check
                0x000000000007d330                json_delete
                0x000000000007d430                json_array_clear
                0x000000000007d4b0                json_array_remove
                0x000000000007d580                json_object_iter_set_new
                0x000000000007d5f0                json_object_setn_new_nocheck
                0x000000000007d660                json_object_update_missing
                0x000000000007d760                json_object_set_new_nocheck
                0x000000000007d7c0                json_object_setn_new
                0x000000000007d850                json_object_set_new
                0x000000000007d8b0                json_object_update
                0x000000000007d990                json_object_update_existing
                0x000000000007da80                do_object_update_recursive
                0x000000000007dc20                json_object_update_recursive
                0x000000000007dca0                json_array_set_new
                0x000000000007dd50                json_array_insert_new
                0x000000000007dec0                json_array_append_new
                0x000000000007dfc0                json_equal
                0x000000000007e1b0                json_copy
                0x000000000007e360                do_deep_copy
                0x000000000007e630                json_deep_copy
 *fill*         0x000000000007e697        0x9 
 .text          0x000000000007e6a0     0x76f2 /yuneta/development/outputs_ext/lib/libjansson.a(dtoa.c.o)
                0x000000000007fa50                gethex
                0x0000000000080910                strtod__unused
                0x0000000000083a20                freedtoa
                0x0000000000083a90                dtoa_r
                0x0000000000085d30                dtoa
 *fill*         0x0000000000085d92        0xe 
 .text          0x0000000000085da0      0x1da /yuneta/development/outputs_ext/lib/libjansson.a(error.c.o)
                0x0000000000085da0                jsonp_error_set_source
                0x0000000000085e30                jsonp_error_init
                0x0000000000085e60                jsonp_error_vset
                0x0000000000085ed0                jsonp_error_set
 *fill*         0x0000000000085f7a        0x6 
 .text          0x0000000000085f80    0x10d62 /yuneta/development/outputs_ext/lib/libpcre2-8.a(pcre2_compile.c.o)
                0x000000000008e760                pcre2_code_copy_8
                0x000000000008e7d0                pcre2_code_copy_with_tables_8
                0x000000000008e8a0                pcre2_code_free_8
                0x000000000008e910                _pcre2_check_escape_8
                0x0000000000095670                pcre2_compile_8
 *fill*         0x0000000000096ce2        0xe 
 .text          0x0000000000096cf0     0x4acd /yuneta/development/outputs_ext/lib/libpcre2-8.a(pcre2_compile_class.c.o)
                0x00000000000977a0                _pcre2_update_classbits_8
                0x0000000000097f30                _pcre2_compile_class_not_nested_8
                0x000000000009b490                _pcre2_compile_class_nested_8
 *fill*         0x000000000009b7bd        0x3 
 .text          0x000000000009b7c0      0x6f6 /yuneta/development/outputs_ext/lib/libpcre2-8.a(pcre2_context.c.o)
                0x000000000009b7e0                _pcre2_memctl_malloc_8
                0x000000000009b850                pcre2_general_context_create_8
                0x000000000009b8a0                pcre2_compile_context_create_8
                0x000000000009b980                pcre2_match_context_create_8
                0x000000000009ba80                pcre2_convert_context_create_8
                0x000000000009bb00                pcre2_general_context_copy_8
                0x000000000009bb30                pcre2_compile_context_copy_8
                0x000000000009bb80                pcre2_match_context_copy_8
                0x000000000009bbe0                pcre2_convert_context_copy_8
                0x000000000009bc10                pcre2_general_context_free_8
                0x000000000009bc30                pcre2_compile_context_free_8
                0x000000000009bc50                pcre2_match_context_free_8
                0x000000000009bc70                pcre2_convert_context_free_8
                0x000000000009bc90                pcre2_set_character_tables_8
                0x000000000009bca0                pcre2_set_bsr_8
                0x000000000009bcc0                pcre2_set_max_pattern_length_8
                0x000000000009bcd0                pcre2_set_max_pattern_compiled_length_8
                0x000000000009bce0                pcre2_set_newline_8
                0x000000000009bd00                pcre2_set_max_varlookbehind_8
                0x000000000009bd10                pcre2_set_parens_nest_limit_8
                0x000000000009bd20                pcre2_set_compile_extra_options_8
                0x000000000009bd30                pcre2_set_compile_recursion_guard_8
                0x000000000009bd40                pcre2_set_optimize_8
                0x000000000009bdb0                pcre2_set_callout_8
                0x000000000009bdc0                pcre2_set_substitute_callout_8
                0x000000000009bdd0                pcre2_set_substitute_case_callout_8
                0x000000000009bde0                pcre2_set_heap_limit_8
                0x000000000009bdf0                pcre2_set_match_limit_8
                0x000000000009be00                pcre2_set_depth_limit_8
                0x000000000009be10                pcre2_set_offset_limit_8
                0x000000000009be20                pcre2_set_recursion_limit_8
                0x000000000009be30                pcre2_set_recursion_memory_management_8
                0x000000000009be40                pcre2_set_glob_separator_8
                0x000000000009be60                pcre2_set_glob_escape_8
 *fill*         0x000000000009beb6        0xa 
 .text          0x000000000009bec0      0x288 /yuneta/development/outputs_ext/lib/libpcre2-8.a(pcre2_find_bracket.c.o)
                0x000000000009bec0                _pcre2_find_bracket_8
 *fill*         0x000000000009c148        0x8 
 .text          0x000000000009c150    0x3e9d1 /yuneta/development/outputs_ext/lib/libpcre2-8.a(pcre2_jit_compile.c.o)
                0x00000000000da3f0                pcre2_jit_compile_8
                0x00000000000da5d0                pcre2_jit_match_8
                0x00000000000da7e0                _pcre2_jit_free_rodata_8
                0x00000000000da820                _pcre2_jit_free_8
                0x00000000000da890                pcre2_jit_free_unused_memory_8
                0x00000000000da920                pcre2_jit_stack_create_8
                0x00000000000daa90                pcre2_jit_stack_assign_8
                0x00000000000daab0                pcre2_jit_stack_free_8
                0x00000000000dab00                _pcre2_jit_get_target_8
                0x00000000000dab10                _pcre2_jit_get_size_8
 *fill*         0x00000000000dab21        0xf 
 .text          0x00000000000dab30    0x15ba2 /yuneta/development/outputs_ext/lib/libpcre2-8.a(pcre2_match.c.o)
                0x00000000000eeb40                pcre2_match_8
 *fill*         0x00000000000f06d2        0xe 
 .text          0x00000000000f06e0      0x129 /yuneta/development/outputs_ext/lib/libpcre2-8.a(pcre2_match_data.c.o)
                0x00000000000f06e0                pcre2_match_data_create_8
                0x00000000000f0730                pcre2_match_data_create_from_pattern_8
                0x00000000000f0750                pcre2_match_data_free_8
                0x00000000000f07a0                pcre2_get_mark_8
                0x00000000000f07b0                pcre2_get_ovector_pointer_8
                0x00000000000f07c0                pcre2_get_ovector_count_8
                0x00000000000f07d0                pcre2_get_startchar_8
                0x00000000000f07e0                pcre2_get_match_data_size_8
                0x00000000000f0800                pcre2_get_match_data_heapframes_size_8
 *fill*         0x00000000000f0809        0x7 
 .text          0x00000000000f0810      0x505 /yuneta/development/outputs_ext/lib/libpcre2-8.a(pcre2_newline.c.o)
                0x00000000000f0810                _pcre2_is_newline_8
                0x00000000000f0a90                _pcre2_was_newline_8
 *fill*         0x00000000000f0d15        0xb 
 .text          0x00000000000f0d20       0x95 /yuneta/development/outputs_ext/lib/libpcre2-8.a(pcre2_ord2utf.c.o)
                0x00000000000f0d20                _pcre2_ord2utf_8
 *fill*         0x00000000000f0db5        0xb 
 .text          0x00000000000f0dc0      0x725 /yuneta/development/outputs_ext/lib/libpcre2-8.a(pcre2_script_run.c.o)
                0x00000000000f0dc0                _pcre2_script_run_8
 *fill*         0x00000000000f14e5        0xb 
 .text          0x00000000000f14f0      0x169 /yuneta/development/outputs_ext/lib/libpcre2-8.a(pcre2_string_utils.c.o)
                0x00000000000f14f0                _pcre2_strcmp_8
                0x00000000000f1530                _pcre2_strcmp_c8_8
                0x00000000000f1570                _pcre2_strncmp_8
                0x00000000000f15b0                _pcre2_strncmp_c8_8
                0x00000000000f15f0                _pcre2_strlen_8
                0x00000000000f1620                _pcre2_strcpy_c8_8
 *fill*         0x00000000000f1659        0x7 
 .text          0x00000000000f1660     0x256d /yuneta/development/outputs_ext/lib/libpcre2-8.a(pcre2_study.c.o)
                0x00000000000f3790                _pcre2_study_8
 .text          0x00000000000f3bcd        0x0 /yuneta/development/outputs_ext/lib/libpcre2-8.a(pcre2_tables.c.o)
 .text          0x00000000000f3bcd        0x0 /yuneta/development/outputs_ext/lib/libpcre2-8.a(pcre2_ucd.c.o)
 *fill*         0x00000000000f3bcd        0x3 
 .text          0x00000000000f3bd0      0x3c9 /yuneta/development/outputs_ext/lib/libpcre2-8.a(pcre2_valid_utf.c.o)
                0x00000000000f3bd0                _pcre2_valid_utf_8
 *fill*         0x00000000000f3f99        0x7 
 .text          0x00000000000f3fa0      0xe7c /yuneta/development/outputs_ext/lib/libpcre2-8.a(pcre2_xclass.c.o)
                0x00000000000f3fa0                _pcre2_xclass_8
                0x00000000000f4cf0                _pcre2_eclass_8
 *fill*         0x00000000000f4e1c        0x4 
 .text          0x00000000000f4e20     0x2022 /yuneta/development/outputs_ext/lib/libpcre2-8.a(pcre2_auto_possess.c.o)
                0x00000000000f6490                _pcre2_auto_possessify_8
 .text          0x00000000000f6e42        0x0 /yuneta/development/outputs_ext/lib/libpcre2-8.a(pcre2_chartables.c.o)
 *fill*         0x00000000000f6e42        0xe 
 .text          0x00000000000f6e50       0x1f /yuneta/development/outputs_ext/lib/libpcre2-8.a(pcre2_chkdint.c.o)
                0x00000000000f6e50                _pcre2_ckd_smul
 *fill*         0x00000000000f6e6f        0x1 
 .text          0x00000000000f6e70      0x4c3 /yuneta/development/outputs_ext/lib/libpcre2-8.a(pcre2_extuni.c.o)
                0x00000000000f6e70                _pcre2_extuni_8
 *fill*         0x00000000000f7333        0xd 
 .text          0x00000000000f7340       0x94 /yuneta/development/outputs_ext/lib/libbacktrace.a(state.o)
                0x00000000000f7340                backtrace_create_state
 *fill*         0x00000000000f73d4        0xc 
 .text          0x00000000000f73e0      0x151 /yuneta/development/outputs_ext/lib/libbacktrace.a(backtrace.o)
                0x00000000000f7490                backtrace_full
 *fill*         0x00000000000f7531        0xf 
 .text          0x00000000000f7540      0x5cc /yuneta/development/outputs_ext/lib/libbacktrace.a(mmap.o)
                0x00000000000f7540                backtrace_free
                0x00000000000f7680                backtrace_alloc
                0x00000000000f7850                backtrace_vector_grow
                0x00000000000f7970                backtrace_vector_finish
                0x00000000000f7990                backtrace_vector_release
 *fill*         0x00000000000f7b0c        0x4 
 .text          0x00000000000f7b10      0x301 /yuneta/development/outputs_ext/lib/libbacktrace.a(fileline.o)
                0x00000000000f7d20                backtrace_pcinfo
                0x00000000000f7d80                backtrace_syminfo
                0x00000000000f7de0                backtrace_syminfo_to_full_callback
                0x00000000000f7e00                backtrace_syminfo_to_full_error_callback
 *fill*         0x00000000000f7e11        0xf 
 .text          0x00000000000f7e20       0xfc /yuneta/development/outputs_ext/lib/libbacktrace.a(posix.o)
                0x00000000000f7e20                backtrace_open
                0x00000000000f7ed0                backtrace_close
 *fill*         0x00000000000f7f1c        0x4 
 .text          0x00000000000f7f20     0xa6cd /yuneta/development/outputs_ext/lib/libbacktrace.a(elf.o)
                0x00000000001021f0                backtrace_uncompress_zdebug
                0x0000000000102380                backtrace_uncompress_zstd
                0x0000000000102410                backtrace_uncompress_lzma
                0x0000000000102420                backtrace_initialize
 *fill*         0x00000000001025ed        0x3 
 .text          0x00000000001025f0      0x10c /yuneta/development/outputs_ext/lib/libbacktrace.a(mmapio.o)
                0x00000000001025f0                backtrace_get_view
                0x00000000001026b0                backtrace_release_view
 *fill*         0x00000000001026fc        0x4 
 .text          0x0000000000102700     0x885e /yuneta/development/outputs_ext/lib/libbacktrace.a(dwarf.o)
                0x0000000000109640                backtrace_dwarf_add
 *fill*         0x000000000010af5e        0x2 
 .text          0x000000000010af60      0x6a4 /yuneta/development/outputs_ext/lib/libbacktrace.a(sort.o)
                0x000000000010af60                backtrace_qsort
 *fill*         0x000000000010b604        0xc 
 .text          0x000000000010b610     0x3bc0 /usr/lib/gcc/x86_64-linux-gnu/13/libgcc_eh.a(unwind-dw2.o)
                0x000000000010e560                _Unwind_GetGR
                0x000000000010e5a0                _Unwind_GetCFA
                0x000000000010e5b0                _Unwind_SetGR
                0x000000000010e600                _Unwind_GetIP
                0x000000000010e610                _Unwind_GetIPInfo
                0x000000000010e630                _Unwind_SetIP
                0x000000000010e640                _Unwind_GetLanguageSpecificData
                0x000000000010e650                _Unwind_GetRegionStart
                0x000000000010e660                _Unwind_FindEnclosingFunction
                0x000000000010e690                _Unwind_GetDataRelBase
                0x000000000010e6a0                _Unwind_GetTextRelBase
                0x000000000010e6b0                __frame_state_for
                0x000000000010e7a0                _Unwind_RaiseException
                0x000000000010eb40                _Unwind_ForcedUnwind
                0x000000000010ed50                _Unwind_Resume
                0x000000000010ef60                _Unwind_Resume_or_Rethrow